Archive member included to satisfy reference by file (symbol)

lib/libql_app_peripheral.a(gpio_demo.c.obj)
                              components/ql-application/init/CMakeFiles/APPIMAGE_APP.dir/ql_init.c.obj (ql_gpio_app_init)
lib/libql_app_peripheral.a(ql_pin_cfg.c.obj)
                              components/ql-application/init/CMakeFiles/APPIMAGE_APP.dir/ql_init.c.obj (ql_pin_cfg_map)
lib/libql_app_ble_gatt.a(ble_gatt_demo.c.obj)
                              components/ql-application/init/CMakeFiles/APPIMAGE_APP.dir/ql_init.c.obj (ql_ble_gatt_server_demo_init)
..\..\components\newlib\armca5\libc.a(lib_a-memcmp.o)
                              lib/libql_app_ble_gatt.a(ble_gatt_demo.c.obj) (memcmp)
..\..\components\newlib\armca5\libc.a(lib_a-memcpy-stub.o)
                              lib/libql_app_ble_gatt.a(ble_gatt_demo.c.obj) (memcpy)
..\..\components\newlib\armca5\libc.a(lib_a-memset.o)
                              lib/libql_app_ble_gatt.a(ble_gatt_demo.c.obj) (memset)
..\..\components\newlib\armca5\libc.a(lib_a-sprintf.o)
                              lib/libql_app_ble_gatt.a(ble_gatt_demo.c.obj) (sprintf)
..\..\components\newlib\armca5\libc.a(lib_a-strlen.o)
                              lib/libql_app_ble_gatt.a(ble_gatt_demo.c.obj) (strlen)
..\..\components\newlib\armca5\libc.a(lib_a-svfprintf.o)
                              ..\..\components\newlib\armca5\libc.a(lib_a-sprintf.o) (_svfprintf_r)
..\..\components\newlib\armca5\libc.a(lib_a-dtoa.o)
                              ..\..\components\newlib\armca5\libc.a(lib_a-svfprintf.o) (_dtoa_r)
..\..\components\newlib\armca5\libc.a(lib_a-localeconv.o)
                              ..\..\components\newlib\armca5\libc.a(lib_a-svfprintf.o) (_localeconv_r)
..\..\components\newlib\armca5\libc.a(lib_a-locale.o)
                              ..\..\components\newlib\armca5\libc.a(lib_a-localeconv.o) (__global_locale)
..\..\components\newlib\armca5\libc.a(lib_a-mbtowc_r.o)
                              ..\..\components\newlib\armca5\libc.a(lib_a-locale.o) (__ascii_mbtowc)
..\..\components\newlib\armca5\libc.a(lib_a-memchr.o)
                              ..\..\components\newlib\armca5\libc.a(lib_a-svfprintf.o) (memchr)
..\..\components\newlib\armca5\libc.a(lib_a-mprec.o)
                              ..\..\components\newlib\armca5\libc.a(lib_a-dtoa.o) (_Balloc)
..\..\components\newlib\armca5\libc.a(lib_a-s_frexp.o)
                              ..\..\components\newlib\armca5\libc.a(lib_a-svfprintf.o) (frexp)
..\..\components\newlib\armca5\libc.a(lib_a-strcmp.o)
                              ..\..\components\newlib\armca5\libc.a(lib_a-locale.o) (strcmp)
..\..\components\newlib\armca5\libc.a(lib_a-strncpy.o)
                              ..\..\components\newlib\armca5\libc.a(lib_a-svfprintf.o) (strncpy)
..\..\components\newlib\armca5\libc.a(lib_a-svfiprintf.o)
                              ..\..\components\newlib\armca5\libc.a(lib_a-svfprintf.o) (__ssprint_r)
..\..\components\newlib\armca5\libc.a(lib_a-wctomb_r.o)
                              ..\..\components\newlib\armca5\libc.a(lib_a-locale.o) (__ascii_wctomb)
..\..\components\newlib\armca5\libc.a(lib_a-ctype_.o)
                              ..\..\components\newlib\armca5\libc.a(lib_a-locale.o) (_ctype_)
..\..\components\newlib\armca5\libc.a(lib_a-memmove.o)
                              ..\..\components\newlib\armca5\libc.a(lib_a-svfiprintf.o) (memmove)
..\..\prebuilts\win32\gcc-arm-none-eabi\lib\gcc\arm-none-eabi\7.2.1\thumb\v7-ar\fpv3\hard\libgcc.a(_udivsi3.o)
                              ..\..\components\newlib\armca5\libc.a(lib_a-dtoa.o) (__aeabi_uidiv)
..\..\prebuilts\win32\gcc-arm-none-eabi\lib\gcc\arm-none-eabi\7.2.1\thumb\v7-ar\fpv3\hard\libgcc.a(_divsi3.o)
                              lib/libql_app_ble_gatt.a(ble_gatt_demo.c.obj) (__aeabi_idiv)
..\..\prebuilts\win32\gcc-arm-none-eabi\lib\gcc\arm-none-eabi\7.2.1\thumb\v7-ar\fpv3\hard\libgcc.a(_dvmd_tls.o)
                              ..\..\prebuilts\win32\gcc-arm-none-eabi\lib\gcc\arm-none-eabi\7.2.1\thumb\v7-ar\fpv3\hard\libgcc.a(_udivsi3.o) (__aeabi_idiv0)
..\..\prebuilts\win32\gcc-arm-none-eabi\lib\gcc\arm-none-eabi\7.2.1\thumb\v7-ar\fpv3\hard\libgcc.a(_aeabi_uldivmod.o)
                              ..\..\components\newlib\armca5\libc.a(lib_a-svfprintf.o) (__aeabi_uldivmod)
..\..\prebuilts\win32\gcc-arm-none-eabi\lib\gcc\arm-none-eabi\7.2.1\thumb\v7-ar\fpv3\hard\libgcc.a(_udivmoddi4.o)
                              ..\..\prebuilts\win32\gcc-arm-none-eabi\lib\gcc\arm-none-eabi\7.2.1\thumb\v7-ar\fpv3\hard\libgcc.a(_aeabi_uldivmod.o) (__udivmoddi4)
lib/libql_app_bt.a(bt_demo.c.obj)
                              lib/libql_app_ble_gatt.a(ble_gatt_demo.c.obj) (ql_bt_demo_get_state)

Allocating common symbols
Common symbol       size              file

ble_adv_scan_rsp_data
                    0x20              lib/libql_app_ble_gatt.a(ble_gatt_demo.c.obj)
ble_scan_report_addr
[...]
Memory Configuration

Name             Origin             Length             Attributes
flash            0x60250000         0x000d0000         xr
ram              0x80fa0000         0x00020000         xrw
*default*        0x00000000         0xffffffff

Linker script and memory map

LOAD lib/core_stub.o
LOAD components/ql-application/init/CMakeFiles/APPIMAGE_APP.dir/ql_init.c.obj
LOAD ../../components/newlib/armca5/libc.a
LOAD ../../components/newlib/armca5/libm.a
LOAD ../../prebuilts/win32/gcc-arm-none-eabi/bin/../lib/gcc/arm-none-eabi/7.2.1/thumb/v7-ar/fpv3/hard/libgcc.a
LOAD lib/libql_app_nw.a
LOAD lib/libql_app_peripheral.a
LOAD lib/libql_app_osi.a
LOAD lib/libql_app_dev.a
LOAD lib/libql_app_sim.a
LOAD lib/libql_app_power.a
LOAD lib/libql_app_usb.a
LOAD lib/libql_app_ftp.a
LOAD lib/libql_app_http.a
LOAD lib/libql_app_mqtt.a
LOAD lib/libql_app_ssl.a
LOAD lib/libql_app_ping.a
LOAD lib/libql_app_ntp.a
LOAD lib/libql_app_lbs.a
LOAD lib/libql_app_socket.a
LOAD lib/libql_app_audio.a
LOAD lib/libql_app_tts.a
LOAD ../../components/newlib/armca5/libql_api_tts.a
LOAD ../../components/newlib/armca5/libm.a
LOAD lib/libql_app_wifi_scan.a
LOAD lib/libql_app_bt.a
LOAD lib/libql_app_bt_hfp.a
LOAD lib/libql_app_bt_spp.a
LOAD lib/libql_app_ble_gatt.a
LOAD lib/libql_app_gnss.a
LOAD lib/libql_app_lcd.a
LOAD lib/libql_app_lvgl.a
LOAD lib/libql_app_camera.a
LOAD lib/libql_app_file.a
LOAD lib/libql_app_sms.a
LOAD lib/libql_app_voice_call.a
LOAD lib/libql_app_volte.a
LOAD lib/libql_app_spi.a
LOAD lib/libql_app_spi_nor_flash.a
LOAD lib/libql_app_spi6_ext_nor_flash.a
LOAD lib/libql_app_spi_nand_flash.a
LOAD lib/libql_app_decoder.a
LOAD ../../components/newlib/armca5/libql_api_decoder.a
LOAD ../../components/newlib/armca5/decoder_8910.a
LOAD ../../components/newlib/armca5/libm.a
LOAD lib/libql_app_img_at.a
LOAD lib/libql_app_rtc.a
LOAD lib/libql_ali_linkSDK.a
LOAD lib/libql_qcloud_iot.a
LOAD lib/libql_app_virt_at.a
LOAD lib/libql_app_http_fota.a
LOAD lib/libql_app_ftp_fota.a
LOAD lib/libql_app_i2c.a
LOAD lib/libql_app_sdmmc.a
LOAD lib/libql_app_mxml.a
LOAD lib/libql_app_hilinksdk.a
LOAD lib/libql_app_hilinksdk.a
LOAD lib/ql_hilinksdk.a
START GROUP
LOAD ..\..\components\newlib\armca5\libc.a
LOAD ..\..\components\newlib\armca5\libm.a
LOAD ..\..\prebuilts\win32\gcc-arm-none-eabi\lib\gcc\arm-none-eabi\7.2.1\thumb\v7-ar\fpv3\hard\libgcc.a
LOAD ..\..\components\ql-application\HiLinkSDK\lib\tl8251\lib\debug\libhilinkbtsdk.a
LOAD ..\..\components\ql-application\HiLinkSDK\lib\WiFi\ota\debug\libhilinkota.a
LOAD ..\..\components\ql-application\HiLinkSDK\lib\WiFi\softap\debug\libhilinkdevicesdk.a
END GROUP
LOAD ../../components/newlib/armca5/libm.a
LOAD lib/libql_app_xlat.a
LOAD lib/libql_app_bt.a
LOAD lib/liblvgl.a
LOAD lib/libql_app_peripheral.a
LOAD lib/libql_app_hilinksdk.a
LOAD ../../components/newlib/armca5/libql_newlib.a
LOAD ../../components/newlib/armca5/libc.a
LOAD ../../components/newlib/armca5/libm.a
LOAD ../../prebuilts/win32/gcc-arm-none-eabi/bin/../lib/gcc/arm-none-eabi/7.2.1/thumb/v7-ar/fpv3/hard/libgcc.a
                0x00000000                PROVIDE (appimg_get_param, 0x0)
                0x00000000                PROVIDE (appimg_set_param, 0x0)
                0x60250000                . = ORIGIN (flash)
                0x60250000                __flash_start = .

.imageheader    0x60250000       0x80
                0x60250000        0x4 LONG 0x41505032
                0x60250004        0x4 LONG 0x0
                0x60250008        0x4 LONG 0x0
 *(.rodata.core_stub.header)
 .rodata.core_stub.header
                0x6025000c       0x14 lib/core_stub.o
                0x6025000c                gAppImageCoreHeader
                0x60250020        0x4 LONG 0x2
                0x60250024        0x4 LONG 0x80 (__corestub_load_start - __flash_start)
                0x60250028        0x4 LONG 0x190 (__corestub_end - __corestub_start)
                0x6025002c        0x4 LONG 0x80fa0000 __corestub_start
                0x60250030        0x4 LONG 0x4
                0x60250034        0x4 LONG 0x400 (__text_load_start - __flash_start)
                0x60250038        0x4 LONG 0x5b6a (__text_end - __text_start)
                0x6025003c        0x4 LONG 0x60250400 __text_start
                0x60250040        0x4 LONG 0x4
                0x60250044        0x4 LONG 0x5fa0 (__init_array_load_start - __flash_start)
                0x60250048        0x4 LONG 0x0 (__init_array_end - __init_array_start)
                0x6025004c        0x4 LONG 0x60255fa0 __init_array_start
                0x60250050        0x4 LONG 0x1
                0x60250054        0x4 LONG 0x220 (__data_load_start - __flash_start)
                0x60250058        0x4 LONG 0x1cc (__data_end - __data_start)
                0x6025005c        0x4 LONG 0x80fa01a0 __data_start
                0x60250060        0x4 LONG 0x3
                0x60250064        0x4 LONG 0x0
                0x60250068        0x4 LONG 0x147 (__bss_end - __bss_start)
                0x6025006c        0x4 LONG 0x80fa0380 __bss_start
                0x60250070        0x4 LONG 0x0
                0x60250074        0x4 LONG 0x0
                0x60250078        0x4 LONG 0x0
                0x6025007c        0x4 LONG 0x0
                0x00000001                ASSERT ((SIZEOF (.imageheader) == 0x80), invalid app image header)
                0x80fa0000                . = ORIGIN (ram)
                0x80fa0000                __ram_start = .

.corestub       0x80fa0000      0x1a0 load address 0x60250080
                0x80fa0000                __corestub_start = .
 *(.text.core_stub.*)
 .text.core_stub.__getreent
                0x80fa0000        0x8 lib/core_stub.o
                0x80fa0000                __getreent
 .text.core_stub.calloc
                0x80fa0008        0x8 lib/core_stub.o
                0x80fa0008                calloc
 .text.core_stub.free
                0x80fa0010        0x8 lib/core_stub.o
                0x80fa0010                free
 .text.core_stub.malloc
                0x80fa0018        0x8 lib/core_stub.o
                0x80fa0018                malloc
 .text.core_stub.osiTracePrintf
                0x80fa0020        0x8 lib/core_stub.o
                0x80fa0020                osiTracePrintf
 .text.core_stub.ql_ble_add_public_whitelist
                0x80fa0028        0x8 lib/core_stub.o
                0x80fa0028                ql_ble_add_public_whitelist
 .text.core_stub.ql_ble_add_random_whitelist
                0x80fa0030        0x8 lib/core_stub.o
                0x80fa0030                ql_ble_add_random_whitelist
 .text.core_stub.ql_ble_clean_whitelist
                0x80fa0038        0x8 lib/core_stub.o
                0x80fa0038                ql_ble_clean_whitelist
 .text.core_stub.ql_ble_gatt_add_chara
                0x80fa0040        0x8 lib/core_stub.o
                0x80fa0040                ql_ble_gatt_add_chara
 .text.core_stub.ql_ble_gatt_add_chara_value
                0x80fa0048        0x8 lib/core_stub.o
                0x80fa0048                ql_ble_gatt_add_chara_value
 .text.core_stub.ql_ble_gatt_add_or_clear_service_complete
                0x80fa0050        0x8 lib/core_stub.o
                0x80fa0050                ql_ble_gatt_add_or_clear_service_complete
 .text.core_stub.ql_ble_gatt_add_service
                0x80fa0058        0x8 lib/core_stub.o
                0x80fa0058                ql_ble_gatt_add_service
 .text.core_stub.ql_ble_gatt_change_chara_value
                0x80fa0060        0x8 lib/core_stub.o
                0x80fa0060                ql_ble_gatt_change_chara_value
 .text.core_stub.ql_ble_gatt_server_init
                0x80fa0068        0x8 lib/core_stub.o
                0x80fa0068                ql_ble_gatt_server_init
 .text.core_stub.ql_ble_gatt_server_release
                0x80fa0070        0x8 lib/core_stub.o
                0x80fa0070                ql_ble_gatt_server_release
 .text.core_stub.ql_ble_get_connection_state
                0x80fa0078        0x8 lib/core_stub.o
                0x80fa0078                ql_ble_get_connection_state
 .text.core_stub.ql_ble_get_public_addr
                0x80fa0080        0x8 lib/core_stub.o
                0x80fa0080                ql_ble_get_public_addr
 .text.core_stub.ql_ble_get_random_addr
                0x80fa0088        0x8 lib/core_stub.o
                0x80fa0088                ql_ble_get_random_addr
 .text.core_stub.ql_ble_get_version
                0x80fa0090        0x8 lib/core_stub.o
                0x80fa0090                ql_ble_get_version
 .text.core_stub.ql_ble_get_whitelist_info
                0x80fa0098        0x8 lib/core_stub.o
                0x80fa0098                ql_ble_get_whitelist_info
 .text.core_stub.ql_ble_remove_whitelist
                0x80fa00a0        0x8 lib/core_stub.o
                0x80fa00a0                ql_ble_remove_whitelist
 .text.core_stub.ql_ble_send_notification_data
                0x80fa00a8        0x8 lib/core_stub.o
                0x80fa00a8                ql_ble_send_notification_data
 .text.core_stub.ql_bleadv_set_data
                0x80fa00b0        0x8 lib/core_stub.o
                0x80fa00b0                ql_bleadv_set_data
 .text.core_stub.ql_bleadv_set_param
                0x80fa00b8        0x8 lib/core_stub.o
                0x80fa00b8                ql_bleadv_set_param
 .text.core_stub.ql_bleadv_set_scan_rsp_data
                0x80fa00c0        0x8 lib/core_stub.o
                0x80fa00c0                ql_bleadv_set_scan_rsp_data
 .text.core_stub.ql_bleadv_start
                0x80fa00c8        0x8 lib/core_stub.o
                0x80fa00c8                ql_bleadv_start
 .text.core_stub.ql_bt_ble_get_localname
                0x80fa00d0        0x8 lib/core_stub.o
                0x80fa00d0                ql_bt_ble_get_localname
 .text.core_stub.ql_bt_ble_get_nv_addr
                0x80fa00d8        0x8 lib/core_stub.o
                0x80fa00d8                ql_bt_ble_get_nv_addr
 .text.core_stub.ql_bt_ble_set_localname
                0x80fa00e0        0x8 lib/core_stub.o
                0x80fa00e0                ql_bt_ble_set_localname
 .text.core_stub.ql_bt_get_state
                0x80fa00e8        0x8 lib/core_stub.o
                0x80fa00e8                ql_bt_get_state
 .text.core_stub.ql_bt_start
                0x80fa00f0        0x8 lib/core_stub.o
                0x80fa00f0                ql_bt_start
 .text.core_stub.ql_bt_stop
                0x80fa00f8        0x8 lib/core_stub.o
                0x80fa00f8                ql_bt_stop
 .text.core_stub.ql_dev_cfg_wdt
                0x80fa0100        0x8 lib/core_stub.o
                0x80fa0100                ql_dev_cfg_wdt
 .text.core_stub.ql_event_try_wait
                0x80fa0108        0x8 lib/core_stub.o
                0x80fa0108                ql_event_try_wait
 .text.core_stub.ql_event_wait
                0x80fa0110        0x8 lib/core_stub.o
                0x80fa0110                ql_event_wait
 .text.core_stub.ql_gpio_deinit
                0x80fa0118        0x8 lib/core_stub.o
                0x80fa0118                ql_gpio_deinit
 .text.core_stub.ql_gpio_get_direction
                0x80fa0120        0x8 lib/core_stub.o
                0x80fa0120                ql_gpio_get_direction
 .text.core_stub.ql_gpio_get_level
                0x80fa0128        0x8 lib/core_stub.o
                0x80fa0128                ql_gpio_get_level
 .text.core_stub.ql_gpio_get_pull
                0x80fa0130        0x8 lib/core_stub.o
                0x80fa0130                ql_gpio_get_pull
 .text.core_stub.ql_gpio_init
                0x80fa0138        0x8 lib/core_stub.o
                0x80fa0138                ql_gpio_init
 .text.core_stub.ql_gpio_set_direction
                0x80fa0140        0x8 lib/core_stub.o
                0x80fa0140                ql_gpio_set_direction
 .text.core_stub.ql_gpio_set_level
                0x80fa0148        0x8 lib/core_stub.o
                0x80fa0148                ql_gpio_set_level
 .text.core_stub.ql_gpio_set_pull
                0x80fa0150        0x8 lib/core_stub.o
                0x80fa0150                ql_gpio_set_pull
 .text.core_stub.ql_pin_set_func
                0x80fa0158        0x8 lib/core_stub.o
                0x80fa0158                ql_pin_set_func
 .text.core_stub.ql_rtos_event_send
                0x80fa0160        0x8 lib/core_stub.o
                0x80fa0160                ql_rtos_event_send
 .text.core_stub.ql_rtos_task_create
                0x80fa0168        0x8 lib/core_stub.o
                0x80fa0168                ql_rtos_task_create
 .text.core_stub.ql_rtos_task_delete
                0x80fa0170        0x8 lib/core_stub.o
                0x80fa0170                ql_rtos_task_delete
 .text.core_stub.ql_rtos_task_sleep_ms
                0x80fa0178        0x8 lib/core_stub.o
                0x80fa0178                ql_rtos_task_sleep_ms
 .text.core_stub.ql_rtos_task_sleep_s
                0x80fa0180        0x8 lib/core_stub.o
                0x80fa0180                ql_rtos_task_sleep_s
 .text.core_stub.realloc
                0x80fa0188        0x8 lib/core_stub.o
                0x80fa0188                realloc
                0x80fa0190                __corestub_end = .
                0x80fa01a0                . = ALIGN (0x20)
 *fill*         0x80fa0190       0x10 
                0x60250080                __corestub_load_start = LOADADDR (.corestub)

.data           0x80fa01a0      0x1e0 load address 0x60250220
                0x80fa01a0                __data_start = .
 *(.data .data.* .gnu.linkonce.d.*)
 .data.ble_adv_data
                0x80fa01a0       0x20 lib/libql_app_ble_gatt.a(ble_gatt_demo.c.obj)
                0x80fa01a0                ble_adv_data
 .data.ble_adv_param
                0x80fa01c0       0x10 lib/libql_app_ble_gatt.a(ble_gatt_demo.c.obj)
                0x80fa01c0                ble_adv_param
 .data.ble_name
                0x80fa01d0       0x18 lib/libql_app_ble_gatt.a(ble_gatt_demo.c.obj)
                0x80fa01d0                ble_name
 .data.ble_server_hanle
                0x80fa01e8        0x2 lib/libql_app_ble_gatt.a(ble_gatt_demo.c.obj)
                0x80fa01e8                ble_server_hanle
 .data.bt_public_whitelist
                0x80fa01ea        0x6 lib/libql_app_ble_gatt.a(ble_gatt_demo.c.obj)
                0x80fa01ea                bt_public_whitelist
 .data.bt_random_whitelist
                0x80fa01f0        0x6 lib/libql_app_ble_gatt.a(ble_gatt_demo.c.obj)
                0x80fa01f0                bt_random_whitelist
 .data.bt_remove_whiltelist
                0x80fa01f6        0x7 lib/libql_app_ble_gatt.a(ble_gatt_demo.c.obj)
                0x80fa01f6                bt_remove_whiltelist
 .data.ql_ble_gatt_sys_service
                0x80fa01fd        0x1 lib/libql_app_ble_gatt.a(ble_gatt_demo.c.obj)
                0x80fa01fd                ql_ble_gatt_sys_service
 .data.ql_bt_ble_mtu
                0x80fa01fe        0x2 lib/libql_app_ble_gatt.a(ble_gatt_demo.c.obj)
                0x80fa01fe                ql_bt_ble_mtu
 .data.__global_locale
                0x80fa0200      0x16c ..\..\components\newlib\armca5\libc.a(lib_a-locale.o)
                0x80fa0200                __global_locale
                0x80fa036c                __data_end = .
                0x80fa0380                . = ALIGN (0x20)
 *fill*         0x80fa036c       0x14 
                0x60250220                __data_load_start = LOADADDR (.data)

.igot.plt       0x60250400        0x0
 .igot.plt      0x60250400        0x0 lib/core_stub.o

.bss            0x80fa0380      0x160
                0x80fa0380                __bss_start = .
 *(.bss .bss.* COMMON .scommon .sbss .sbss.* .sbss2 .sbss2.* .gnu.linkonce.b.*)
 .bss.SeqNumber.9422
                0x80fa0380        0x1 lib/libql_app_ble_gatt.a(ble_gatt_demo.c.obj)
 *fill*         0x80fa0381        0x1 
 .bss.ble_conn_handle
                0x80fa0382        0x2 lib/libql_app_ble_gatt.a(ble_gatt_demo.c.obj)
                0x80fa0382                ble_conn_handle
 .bss.ble_demo_task
                0x80fa0384        0x4 lib/libql_app_ble_gatt.a(ble_gatt_demo.c.obj)
                0x80fa0384                ble_demo_task
 COMMON         0x80fa0388      0x13f lib/libql_app_ble_gatt.a(ble_gatt_demo.c.obj)
                0x80fa0388                ble_adv_scan_rsp_data
                0x80fa03a8                ble_scan_report_addr
                0x80fa03ae                ble_scan_report_addr_type
                0x80fa03af                ble_connection_addr
                0x80fa03b5                ql_ble_gatt_chara_value
                0x80fa04a9                error_data
                0x80fa04b3                Live_Data
                0x80fa04c7                __bss_end = .
                0x80fa04e0                . = ALIGN (0x20)
 *fill*         0x80fa04c7       0x19 
                0x60250400                . = ((LOADADDR (.corestub) + SIZEOF (.corestub)) + SIZEOF (.data))

.text           0x60250400     0x5b80
                0x60250400                __text_start = .
 *(.text .text.* .gnu.linkonce.t.* .rdata .rodata .rodata.* .gnu.linkonce.r.* .glue_7 .glue_7t .vfp11_veneer .v4_bx)
 .glue_7        0x60250400        0x0 linker stubs
 .glue_7t       0x60250400        0x0 linker stubs
 .vfp11_veneer  0x60250400        0x0 linker stubs
 .v4_bx         0x60250400        0x0 linker stubs
 .text.ql_init_demo_thread
                0x60250400       0x3c components/ql-application/init/CMakeFiles/APPIMAGE_APP.dir/ql_init.c.obj
 .text.ql_pin_cfg_init
                0x6025043c       0x6c components/ql-application/init/CMakeFiles/APPIMAGE_APP.dir/ql_init.c.obj
                0x6025043c                ql_pin_cfg_init
 .text.appimg_enter
                0x602504a8       0x98 components/ql-application/init/CMakeFiles/APPIMAGE_APP.dir/ql_init.c.obj
                0x602504a8                appimg_enter
 .text.appimg_exit
                0x60250540       0x1c components/ql-application/init/CMakeFiles/APPIMAGE_APP.dir/ql_init.c.obj
                0x60250540                appimg_exit
 .rodata.__FUNCTION__.17551
                0x6025055c       0x10 components/ql-application/init/CMakeFiles/APPIMAGE_APP.dir/ql_init.c.obj
 .rodata.__FUNCTION__.17558
                0x6025056c       0x14 components/ql-application/init/CMakeFiles/APPIMAGE_APP.dir/ql_init.c.obj
 .rodata.__FUNCTION__.17564
                0x60250580        0xd components/ql-application/init/CMakeFiles/APPIMAGE_APP.dir/ql_init.c.obj
 .rodata.__FUNCTION__.17568
                0x6025058d        0xc components/ql-application/init/CMakeFiles/APPIMAGE_APP.dir/ql_init.c.obj
 .rodata.appimg_enter.str1.1
                0x60250599       0x5e components/ql-application/init/CMakeFiles/APPIMAGE_APP.dir/ql_init.c.obj
 .rodata.appimg_exit.str1.1
                0x602505f7       0x1d components/ql-application/init/CMakeFiles/APPIMAGE_APP.dir/ql_init.c.obj
 .rodata.ql_init_demo_thread.str1.1
                0x60250614       0x31 components/ql-application/init/CMakeFiles/APPIMAGE_APP.dir/ql_init.c.obj
 .rodata.ql_pin_cfg_init.str1.1
                0x60250645       0x1c components/ql-application/init/CMakeFiles/APPIMAGE_APP.dir/ql_init.c.obj
 *fill*         0x60250661        0x1 
 .text._ql_gpio_demo_init
                0x60250662       0x3c lib/libql_app_peripheral.a(gpio_demo.c.obj)
                0x60250662                _ql_gpio_demo_init
 *fill*         0x6025069e        0x2 
 .text.ql_gpio_demo_thread
                0x602506a0      0x3dc lib/libql_app_peripheral.a(gpio_demo.c.obj)
 .text.ql_gpio_app_init
                0x60250a7c       0x48 lib/libql_app_peripheral.a(gpio_demo.c.obj)
                0x60250a7c                ql_gpio_app_init
 .rodata.__FUNCTION__.8049
                0x60250ac4       0x14 lib/libql_app_peripheral.a(gpio_demo.c.obj)
 .rodata.__FUNCTION__.8077
                0x60250ad8       0x11 lib/libql_app_peripheral.a(gpio_demo.c.obj)
 .rodata._ql_gpio_cfg
                0x60250ae9        0xc lib/libql_app_peripheral.a(gpio_demo.c.obj)
 .rodata.ql_gpio_app_init.str1.1
                0x60250af5       0x3c lib/libql_app_peripheral.a(gpio_demo.c.obj)
 .rodata.ql_gpio_demo_thread.str1.1
                0x60250b31      0x236 lib/libql_app_peripheral.a(gpio_demo.c.obj)
 .rodata.ql_pin_cfg_map
                0x60250d67      0x17a lib/libql_app_peripheral.a(ql_pin_cfg.c.obj)
                0x60250d67                ql_pin_cfg_map
 *fill*         0x60250ee1        0x3 
 .text.ql_ble_demo_get_conection_state
                0x60250ee4       0x64 lib/libql_app_ble_gatt.a(ble_gatt_demo.c.obj)
 .text.ql_ble_notify_cb
                0x60250f48      0x198 lib/libql_app_ble_gatt.a(ble_gatt_demo.c.obj)
 .text.ql_ble_gatt_demo_add_chara.part.6
                0x602510e0       0x8a lib/libql_app_ble_gatt.a(ble_gatt_demo.c.obj)
 *fill*         0x6025116a        0x2 
 .text.ql_ble_gatt_demo_add_chara_value.part.7
                0x6025116c       0x68 lib/libql_app_ble_gatt.a(ble_gatt_demo.c.obj)
 .text.ql_ble_demo_add_public_whitelist
                0x602511d4       0x64 lib/libql_app_ble_gatt.a(ble_gatt_demo.c.obj)
                0x602511d4                ql_ble_demo_add_public_whitelist
 .text.ql_ble_demo_add_random_whitelist
                0x60251238       0x64 lib/libql_app_ble_gatt.a(ble_gatt_demo.c.obj)
                0x60251238                ql_ble_demo_add_random_whitelist
 .text.ql_bleadv_demo_set_param
                0x6025129c       0x48 lib/libql_app_ble_gatt.a(ble_gatt_demo.c.obj)
                0x6025129c                ql_bleadv_demo_set_param
 .text.ql_bleadv_demo_set_data
                0x602512e4       0xd0 lib/libql_app_ble_gatt.a(ble_gatt_demo.c.obj)
                0x602512e4                ql_bleadv_demo_set_data
 .text.ql_bleadv_demo_set_scan_rsp_data
                0x602513b4       0xd0 lib/libql_app_ble_gatt.a(ble_gatt_demo.c.obj)
                0x602513b4                ql_bleadv_demo_set_scan_rsp_data
 .text.ql_ble_gatt_demo_add_service
                0x60251484       0xfe lib/libql_app_ble_gatt.a(ble_gatt_demo.c.obj)
                0x60251484                ql_ble_gatt_demo_add_service
 .text.ql_ble_gatt_demo_add_chara
                0x60251582       0x62 lib/libql_app_ble_gatt.a(ble_gatt_demo.c.obj)
                0x60251582                ql_ble_gatt_demo_add_chara
 .text.ql_ble_gatt_demo_change_chara_value
                0x602515e4       0x58 lib/libql_app_ble_gatt.a(ble_gatt_demo.c.obj)
                0x602515e4                ql_ble_gatt_demo_change_chara_value
 .text.ql_ble_demo_send_data
                0x6025163c       0xa0 lib/libql_app_ble_gatt.a(ble_gatt_demo.c.obj)
                0x6025163c                ql_ble_demo_send_data
 .text.setServiceCharacteristics
                0x602516dc       0x64 lib/libql_app_ble_gatt.a(ble_gatt_demo.c.obj)
                0x602516dc                setServiceCharacteristics
 .text.ql_ble_gatt_server_handle_event
                0x60251740      0x754 lib/libql_app_ble_gatt.a(ble_gatt_demo.c.obj)
                0x60251740                ql_ble_gatt_server_handle_event
 .text.ql_ble_gatt_server_demo_task_pthread
                0x60251e94       0xb0 lib/libql_app_ble_gatt.a(ble_gatt_demo.c.obj)
                0x60251e94                ql_ble_gatt_server_demo_task_pthread
 .text.ql_ble_gatt_server_demo_init
                0x60251f44       0x48 lib/libql_app_ble_gatt.a(ble_gatt_demo.c.obj)
                0x60251f44                ql_ble_gatt_server_demo_init
 .rodata.__FUNCTION__.9251
                0x60251f8c       0x16 lib/libql_app_ble_gatt.a(ble_gatt_demo.c.obj)
 .rodata.__FUNCTION__.9257
                0x60251fa2       0x1c lib/libql_app_ble_gatt.a(ble_gatt_demo.c.obj)
 .rodata.__FUNCTION__.9263
                0x60251fbe       0x18 lib/libql_app_ble_gatt.a(ble_gatt_demo.c.obj)
 .rodata.__FUNCTION__.9268
                0x60251fd6       0x18 lib/libql_app_ble_gatt.a(ble_gatt_demo.c.obj)
 .rodata.__FUNCTION__.9274
                0x60251fee       0x1c lib/libql_app_ble_gatt.a(ble_gatt_demo.c.obj)
 .rodata.__FUNCTION__.9278
                0x6025200a       0x21 lib/libql_app_ble_gatt.a(ble_gatt_demo.c.obj)
 .rodata.__FUNCTION__.9282
                0x6025202b       0x21 lib/libql_app_ble_gatt.a(ble_gatt_demo.c.obj)
 .rodata.__FUNCTION__.9290
                0x6025204c       0x1f lib/libql_app_ble_gatt.a(ble_gatt_demo.c.obj)
 .rodata.__FUNCTION__.9297
                0x6025206b       0x1d lib/libql_app_ble_gatt.a(ble_gatt_demo.c.obj)
 .rodata.__FUNCTION__.9301
                0x60252088       0x1c lib/libql_app_ble_gatt.a(ble_gatt_demo.c.obj)
 .rodata.__FUNCTION__.9306
                0x602520a4       0x15 lib/libql_app_ble_gatt.a(ble_gatt_demo.c.obj)
 .rodata.__FUNCTION__.9310
                0x602520b9       0x15 lib/libql_app_ble_gatt.a(ble_gatt_demo.c.obj)
 .rodata.__FUNCTION__.9314
                0x602520ce       0x19 lib/libql_app_ble_gatt.a(ble_gatt_demo.c.obj)
 .rodata.__FUNCTION__.9324
                0x602520e7       0x18 lib/libql_app_ble_gatt.a(ble_gatt_demo.c.obj)
 .rodata.__FUNCTION__.9334
                0x602520ff       0x21 lib/libql_app_ble_gatt.a(ble_gatt_demo.c.obj)
 .rodata.__FUNCTION__.9388
                0x60252120       0x24 lib/libql_app_ble_gatt.a(ble_gatt_demo.c.obj)
 .rodata.__FUNCTION__.9398
                0x60252144       0x15 lib/libql_app_ble_gatt.a(ble_gatt_demo.c.obj)
 .rodata.__FUNCTION__.9403
                0x60252159       0x20 lib/libql_app_ble_gatt.a(ble_gatt_demo.c.obj)
 .rodata.__FUNCTION__.9415
                0x60252179       0x16 lib/libql_app_ble_gatt.a(ble_gatt_demo.c.obj)
 .rodata.__FUNCTION__.9438
                0x6025218f       0x20 lib/libql_app_ble_gatt.a(ble_gatt_demo.c.obj)
 .rodata.__FUNCTION__.9505
                0x602521af       0x25 lib/libql_app_ble_gatt.a(ble_gatt_demo.c.obj)
 .rodata.__FUNCTION__.9510
                0x602521d4       0x1d lib/libql_app_ble_gatt.a(ble_gatt_demo.c.obj)
 .rodata.ql_ble_demo_get_conection_state.str1.1
                0x602521f1       0x3e lib/libql_app_ble_gatt.a(ble_gatt_demo.c.obj)
 .rodata.ql_ble_demo_send_data.str1.1
                0x6025222f       0x45 lib/libql_app_ble_gatt.a(ble_gatt_demo.c.obj)
 .rodata.ql_ble_gatt_server_demo_init.str1.1
                0x60252274       0x45 lib/libql_app_ble_gatt.a(ble_gatt_demo.c.obj)
 .rodata.ql_ble_gatt_server_demo_task_pthread.str1.1
                0x602522b9       0x2a lib/libql_app_ble_gatt.a(ble_gatt_demo.c.obj)
 .rodata.ql_ble_gatt_server_handle_event.str1.1
                0x602522e3      0x475 lib/libql_app_ble_gatt.a(ble_gatt_demo.c.obj)
 .rodata.ql_bleadv_demo_set_data.str1.1
                0x60252758       0x4e lib/libql_app_ble_gatt.a(ble_gatt_demo.c.obj)
 .rodata.ql_bleadv_demo_set_param.str1.1
                0x602527a6       0x51 lib/libql_app_ble_gatt.a(ble_gatt_demo.c.obj)
 .rodata.ql_bleadv_demo_set_scan_rsp_data.str1.1
                0x602527f7       0x6a lib/libql_app_ble_gatt.a(ble_gatt_demo.c.obj)
 .rodata.ql_blescan_demo_stop.str1.1
                0x60252861       0x1d lib/libql_app_ble_gatt.a(ble_gatt_demo.c.obj)
 *fill*         0x6025287e        0x2 
 .text.memcpy   0x60252880       0xc8 ..\..\components\newlib\armca5\libc.a(lib_a-memcpy-stub.o)
                0x60252880                memcpy
 .text.memset   0x60252948       0xa8 ..\..\components\newlib\armca5\libc.a(lib_a-memset.o)
                0x60252948                memset
 .text.sprintf  0x602529f0       0x40 ..\..\components\newlib\armca5\libc.a(lib_a-sprintf.o)
                0x602529f0                sprintf
 *fill*         0x60252a30       0x10 
 .text          0x60252a40       0xdc ..\..\components\newlib\armca5\libc.a(lib_a-strlen.o)
                0x60252a40                strlen
 .rodata._svfprintf_r.str1.1
                0x60252b1c       0x3b ..\..\components\newlib\armca5\libc.a(lib_a-svfprintf.o)
 *fill*         0x60252b57        0x1 
 .text._svfprintf_r
                0x60252b58     0x1314 ..\..\components\newlib\armca5\libc.a(lib_a-svfprintf.o)
                0x60252b58                _svfprintf_r
 .rodata.blanks.8611
                0x60253e6c       0x10 ..\..\components\newlib\armca5\libc.a(lib_a-svfprintf.o)
 .rodata.zeroes.8612
                0x60253e7c       0x10 ..\..\components\newlib\armca5\libc.a(lib_a-svfprintf.o)
 .text.quorem   0x60253e8c      0x126 ..\..\components\newlib\armca5\libc.a(lib_a-dtoa.o)
 .rodata._dtoa_r.str1.1
                0x60253fb2        0xd ..\..\components\newlib\armca5\libc.a(lib_a-dtoa.o)
                                  0xf (size before relaxing)
 *fill*         0x60253fbf        0x1 
 .text._dtoa_r  0x60253fc0      0xa50 ..\..\components\newlib\armca5\libc.a(lib_a-dtoa.o)
                0x60253fc0                _dtoa_r
 .text._localeconv_r
                0x60254a10        0x8 ..\..\components\newlib\armca5\libc.a(lib_a-localeconv.o)
                0x60254a10                _localeconv_r
 .rodata._setlocale_r.str1.1
                0x60254a18        0x8 ..\..\components\newlib\armca5\libc.a(lib_a-locale.o)
                                  0x9 (size before relaxing)
 .rodata.str1.1
                0x60254a20        0x2 ..\..\components\newlib\armca5\libc.a(lib_a-locale.o)
 .text.__ascii_mbtowc
                0x60254a22       0x24 ..\..\components\newlib\armca5\libc.a(lib_a-mbtowc_r.o)
                0x60254a22                __ascii_mbtowc
 *fill*         0x60254a46        0xa 
 .text          0x60254a50       0xe8 ..\..\components\newlib\armca5\libc.a(lib_a-memchr.o)
                0x60254a50                memchr
 .text._Balloc  0x60254b38       0x48 ..\..\components\newlib\armca5\libc.a(lib_a-mprec.o)
                0x60254b38                _Balloc
 .text._Bfree   0x60254b80       0x12 ..\..\components\newlib\armca5\libc.a(lib_a-mprec.o)
                0x60254b80                _Bfree
 .text.__multadd
                0x60254b92       0x7c ..\..\components\newlib\armca5\libc.a(lib_a-mprec.o)
                0x60254b92                __multadd
 .text.__hi0bits
                0x60254c0e       0x40 ..\..\components\newlib\armca5\libc.a(lib_a-mprec.o)
                0x60254c0e                __hi0bits
 .text.__lo0bits
                0x60254c4e       0x5c ..\..\components\newlib\armca5\libc.a(lib_a-mprec.o)
                0x60254c4e                __lo0bits
 .text.__i2b    0x60254caa       0x12 ..\..\components\newlib\armca5\libc.a(lib_a-mprec.o)
                0x60254caa                __i2b
 .text.__multiply
                0x60254cbc      0x136 ..\..\components\newlib\armca5\libc.a(lib_a-mprec.o)
                0x60254cbc                __multiply
 *fill*         0x60254df2        0x2 
 .text.__pow5mult
                0x60254df4       0x80 ..\..\components\newlib\armca5\libc.a(lib_a-mprec.o)
                0x60254df4                __pow5mult
 .text.__lshift
                0x60254e74       0xbe ..\..\components\newlib\armca5\libc.a(lib_a-mprec.o)
                0x60254e74                __lshift
 .text.__mcmp   0x60254f32       0x36 ..\..\components\newlib\armca5\libc.a(lib_a-mprec.o)
                0x60254f32                __mcmp
 .text.__mdiff  0x60254f68       0xec ..\..\components\newlib\armca5\libc.a(lib_a-mprec.o)
                0x60254f68                __mdiff
 .text.__d2b    0x60255054       0xa4 ..\..\components\newlib\armca5\libc.a(lib_a-mprec.o)
                0x60255054                __d2b
 .rodata.__mprec_bigtens
                0x602550f8       0x28 ..\..\components\newlib\armca5\libc.a(lib_a-mprec.o)
                0x602550f8                __mprec_bigtens
 .rodata.__mprec_tens
                0x60255120       0xc8 ..\..\components\newlib\armca5\libc.a(lib_a-mprec.o)
                0x60255120                __mprec_tens
 .rodata.p05.7384
                0x602551e8        0xc ..\..\components\newlib\armca5\libc.a(lib_a-mprec.o)
 *fill*         0x602551f4        0x4 
 .text.frexp    0x602551f8       0x70 ..\..\components\newlib\armca5\libc.a(lib_a-s_frexp.o)
                0x602551f8                frexp
 .text.strncpy  0x60255268       0x74 ..\..\components\newlib\armca5\libc.a(lib_a-strncpy.o)
                0x60255268                strncpy
 .text.__ssprint_r
                0x602552dc       0xea ..\..\components\newlib\armca5\libc.a(lib_a-svfiprintf.o)
                0x602552dc                __ssprint_r
 .text.__ascii_wctomb
                0x602553c6       0x1a ..\..\components\newlib\armca5\libc.a(lib_a-wctomb_r.o)
                0x602553c6                __ascii_wctomb
 .rodata._ctype_
                0x602553e0      0x101 ..\..\components\newlib\armca5\libc.a(lib_a-ctype_.o)
                0x602553e0                _ctype_
 *fill*         0x602554e1        0x3 
 .text.memmove  0x602554e4       0xd4 ..\..\components\newlib\armca5\libc.a(lib_a-memmove.o)
                0x602554e4                memmove
 .text          0x602555b8      0x278 ..\..\prebuilts\win32\gcc-arm-none-eabi\lib\gcc\arm-none-eabi\7.2.1\thumb\v7-ar\fpv3\hard\libgcc.a(_udivsi3.o)
                0x602555b8                __aeabi_uidiv
                0x602555b8                __udivsi3
                0x60255814                __aeabi_uidivmod
 .text          0x60255830      0x2b0 ..\..\prebuilts\win32\gcc-arm-none-eabi\lib\gcc\arm-none-eabi\7.2.1\thumb\v7-ar\fpv3\hard\libgcc.a(_divsi3.o)
                0x60255830                __divsi3
                0x60255830                __aeabi_idiv
                0x60255ac4                __aeabi_idivmod
 .text          0x60255ae0        0x4 ..\..\prebuilts\win32\gcc-arm-none-eabi\lib\gcc\arm-none-eabi\7.2.1\thumb\v7-ar\fpv3\hard\libgcc.a(_dvmd_tls.o)
                0x60255ae0                __aeabi_idiv0
                0x60255ae0                __aeabi_ldiv0
 .text          0x60255ae4       0x30 ..\..\prebuilts\win32\gcc-arm-none-eabi\lib\gcc\arm-none-eabi\7.2.1\thumb\v7-ar\fpv3\hard\libgcc.a(_aeabi_uldivmod.o)
                0x60255ae4                __aeabi_uldivmod
 .text          0x60255b14      0x144 ..\..\prebuilts\win32\gcc-arm-none-eabi\lib\gcc\arm-none-eabi\7.2.1\thumb\v7-ar\fpv3\hard\libgcc.a(_udivmoddi4.o)
                0x60255b14                __udivmoddi4
 .text.ql_bt_demo_start
                0x60255c58       0x54 lib/libql_app_bt.a(bt_demo.c.obj)
                0x60255c58                ql_bt_demo_start
 .text.ql_bt_demo_stop
                0x60255cac       0x3c lib/libql_app_bt.a(bt_demo.c.obj)
                0x60255cac                ql_bt_demo_stop
 .text.ql_bt_demo_stop.__stub
                0x60255ce8      0x1d0 linker stubs
 .rodata.__FUNCTION__.8350
                0x60255eb8       0x11 lib/libql_app_bt.a(bt_demo.c.obj)
 .rodata.__FUNCTION__.8372
                0x60255ec9       0x10 lib/libql_app_bt.a(bt_demo.c.obj)
 .rodata.ql_be_demo_set_scanmode.str1.1
                0x60255ed9       0x18 lib/libql_app_bt.a(bt_demo.c.obj)
 .rodata.ql_bt_demo_get_state.str1.1
                0x60255ef1       0x37 lib/libql_app_bt.a(bt_demo.c.obj)
 .rodata.ql_bt_demo_start.str1.1
                0x60255f28       0x42 lib/libql_app_bt.a(bt_demo.c.obj)
                0x60255f6a                __text_end = .
                0x60255f80                . = ALIGN (0x20)
 *fill*         0x60255f6a       0x16 
                0x60250400                __text_load_start = LOADADDR (.text)

.iplt           0x60255f80        0x0
 .iplt          0x60255f80        0x0 lib/core_stub.o

.rel.dyn        0x60255f80        0x0
 .rel.iplt      0x60255f80        0x0 lib/core_stub.o

.ARM.exidx      0x60255f80        0x8
 .ARM.exidx     0x60255f80        0x8 ..\..\prebuilts\win32\gcc-arm-none-eabi\lib\gcc\arm-none-eabi\7.2.1\thumb\v7-ar\fpv3\hard\libgcc.a(_udivmoddi4.o)

.init_array     0x60255fa0        0x0
                0x60255fa0                __init_array_start = .
 *(.init_array*)
                0x60255fa0                __init_array_end = .
                0x60255fa0                . = ALIGN (0x20)
                0x60255fa0                __init_array_load_start = LOADADDR (.init_array)
                0x60255fa0                __flash_end = (ADDR (.init_array) + SIZEOF (.init_array))
                0x80fa04e0                __ram_end = (ADDR (.bss) + SIZEOF (.bss))
                0x00000001                ASSERT ((__flash_end <= (ORIGIN (flash) + LENGTH (flash))), FLASH overflow)
                0x00000001                ASSERT ((__ram_end <= (ORIGIN (ram) + LENGTH (ram))), RAM overflow)

.comment        0x00000000       0xf7
 *(.comment)
 .comment       0x00000000       0x7e components/ql-application/init/CMakeFiles/APPIMAGE_APP.dir/ql_init.c.obj
                                 0x7f (size before relaxing)
 .comment       0x0000007e       0x7f lib/libql_app_peripheral.a(gpio_demo.c.obj)
 .comment       0x0000007e       0x7f lib/libql_app_peripheral.a(ql_pin_cfg.c.obj)
 .comment       0x0000007e       0x7f lib/libql_app_ble_gatt.a(ble_gatt_demo.c.obj)
 .comment       0x0000007e       0x79 ..\..\components\newlib\armca5\libc.a(lib_a-memcpy-stub.o)
                                 0x7a (size before relaxing)
 .comment       0x000000f7       0x7a ..\..\components\newlib\armca5\libc.a(lib_a-memset.o)
 .comment       0x000000f7       0x7a ..\..\components\newlib\armca5\libc.a(lib_a-sprintf.o)
 .comment       0x000000f7       0x7a ..\..\components\newlib\armca5\libc.a(lib_a-svfprintf.o)
 .comment       0x000000f7       0x7a ..\..\components\newlib\armca5\libc.a(lib_a-dtoa.o)
 .comment       0x000000f7       0x7a ..\..\components\newlib\armca5\libc.a(lib_a-localeconv.o)
 .comment       0x000000f7       0x7a ..\..\components\newlib\armca5\libc.a(lib_a-locale.o)
 .comment       0x000000f7       0x7a ..\..\components\newlib\armca5\libc.a(lib_a-mbtowc_r.o)
 .comment       0x000000f7       0x7a ..\..\components\newlib\armca5\libc.a(lib_a-mprec.o)
 .comment       0x000000f7       0x7a ..\..\components\newlib\armca5\libc.a(lib_a-s_frexp.o)
 .comment       0x000000f7       0x7a ..\..\components\newlib\armca5\libc.a(lib_a-strncpy.o)
 .comment       0x000000f7       0x7a ..\..\components\newlib\armca5\libc.a(lib_a-svfiprintf.o)
 .comment       0x000000f7       0x7a ..\..\components\newlib\armca5\libc.a(lib_a-wctomb_r.o)
 .comment       0x000000f7       0x7a ..\..\components\newlib\armca5\libc.a(lib_a-ctype_.o)
 .comment       0x000000f7       0x7a ..\..\components\newlib\armca5\libc.a(lib_a-memmove.o)
 .comment       0x000000f7       0x7f lib/libql_app_bt.a(bt_demo.c.obj)

.ARM.attributes
                0x00000000       0x3b
 .ARM.attributes
                0x00000000       0x2b lib/core_stub.o
 .ARM.attributes
                0x0000002b       0x3d components/ql-application/init/CMakeFiles/APPIMAGE_APP.dir/ql_init.c.obj
 .ARM.attributes
                0x00000068       0x3d lib/libql_app_peripheral.a(gpio_demo.c.obj)
 .ARM.attributes
                0x000000a5       0x3d lib/libql_app_peripheral.a(ql_pin_cfg.c.obj)
 .ARM.attributes
                0x000000e2       0x3d lib/libql_app_ble_gatt.a(ble_gatt_demo.c.obj)
 .ARM.attributes
                0x0000011f       0x37 ..\..\components\newlib\armca5\libc.a(lib_a-memcpy-stub.o)
 .ARM.attributes
                0x00000156       0x37 ..\..\components\newlib\armca5\libc.a(lib_a-memset.o)
 .ARM.attributes
                0x0000018d       0x37 ..\..\components\newlib\armca5\libc.a(lib_a-sprintf.o)
 .ARM.attributes
                0x000001c4       0x1d ..\..\components\newlib\armca5\libc.a(lib_a-strlen.o)
 .ARM.attributes
                0x000001e1       0x37 ..\..\components\newlib\armca5\libc.a(lib_a-svfprintf.o)
 .ARM.attributes
                0x00000218       0x37 ..\..\components\newlib\armca5\libc.a(lib_a-dtoa.o)
 .ARM.attributes
                0x0000024f       0x37 ..\..\components\newlib\armca5\libc.a(lib_a-localeconv.o)
 .ARM.attributes
                0x00000286       0x37 ..\..\components\newlib\armca5\libc.a(lib_a-locale.o)
 .ARM.attributes
                0x000002bd       0x37 ..\..\components\newlib\armca5\libc.a(lib_a-mbtowc_r.o)
 .ARM.attributes
                0x000002f4       0x21 ..\..\components\newlib\armca5\libc.a(lib_a-memchr.o)
 .ARM.attributes
                0x00000315       0x37 ..\..\components\newlib\armca5\libc.a(lib_a-mprec.o)
 .ARM.attributes
                0x0000034c       0x37 ..\..\components\newlib\armca5\libc.a(lib_a-s_frexp.o)
 .ARM.attributes
                0x00000383       0x37 ..\..\components\newlib\armca5\libc.a(lib_a-strncpy.o)
 .ARM.attributes
                0x000003ba       0x37 ..\..\components\newlib\armca5\libc.a(lib_a-svfiprintf.o)
 .ARM.attributes
                0x000003f1       0x37 ..\..\components\newlib\armca5\libc.a(lib_a-wctomb_r.o)
 .ARM.attributes
                0x00000428       0x3d ..\..\components\newlib\armca5\libc.a(lib_a-ctype_.o)
 .ARM.attributes
                0x00000465       0x37 ..\..\components\newlib\armca5\libc.a(lib_a-memmove.o)
 .ARM.attributes
                0x0000049c       0x1b ..\..\prebuilts\win32\gcc-arm-none-eabi\lib\gcc\arm-none-eabi\7.2.1\thumb\v7-ar\fpv3\hard\libgcc.a(_udivsi3.o)
 .ARM.attributes
                0x000004b7       0x1b ..\..\prebuilts\win32\gcc-arm-none-eabi\lib\gcc\arm-none-eabi\7.2.1\thumb\v7-ar\fpv3\hard\libgcc.a(_divsi3.o)
 .ARM.attributes
                0x000004d2       0x1b ..\..\prebuilts\win32\gcc-arm-none-eabi\lib\gcc\arm-none-eabi\7.2.1\thumb\v7-ar\fpv3\hard\libgcc.a(_dvmd_tls.o)
 .ARM.attributes
                0x000004ed       0x1b ..\..\prebuilts\win32\gcc-arm-none-eabi\lib\gcc\arm-none-eabi\7.2.1\thumb\v7-ar\fpv3\hard\libgcc.a(_aeabi_uldivmod.o)
 .ARM.attributes
                0x00000508       0x2d ..\..\prebuilts\win32\gcc-arm-none-eabi\lib\gcc\arm-none-eabi\7.2.1\thumb\v7-ar\fpv3\hard\libgcc.a(_udivmoddi4.o)
 .ARM.attributes
                0x00000535       0x3d lib/libql_app_bt.a(bt_demo.c.obj)

/DISCARD/
 *(.dynstr*)
 *(.dynamic*)
 *(.plt*)
 *(.interp*)
 *(.gnu*)
OUTPUT(hex\examples\APPIMAGE_APP.elf elf32-littlearm)

.debug_info     0x00000000     0xd6dd
 .debug_info    0x00000000     0x2963 components/ql-application/init/CMakeFiles/APPIMAGE_APP.dir/ql_init.c.obj
 .debug_info    0x00002963     0x1a86 lib/libql_app_peripheral.a(gpio_demo.c.obj)
 .debug_info    0x000043e9      0xcdc lib/libql_app_peripheral.a(ql_pin_cfg.c.obj)
 .debug_info    0x000050c5     0x714c lib/libql_app_ble_gatt.a(ble_gatt_demo.c.obj)
 .debug_info    0x0000c211     0x14cc lib/libql_app_bt.a(bt_demo.c.obj)

.debug_abbrev   0x00000000      0xfe4
 .debug_abbrev  0x00000000      0x3be components/ql-application/init/CMakeFiles/APPIMAGE_APP.dir/ql_init.c.obj
 .debug_abbrev  0x000003be      0x2ab lib/libql_app_peripheral.a(gpio_demo.c.obj)
 .debug_abbrev  0x00000669      0x1c0 lib/libql_app_peripheral.a(ql_pin_cfg.c.obj)
 .debug_abbrev  0x00000829      0x546 lib/libql_app_ble_gatt.a(ble_gatt_demo.c.obj)
 .debug_abbrev  0x00000d6f      0x275 lib/libql_app_bt.a(bt_demo.c.obj)

.debug_loc      0x00000000     0x1a40
 .debug_loc     0x00000000      0x25a components/ql-application/init/CMakeFiles/APPIMAGE_APP.dir/ql_init.c.obj
 .debug_loc     0x0000025a      0x105 lib/libql_app_peripheral.a(gpio_demo.c.obj)
 .debug_loc     0x0000035f     0x1596 lib/libql_app_ble_gatt.a(ble_gatt_demo.c.obj)
 .debug_loc     0x000018f5      0x14b lib/libql_app_bt.a(bt_demo.c.obj)

.debug_aranges  0x00000000      0x240
 .debug_aranges
                0x00000000       0x40 components/ql-application/init/CMakeFiles/APPIMAGE_APP.dir/ql_init.c.obj
 .debug_aranges
                0x00000040       0x30 lib/libql_app_peripheral.a(gpio_demo.c.obj)
 .debug_aranges
                0x00000070       0x18 lib/libql_app_peripheral.a(ql_pin_cfg.c.obj)
 .debug_aranges
                0x00000088      0x168 lib/libql_app_ble_gatt.a(ble_gatt_demo.c.obj)
 .debug_aranges
                0x000001f0       0x50 lib/libql_app_bt.a(bt_demo.c.obj)

.debug_ranges   0x00000000      0x590
 .debug_ranges  0x00000000       0x60 components/ql-application/init/CMakeFiles/APPIMAGE_APP.dir/ql_init.c.obj
 .debug_ranges  0x00000060       0x20 lib/libql_app_peripheral.a(gpio_demo.c.obj)
 .debug_ranges  0x00000080      0x4d0 lib/libql_app_ble_gatt.a(ble_gatt_demo.c.obj)
 .debug_ranges  0x00000550       0x40 lib/libql_app_bt.a(bt_demo.c.obj)

.debug_line     0x00000000     0x19ca
 .debug_line    0x00000000      0x534 components/ql-application/init/CMakeFiles/APPIMAGE_APP.dir/ql_init.c.obj
 .debug_line    0x00000534      0x350 lib/libql_app_peripheral.a(gpio_demo.c.obj)
 .debug_line    0x00000884      0x1eb lib/libql_app_peripheral.a(ql_pin_cfg.c.obj)
 .debug_line    0x00000a6f      0xc6b lib/libql_app_ble_gatt.a(ble_gatt_demo.c.obj)
 .debug_line    0x000016da      0x2f0 lib/libql_app_bt.a(bt_demo.c.obj)

.debug_str      0x00000000     0x60a1
 .debug_str     0x00000000     0x26b6 components/ql-application/init/CMakeFiles/APPIMAGE_APP.dir/ql_init.c.obj
                               0x281a (size before relaxing)
 .debug_str     0x000026b6      0x144 lib/libql_app_peripheral.a(gpio_demo.c.obj)
                               0x170b (size before relaxing)
 .debug_str     0x000027fa       0x38 lib/libql_app_peripheral.a(ql_pin_cfg.c.obj)
                                0xefc (size before relaxing)
 .debug_str     0x00002832     0x3718 lib/libql_app_ble_gatt.a(ble_gatt_demo.c.obj)
                               0x4c24 (size before relaxing)
 .debug_str     0x00005f4a      0x157 lib/libql_app_bt.a(bt_demo.c.obj)
                               0x18f4 (size before relaxing)

.debug_frame    0x00000000      0x8a8
 .debug_frame   0x00000000       0x9c components/ql-application/init/CMakeFiles/APPIMAGE_APP.dir/ql_init.c.obj
 .debug_frame   0x0000009c       0x6c lib/libql_app_peripheral.a(gpio_demo.c.obj)
 .debug_frame   0x00000108      0x5c8 lib/libql_app_ble_gatt.a(ble_gatt_demo.c.obj)
 .debug_frame   0x000006d0       0x34 ..\..\components\newlib\armca5\libc.a(lib_a-memchr.o)
 .debug_frame   0x00000704       0x20 ..\..\prebuilts\win32\gcc-arm-none-eabi\lib\gcc\arm-none-eabi\7.2.1\thumb\v7-ar\fpv3\hard\libgcc.a(_udivsi3.o)
 .debug_frame   0x00000724       0x20 ..\..\prebuilts\win32\gcc-arm-none-eabi\lib\gcc\arm-none-eabi\7.2.1\thumb\v7-ar\fpv3\hard\libgcc.a(_divsi3.o)
 .debug_frame   0x00000744       0x2c ..\..\prebuilts\win32\gcc-arm-none-eabi\lib\gcc\arm-none-eabi\7.2.1\thumb\v7-ar\fpv3\hard\libgcc.a(_aeabi_uldivmod.o)
 .debug_frame   0x00000770       0x40 ..\..\prebuilts\win32\gcc-arm-none-eabi\lib\gcc\arm-none-eabi\7.2.1\thumb\v7-ar\fpv3\hard\libgcc.a(_udivmoddi4.o)
 .debug_frame   0x000007b0       0xf8 lib/libql_app_bt.a(bt_demo.c.obj)
