Archive member included to satisfy reference by file (symbol)

lib/libbootloader.a(boot_platform_8910.c.obj)
                              (--whole-archive)
lib/libbootloader.a(boot_secure.c.obj)
                              (--whole-archive)
lib/libbootloader.a(boot_entry_v7a.S.obj)
                              (--whole-archive)
lib/libbootloader.a(boot_sffs_port.c.obj)
                              (--whole-archive)
lib/libbootloader.a(boot_delay.c.obj)
                              (--whole-archive)
lib/libbootloader.a(boot_mem.c.obj)
                              (--whole-archive)
lib/libbootloader.a(boot_spi_flash.c.obj)
                              (--whole-archive)
lib/libbootloader.a(boot_debuguart.c.obj)
                              (--whole-archive)
lib/libbootloader.a(boot_trace.c.obj)
                              (--whole-archive)
lib/libbootloader.a(boot_fdl.c.obj)
                              (--whole-archive)
lib/libbootloader.a(boot_fdl_dnld.c.obj)
                              (--whole-archive)
lib/libbootloader.a(boot_aes.c.obj)
                              (--whole-archive)
lib/libbootloader.a(boot_vfs.c.obj)
                              (--whole-archive)
lib/libbootloader.a(boot_irq.c.obj)
                              (--whole-archive)
lib/libbootloader.a(boot_timer.c.obj)
                              (--whole-archive)
lib/libbootloader.a(boot_uart.c.obj)
                              (--whole-archive)
lib/libbootloader.a(boot_uart_cmn.c.obj)
                              (--whole-archive)
lib/libbootloader.a(boot_mmu.c.obj)
                              (--whole-archive)
lib/libbootloader.a(boot_uimage.c.obj)
                              (--whole-archive)
lib/libbootloader.a(boot_udc.c.obj)
                              (--whole-archive)
lib/libbootloader.a(boot_usb_fdl_channel.c.obj)
                              (--whole-archive)
lib/libbootloader.a(boot_pdl.c.obj)
                              (--whole-archive)
lib/libbootloader.a(boot_pdl_uimage.c.obj)
                              (--whole-archive)
lib/libbootloader.a(boot_lcd.c.obj)
                              (--whole-archive)
lib/libbootloader.a(boot_unity.c.obj)
                              (--whole-archive)
lib/libbootloader.a(boot_override.c.obj)
                              (--whole-archive)
lib/libbootloader.a(boot_adi_bus.c.obj)
                              (--whole-archive)
lib/libbootloader.a(boot_log.c.obj)
                              (--whole-archive)
lib/libhal.a(hal_clock_init.c.obj)
                              components/bootloader/CMakeFiles/boot2.dir/boot/boot2_start_8910.c.obj (halRamInit)
lib/libhal.a(hal_chip_8910.c.obj)
                              lib/libbootloader.a(boot_usb_fdl_channel.c.obj) (osiDCacheClean)
lib/libhal.a(hal_pmu_8910.c.obj)
                              lib/libbootloader.a(boot_unity.c.obj) (halPmuExtFlashPowerOn)
lib/libhal.a(hal_efuse_8910.c.obj)
                              lib/libbootloader.a(boot_secure.c.obj) (halEfuseOpen)
lib/libhal.a(hal_delay.c.obj)
                              components/bootloader/CMakeFiles/boot2.dir/boot/boot2_start_8910.c.obj (osiDelayUS)
lib/libhal.a(hal_reg_apply.c.obj)
                              lib/libhal.a(hal_clock_init.c.obj) (halApplyRegisters)
lib/libhal.a(hal_chip.c.obj)  lib/libbootloader.a(boot_uart.c.obj) (halCalcDivider20)
lib/libhal.a(hal_chip_armv7a.c.obj)
                              lib/libbootloader.a(boot_platform_8910.c.obj) (halSaveBlueScreenReg)
lib/libhal.a(hal_hwspinlock.c.obj)
                              lib/libhal.a(hal_efuse_8910.c.obj) (halHwspinlockAcquire)
lib/libhal.a(hal_spi_flash.c.obj)
                              lib/libbootloader.a(boot_spi_flash.c.obj) (halSpiFlashChipErase)
lib/libhal.a(hal_gpio.c.obj)  lib/libhal.a(hal_pmu_8910.c.obj) (halGpioSetOutput)
lib/libosi_lib.a(osi_fifo.c.obj)
                              lib/libbootloader.a(boot_usb_fdl_channel.c.obj) (osiFifoInit)
lib/libfupdate_core.a(fupdate_bootloader.c.obj)
                              components/bootloader/CMakeFiles/boot2.dir/boot/boot2_start_8910.c.obj (fupdateGetUpdatingType)
lib/libfupdate_core.a(fupdate_common.c.obj)
                              lib/libfupdate_core.a(fupdate_bootloader.c.obj) (fupdateBlockedFname)
lib/libfsmount.a(fs_mount.c.obj)
                              lib/libbootloader.a(boot_fdl_dnld.c.obj) (fsMountFsPath)
lib/libsffs_core.a(sffs.c.obj)
                              lib/libbootloader.a(boot_vfs.c.obj) (sffsMount)
lib/libsffs_core.a(lzmar.c.obj)
                              lib/libfupdate_core.a(fupdate_bootloader.c.obj) (lzmarCompress)
lib/libsffs_core.a(LzmaEnc.c.obj)
                              lib/libsffs_core.a(lzmar.c.obj) (LzmaEncode)
lib/libsffs_core.a(LzmaDec.c.obj)
                              lib/libsffs_core.a(lzmar.c.obj) (LzmaDecode2)
lib/libsffs_core.a(LzFind.c.obj)
                              lib/libsffs_core.a(LzmaEnc.c.obj) (MatchFinder_Construct)
[...]
Memory Configuration

Name             Origin             Length             Attributes
sram             0x00810040         0x0002ffc0         xrw
*default*        0x00000000         0xffffffff

Linker script and memory map

LOAD components/bootloader/CMakeFiles/boot2.dir/boot/boot2_start_8910.c.obj
LOAD lib/libbootloader.a
START GROUP
LOAD lib/libhal.a
LOAD lib/libosi_lib.a
LOAD lib/libfupdate_core.a
LOAD lib/libfupdate_security_boot.a
LOAD lib/libfsmount.a
LOAD lib/libsffs_core.a
LOAD lib/libbdev.a
LOAD lib/libbdev_core.a
LOAD lib/libboot_ex_ql.a
END GROUP
LOAD ../../components/newlib/armca5/libc.a
LOAD ../../prebuilts/win32/gcc-arm-none-eabi/bin/../lib/gcc/arm-none-eabi/7.2.1/thumb/v7-ar/fpv3/hard/libgcc.a
LOAD lib/libboot_calclib_crc.a
LOAD lib/libboot_ex_fat_rdonly.a
LOAD lib/libboot_ex_sdmmc.a
LOAD lib/libboot_ex_spi6nor.a
LOAD lib/libboot_ex_ql_pin.a
LOAD ../../components/libs/boot_encrypt/libboot_encrypt.a
LOAD lib/libcalclib.a
LOAD lib/libhal.a
LOAD lib/libdriver.a
LOAD lib/libhal_prop.a
LOAD lib/libdriver_lcd.a
LOAD lib/liboql_core_boot_virt_func.a
LOAD lib/libdriver_camera.a
LOAD lib/libhal.a
LOAD lib/libdriver.a
LOAD lib/libhal_prop.a
LOAD lib/libdriver_lcd.a
LOAD lib/liboql_core_boot_virt_func.a
LOAD lib/libdriver_camera.a
LOAD lib/libfs_partinfo.a

.text           0x00810040     0xe000
                0x00810040                __text_start = .
 *(BOOT_ENTRY)
 BOOT_ENTRY     0x00810040      0x25c lib/libbootloader.a(boot_entry_v7a.S.obj)
                0x00810040                Vectors
                0x008101e4                bootEntry
                0x00810260                bootJumpImageEntry
 SORT_BY_NAME(*)(.sramboottext .sramboottext.*)
 .sramboottext  0x0081029c       0x6c lib/libhal.a(hal_delay.c.obj)
                0x0081029c                osiDelayLoops
                0x008102a8                osiDelayUS
                0x008102c8                osiDebugEvent
                0x008102fc                osiHWTick16K
 .sramboottext  0x00810308       0x56 lib/libhal.a(hal_reg_apply.c.obj)
                0x00810308                halApplyRegisters
                0x0081033a                halApplyRegisterList
 SORT_BY_NAME(*)(.sramtext .sramtext.*)
 .sramtext      0x0081035e       0x1e lib/libhal.a(hal_chip_8910.c.obj)
                0x0081035e                uxPortSetInterruptMaskFromISR
                0x0081035e                vPortDisableInterrupts
                0x0081035e                uxPortEnterCritical
                0x0081035e                osiEnterCritical
                0x0081035e                osiIrqSave
                0x0081036e                osiExitCritical
                0x0081036e                osiIrqRestore
                0x0081036e                vPortExitCritical
                0x0081036e                vPortClearInterruptMaskFromISR
 SORT_BY_NAME(*)(.ramtext .ramtext.*)
 .ramtext.osi_log.430
                0x0081037c       0x98 lib/libbootloader.a(boot_log.c.obj)
 .ramtext.osi_log.521
                0x00810414       0x24 lib/libbootloader.a(boot_log.c.obj)
                0x00810414                osiTraceBasic
                0x00810414                boot_osiTraceBasic
 .ramtext.osi_log.535
                0x00810438       0x24 lib/libbootloader.a(boot_log.c.obj)
                0x00810438                osiTraceIdBasic
                0x00810438                boot_osiTraceIdBasic
 .ramtext.flashhal.989
                0x0081045c       0xe4 lib/libhal.a(hal_spi_flash.c.obj)
                0x0081045c                halSpiFlashCmd
 .ramtext.flashhal.245
                0x00810540       0x20 lib/libhal.a(hal_spi_flash.c.obj)
 .ramtext.flashhal.313
                0x00810560       0x14 lib/libhal.a(hal_spi_flash.c.obj)
 .ramtext.flashhal.329
                0x00810574       0x24 lib/libhal.a(hal_spi_flash.c.obj)
 .ramtext.flashhal.239
                0x00810598       0x16 lib/libhal.a(hal_spi_flash.c.obj)
 .ramtext.flashhal.509
                0x008105ae        0xa lib/libhal.a(hal_spi_flash.c.obj)
 .ramtext.flashhal.498
                0x008105b8        0xa lib/libhal.a(hal_spi_flash.c.obj)
 .ramtext.flashhal.487
                0x008105c2        0xa lib/libhal.a(hal_spi_flash.c.obj)
 .ramtext.flashhal.907
                0x008105cc       0x1a lib/libhal.a(hal_spi_flash.c.obj)
                0x008105cc                halSpiFlashErase
 .ramtext.flashhal.227
                0x008105e6       0x12 lib/libhal.a(hal_spi_flash.c.obj)
 .ramtext.flashhal.346
                0x008105f8       0x18 lib/libhal.a(hal_spi_flash.c.obj)
 .ramtext.flashhal.397
                0x00810610       0x24 lib/libhal.a(hal_spi_flash.c.obj)
 .ramtext.flashhal.476
                0x00810634        0xc lib/libhal.a(hal_spi_flash.c.obj)
                0x00810634                halSpiFlashPageProgram
 .ramtext.flashhal.370
                0x00810640       0x64 lib/libhal.a(hal_spi_flash.c.obj)
 .ramtext.flashhal.1068
                0x008106a4        0xa lib/libhal.a(hal_spi_flash.c.obj)
                0x008106a4                halSpiFlashWriteEnable
 *fill*         0x008106ae        0x2 
 .ramtext.flashhal.414
                0x008106b0      0x184 lib/libhal.a(hal_spi_flash.c.obj)
                0x008106b0                halSpiFlashPrepareEraseProgram
 .ramtext.flashhal.450
                0x00810834       0x6c lib/libhal.a(hal_spi_flash.c.obj)
                0x00810834                halSpiFlashFinishEraseProgram
 .ramtext.flashhal.1076
                0x008108a0        0xa lib/libhal.a(hal_spi_flash.c.obj)
                0x008108a0                halSpiFlashWriteDisable
 .ramtext.flashhal.1084
                0x008108aa        0xa lib/libhal.a(hal_spi_flash.c.obj)
                0x008108aa                halSpiFlashResetEnable
 .ramtext.flashhal.1092
                0x008108b4        0xa lib/libhal.a(hal_spi_flash.c.obj)
                0x008108b4                halSpiFlashReset
 .ramtext.flashhal.1100
                0x008108be       0x1a lib/libhal.a(hal_spi_flash.c.obj)
                0x008108be                halSpiFlashReadSR
 .ramtext.flashhal.1136
                0x008108d8       0x26 lib/libhal.a(hal_spi_flash.c.obj)
                0x008108d8                halSpiFlashIsWipFinished
 .ramtext.flashhal.1149
                0x008108fe       0x10 lib/libhal.a(hal_spi_flash.c.obj)
                0x008108fe                halSpiFlashWaitWipFinish
 .ramtext.flashhal.1108
                0x0081090e       0x6c lib/libhal.a(hal_spi_flash.c.obj)
                0x0081090e                halSpiFlashWriteSR
 *fill*         0x0081097a        0x2 
 .ramtext.flashhal.1272
                0x0081097c      0x18c lib/libhal.a(hal_spi_flash.c.obj)
                0x0081097c                halSpiFlashStatusCheck
 .ramtext.flashhal.1385
                0x00810b08      0x10c lib/libhal.a(hal_spi_flash.c.obj)
                0x00810b08                halSpiFlashInit
 .ramtext.flashhal.103
                0x00810c14       0x44 lib/libhal.a(hal_spi_flash.c.obj)
 .ramtext.flashhal.126
                0x00810c58       0x44 lib/libhal.a(hal_spi_flash.c.obj)
 .ramtext.flashhal.149
                0x00810c9c       0x44 lib/libhal.a(hal_spi_flash.c.obj)
 .ramtext.flashhal.172
                0x00810ce0       0x3c lib/libhal.a(hal_spi_flash.c.obj)
 .ramtext.flashhal.63
                0x00810d1c       0x34 lib/libhal.a(hal_spi_flash.c.obj)
 .ramtext.flashhal.82
                0x00810d50       0x3c lib/libhal.a(hal_spi_flash.c.obj)
 SORT_BY_NAME(*)(.text .text.* .gnu.linkonce.t.* .rdata .rodata .rodata.* .rodata1 .gnu.linkonce.r.*)
 .text.__getreent
                0x00810d8c        0xc ../../components/newlib/armca5/libc.a(lib_a-getreent.o)
                0x00810d8c                __getreent
 .text.memcmp   0x00810d98       0x5c ../../components/newlib/armca5/libc.a(lib_a-memcmp.o)
                0x00810d98                memcmp
 .text.memcpy   0x00810df4       0xc8 ../../components/newlib/armca5/libc.a(lib_a-memcpy-stub.o)
                0x00810df4                memcpy
 .text.memmove  0x00810ebc       0xd4 ../../components/newlib/armca5/libc.a(lib_a-memmove.o)
                0x00810ebc                memmove
 .text.memset   0x00810f90       0xa8 ../../components/newlib/armca5/libc.a(lib_a-memset.o)
                0x00810f90                memset
 .text.strchr   0x00811038       0xd0 ../../components/newlib/armca5/libc.a(lib_a-strchr.o)
                0x00811038                strchr
 .text.strcpy   0x00811108       0xc4 ../../components/newlib/armca5/libc.a(lib_a-strcpy.o)
                0x00811108                strcpy
 .text.strdup   0x008111cc       0x14 ../../components/newlib/armca5/libc.a(lib_a-strdup.o)
                0x008111cc                strdup
 .text._strdup_r
                0x008111e0       0x24 ../../components/newlib/armca5/libc.a(lib_a-strdup_r.o)
                0x008111e0                _strdup_r
 *fill*         0x00811204       0x3c 
 .text          0x00811240       0xdc ../../components/newlib/armca5/libc.a(lib_a-strlen.o)
                0x00811240                strlen
 .text.strncmp  0x0081131c       0x84 ../../components/newlib/armca5/libc.a(lib_a-strncmp.o)
                0x0081131c                strncmp
 .text.strrchr  0x008113a0       0x24 ../../components/newlib/armca5/libc.a(lib_a-strrchr.o)
                0x008113a0                strrchr
 *fill*         0x008113c4        0x4 
 .text          0x008113c8      0x2b0 ../../prebuilts/win32/gcc-arm-none-eabi/bin/../lib/gcc/arm-none-eabi/7.2.1/thumb/v7-ar/fpv3/hard/libgcc.a(_divsi3.o)
                0x008113c8                __divsi3
                0x008113c8                __aeabi_idiv
                0x0081165c                __aeabi_idivmod
 .text          0x00811678        0x4 ../../prebuilts/win32/gcc-arm-none-eabi/bin/../lib/gcc/arm-none-eabi/7.2.1/thumb/v7-ar/fpv3/hard/libgcc.a(_dvmd_tls.o)
                0x00811678                __aeabi_idiv0
                0x00811678                __aeabi_ldiv0
 *fill*         0x0081167c        0x4 
 .text          0x00811680      0x278 ../../prebuilts/win32/gcc-arm-none-eabi/bin/../lib/gcc/arm-none-eabi/7.2.1/thumb/v7-ar/fpv3/hard/libgcc.a(_udivsi3.o)
                0x00811680                __aeabi_uidiv
                0x00811680                __udivsi3
                0x008118dc                __aeabi_uidivmod
 .text.prvFirmwareUpdateProgress
                0x008118f8       0x20 components/bootloader/CMakeFiles/boot2.dir/boot/boot2_start_8910.c.obj
 .text.prvFirmwareUpdatePreProgress
                0x00811918       0x4c components/bootloader/CMakeFiles/boot2.dir/boot/boot2_start_8910.c.obj
 .text.bootStart
                0x00811964      0x244 components/bootloader/CMakeFiles/boot2.dir/boot/boot2_start_8910.c.obj
                0x00811964                bootStart
 .rodata.bootStart.str1.1
                0x00811ba8        0xc components/bootloader/CMakeFiles/boot2.dir/boot/boot2_start_8910.c.obj
 .rodata.prvFirmwareUpdatePreProgress.str1.1
                0x00811bb4       0x5a components/bootloader/CMakeFiles/boot2.dir/boot/boot2_start_8910.c.obj
 .rodata.prvFirmwareUpdateProgress.str1.1
                0x00811c0e       0x15 components/bootloader/CMakeFiles/boot2.dir/boot/boot2_start_8910.c.obj
 *fill*         0x00811c23        0x1 
 .text.blockDeviceRead
                0x00811c24        0xc lib/libbdev.a(block_device.c.obj)
                0x00811c24                blockDeviceRead
 .text.blockDeviceWrite
                0x00811c30        0xc lib/libbdev.a(block_device.c.obj)
                0x00811c30                blockDeviceWrite
 .text.blockDeviceErase
                0x00811c3c        0xc lib/libbdev.a(block_device.c.obj)
                0x00811c3c                blockDeviceErase
 .text.blockDeviceDestroy
                0x00811c48        0x8 lib/libbdev.a(block_device.c.obj)
                0x00811c48                blockDeviceDestroy
 .text._destroy
                0x00811c50        0x4 lib/libbdev.a(partition_block_device.c.obj)
 .text._erase   0x00811c54       0x14 lib/libbdev.a(partition_block_device.c.obj)
 .text._write   0x00811c68       0x14 lib/libbdev.a(partition_block_device.c.obj)
 .text._read    0x00811c7c       0x14 lib/libbdev.a(partition_block_device.c.obj)
 .text.partBlockDeviceCreate
                0x00811c90       0x78 lib/libbdev.a(partition_block_device.c.obj)
                0x00811c90                partBlockDeviceCreate
 .text.prvDestroy
                0x00811d08       0x1c lib/libbdev_core.a(flash_block_device_v2.c.obj)
 .text.prvStat  0x00811d24       0x64 lib/libbdev_core.a(flash_block_device_v2.c.obj)
 .text.prvPbGetStatus.isra.8
                0x00811d88       0x14 lib/libbdev_core.a(flash_block_device_v2.c.obj)
 .text.prvEbFindGcTo
                0x00811d9c       0x56 lib/libbdev_core.a(flash_block_device_v2.c.obj)
 .text.prvPbSetStatus.isra.9
                0x00811df2       0x2e lib/libbdev_core.a(flash_block_device_v2.c.obj)
 .text.prvFlashWrite
                0x00811e20       0x3c lib/libbdev_core.a(flash_block_device_v2.c.obj)
 .text.prvPbDelete
                0x00811e5c       0x1e lib/libbdev_core.a(flash_block_device_v2.c.obj)
 .text.prvErase
                0x00811e7a       0x72 lib/libbdev_core.a(flash_block_device_v2.c.obj)
 .text.prvFlashWriteCheck
                0x00811eec       0x28 lib/libbdev_core.a(flash_block_device_v2.c.obj)
 .text.prvFlashRead
                0x00811f14       0x44 lib/libbdev_core.a(flash_block_device_v2.c.obj)
 .text.prvPbReadTail
                0x00811f58        0xe lib/libbdev_core.a(flash_block_device_v2.c.obj)
 .text.prvRead  0x00811f66       0x7e lib/libbdev_core.a(flash_block_device_v2.c.obj)
 .text.prvPbMemCalcCrc.isra.13
                0x00811fe4       0x1c lib/libbdev_core.a(flash_block_device_v2.c.obj)
 .text.prvPbReadStatus
                0x00812000       0xa8 lib/libbdev_core.a(flash_block_device_v2.c.obj)
 .text.prvSetGeom
                0x008120a8       0xbe lib/libbdev_core.a(flash_block_device_v2.c.obj)
 *fill*         0x00812166        0x2 
 .text.prvScan  0x00812168      0x230 lib/libbdev_core.a(flash_block_device_v2.c.obj)
 .text.prvWrite
                0x00812398      0x34c lib/libbdev_core.a(flash_block_device_v2.c.obj)
 .text.flashBlockDeviceCreateV2
                0x008126e4       0xfc lib/libbdev_core.a(flash_block_device_v2.c.obj)
                0x008126e4                flashBlockDeviceCreateV2
 .text.flashBlockDeviceFormatV2
                0x008127e0       0x70 lib/libbdev_core.a(flash_block_device_v2.c.obj)
                0x008127e0                flashBlockDeviceFormatV2
 .rodata.gFbdev2Ops
                0x00812850       0x14 lib/libbdev_core.a(flash_block_device_v2.c.obj)
 .text.crc_table_init
                0x00812864       0x68 lib/libboot_calclib_crc.a(crc32.c.obj)
                0x00812864                crc_table_init
 .text.crc32Init
                0x008128cc       0x1c lib/libboot_calclib_crc.a(crc32.c.obj)
                0x008128cc                crc32Init
 .text.crc32Calc
                0x008128e8       0x38 lib/libboot_calclib_crc.a(crc32.c.obj)
                0x008128e8                crc32Calc
 .text.crc32VariantInit
                0x00812920       0x1c lib/libboot_calclib_crc.a(crc32.c.obj)
                0x00812920                crc32VariantInit
 .text.crc32VariantUpdate
                0x0081293c       0x34 lib/libboot_calclib_crc.a(crc32.c.obj)
                0x0081293c                crc32VariantUpdate
 .text.crc32VariantCalc
                0x00812970       0x34 lib/libboot_calclib_crc.a(crc32.c.obj)
                0x00812970                crc32VariantCalc
 .text.crc8RohcInit
                0x008129a4       0x1c lib/libboot_calclib_crc.a(crc32.c.obj)
                0x008129a4                crc8RohcInit
 .text.crc8RohcCalc
                0x008129c0       0x2c lib/libboot_calclib_crc.a(crc32.c.obj)
                0x008129c0                crc8RohcCalc
 .text.disk_readp
                0x008129ec        0x4 lib/libboot_ex_fat_rdonly.a(diskio.c.obj)
                0x008129ec                disk_readp
 .text.ff_convert
                0x008129f0       0x38 lib/libboot_ex_fat_rdonly.a(pff_basic.c.obj)
                0x008129f0                ff_convert
 .text.ld_word  0x00812a28        0x4 lib/libboot_ex_fat_rdonly.a(pff_basic.c.obj)
                0x00812a28                ld_word
 .text.ld_dword
                0x00812a2c        0x4 lib/libboot_ex_fat_rdonly.a(pff_basic.c.obj)
                0x00812a2c                ld_dword
 .text.mem_set  0x00812a30        0xe lib/libboot_ex_fat_rdonly.a(pff_basic.c.obj)
                0x00812a30                mem_set
 .text.mem_cmp  0x00812a3e       0x1c lib/libboot_ex_fat_rdonly.a(pff_basic.c.obj)
                0x00812a3e                mem_cmp
 .text.chk_chr  0x00812a5a        0xe lib/libboot_ex_fat_rdonly.a(pff_basic.c.obj)
                0x00812a5a                chk_chr
 .text.test_lfn
                0x00812a68       0x58 lib/libboot_ex_fat_rdonly.a(pff_basic.c.obj)
                0x00812a68                test_lfn
 .text.sum_sfn  0x00812ac0       0x1e lib/libboot_ex_fat_rdonly.a(pff_basic.c.obj)
                0x00812ac0                sum_sfn
 *fill*         0x00812ade        0x2 
 .text.clust2sect
                0x00812ae0       0x20 lib/libboot_ex_fat_rdonly.a(pff_basic.c.obj)
                0x00812ae0                clust2sect
 .text.get_clust
                0x00812b00        0xa lib/libboot_ex_fat_rdonly.a(pff_basic.c.obj)
                0x00812b00                get_clust
 *fill*         0x00812b0a        0x2 
 .text.create_name
                0x00812b0c      0x200 lib/libboot_ex_fat_rdonly.a(pff_basic.c.obj)
                0x00812b0c                create_name
 .text.check_fs
                0x00812d0c       0x5c lib/libboot_ex_fat_rdonly.a(pff_basic.c.obj)
                0x00812d0c                check_fs
 .rodata.LfnOfs
                0x00812d68        0xd lib/libboot_ex_fat_rdonly.a(pff_basic.c.obj)
                0x00812d68                LfnOfs
 *fill*         0x00812d75        0x1 
 .rodata.Tbl    0x00812d76      0x100 lib/libboot_ex_fat_rdonly.a(pff_basic.c.obj)
 .rodata.create_name.str1.1
                0x00812e76       0x10 lib/libboot_ex_fat_rdonly.a(pff_basic.c.obj)
 *fill*         0x00812e86        0x2 
 .text.get_fat  0x00812e88       0x7c lib/libboot_ex_fat_rdonly.a(pff_rdonly.c.obj)
 .text.dir_seek.constprop.2
                0x00812f04       0x44 lib/libboot_ex_fat_rdonly.a(pff_rdonly.c.obj)
 .text.pf_mount
                0x00812f48      0x158 lib/libboot_ex_fat_rdonly.a(pff_rdonly.c.obj)
                0x00812f48                pf_mount
 .text.pf_open  0x008130a0      0x204 lib/libboot_ex_fat_rdonly.a(pff_rdonly.c.obj)
                0x008130a0                pf_open
 .text.pf_read  0x008132a4       0xd4 lib/libboot_ex_fat_rdonly.a(pff_rdonly.c.obj)
                0x008132a4                pf_read
 .text.quec_blockDeviceRead
                0x00813378       0x20 lib/libboot_ex_fat_rdonly.a(quec_boot_block_device.c.obj)
                0x00813378                quec_blockDeviceRead
 .text.ql_boot_fat_open
                0x00813398       0x1a lib/libboot_ex_fat_rdonly.a(quec_boot_pff_rdonly.c.obj)
                0x00813398                ql_boot_fat_open
 .text.ql_boot_fat_read
                0x008133b2       0x22 lib/libboot_ex_fat_rdonly.a(quec_boot_pff_rdonly.c.obj)
                0x008133b2                ql_boot_fat_read
 .text.quec_get_real_path
                0x008133d4       0x28 lib/libboot_ex_fat_rdonly.a(quec_boot_pff_rdonly.c.obj)
                0x008133d4                quec_get_real_path
 .text.quec_boot_open_file
                0x008133fc       0x80 lib/libboot_ex_fat_rdonly.a(quec_boot_pff_rdonly.c.obj)
                0x008133fc                quec_boot_open_file
 .text.quec_bootVfsOpen
                0x0081347c       0x2a lib/libboot_ex_fat_rdonly.a(quec_boot_pff_rdonly.c.obj)
                0x0081347c                quec_bootVfsOpen
 *fill*         0x008134a6        0x2 
 .text.quec_bootVfsRead
                0x008134a8       0x30 lib/libboot_ex_fat_rdonly.a(quec_boot_pff_rdonly.c.obj)
                0x008134a8                quec_bootVfsRead
 .text.quec_bootVfsClose
                0x008134d8       0x28 lib/libboot_ex_fat_rdonly.a(quec_boot_pff_rdonly.c.obj)
                0x008134d8                quec_bootVfsClose
 .text.quec_bootVfsFileSize
                0x00813500       0x40 lib/libboot_ex_fat_rdonly.a(quec_boot_pff_rdonly.c.obj)
                0x00813500                quec_bootVfsFileSize
 .text.quec_bootVfsCheckPath
                0x00813540       0x12 lib/libboot_ex_fat_rdonly.a(quec_boot_pff_rdonly.c.obj)
                0x00813540                quec_bootVfsCheckPath
 .rodata.quec_boot_open_file.str1.1
                0x00813552       0x21 lib/libboot_ex_fat_rdonly.a(quec_boot_pff_rdonly.c.obj)
 .rodata.quec_get_real_path.str1.1
                0x00813573        0xe lib/libboot_ex_fat_rdonly.a(quec_boot_pff_rdonly.c.obj)
 *fill*         0x00813581        0x3 
 .text.ql_boot_fat_disk_read
                0x00813584       0x28 lib/libboot_ex_fat_rdonly.a(quec_boot_vfs.c.obj)
                0x00813584                ql_boot_fat_disk_read
 .text.quec_check_path_type
                0x008135ac       0x88 lib/libboot_ex_ql.a(quec_boot_fota.c.obj)
                0x008135ac                quec_check_path_type
 .text.prvQuec_Load_Fota_nv_Cfg
                0x00813634       0x90 lib/libboot_ex_ql.a(quec_boot_fota.c.obj)
                0x00813634                prvQuec_Load_Fota_nv_Cfg
 .text.quec_boot_fota_init
                0x008136c4       0xa4 lib/libboot_ex_ql.a(quec_boot_fota.c.obj)
                0x008136c4                quec_boot_fota_init
 .text.quec_boot_fota_pack_verify
                0x00813768       0xbc lib/libboot_ex_ql.a(quec_boot_fota.c.obj)
                0x00813768                quec_boot_fota_pack_verify
 .rodata.gFupdatePackFileNameInvalid
                0x00813824        0x9 lib/libboot_ex_ql.a(quec_boot_fota.c.obj)
 .rodata.prvQuec_Load_Fota_nv_Cfg.str1.1
                0x0081382d       0x5e lib/libboot_ex_ql.a(quec_boot_fota.c.obj)
 .rodata.quec_boot_fota_init.str1.1
                0x0081388b       0x37 lib/libboot_ex_ql.a(quec_boot_fota.c.obj)
 .rodata.quec_boot_fota_pack_verify.str1.1
                0x008138c2       0x12 lib/libboot_ex_ql.a(quec_boot_fota.c.obj)
 .rodata.quec_check_path_type.str1.1
                0x008138d4        0x8 lib/libboot_ex_ql.a(quec_boot_fota.c.obj)
                                 0x1d (size before relaxing)
 .rodata.ql_boot_model_diff_ctx
                0x008138dc        0x1 lib/libboot_ex_ql_pin.a(quec_boot_pin_map.c.obj)
                0x008138dc                ql_boot_model_diff_ctx
 *fill*         0x008138dd        0x3 
 .text.bootdrvIfcChannelInit
                0x008138e0       0x1c lib/libboot_ex_sdmmc.a(quec_boot_ifc.c.obj)
                0x008138e0                bootdrvIfcChannelInit
 .text.bootdrvIfcRequestChannel
                0x008138fc       0x44 lib/libboot_ex_sdmmc.a(quec_boot_ifc.c.obj)
                0x008138fc                bootdrvIfcRequestChannel
 .text.bootdrvIfcFlush
                0x00813940        0xa lib/libboot_ex_sdmmc.a(quec_boot_ifc.c.obj)
                0x00813940                bootdrvIfcFlush
 .text.bootdrvIfcStart
                0x0081394a       0x2e lib/libboot_ex_sdmmc.a(quec_boot_ifc.c.obj)
                0x0081394a                bootdrvIfcStart
 .rodata.bootdrvIfcRequestChannel.str1.1
                0x00813978       0x1f lib/libboot_ex_sdmmc.a(quec_boot_ifc.c.obj)
 *fill*         0x00813997        0x1 
 .rodata.gIfcDescs
                0x00813998       0x20 lib/libboot_ex_sdmmc.a(quec_boot_ifc.c.obj)
 .text.prvSdmmcSetClk
                0x008139b8       0x40 lib/libboot_ex_sdmmc.a(quec_boot_sd.c.obj)
 .text.prvSdmmcWaitCmdDone
                0x008139f8       0x2c lib/libboot_ex_sdmmc.a(quec_boot_sd.c.obj)
 .text.prvSdmmcWaitCmdResp
                0x00813a24       0x2e lib/libboot_ex_sdmmc.a(quec_boot_sd.c.obj)
 *fill*         0x00813a52        0x2 
 .text.prvSdmmcCommand
                0x00813a54      0x234 lib/libboot_ex_sdmmc.a(quec_boot_sd.c.obj)
 .text.prvSdmmcWaitTransDone.constprop.11
                0x00813c88       0x38 lib/libboot_ex_sdmmc.a(quec_boot_sd.c.obj)
 .text.quec_boot_sdmmc_read
                0x00813cc0       0xd0 lib/libboot_ex_sdmmc.a(quec_boot_sd.c.obj)
                0x00813cc0                quec_boot_sdmmc_read
 .text.quec_sdmmc_init_internal
                0x00813d90      0x3b4 lib/libboot_ex_sdmmc.a(quec_boot_sd.c.obj)
 .text.quec_boot_sdmmc_init
                0x00814144       0x7c lib/libboot_ex_sdmmc.a(quec_boot_sd.c.obj)
                0x00814144                quec_boot_sdmmc_init
 .rodata.quec_boot_sdmmc_init.str1.1
                0x008141c0       0x25 lib/libboot_ex_sdmmc.a(quec_boot_sd.c.obj)
 .rodata.quec_sdmmc_init_internal.str1.1
                0x008141e5       0x51 lib/libboot_ex_sdmmc.a(quec_boot_sd.c.obj)
 *fill*         0x00814236        0x2 
 .text.quec_boot_sdmmc_switch_power
                0x00814238       0x34 lib/libboot_ex_sdmmc.a(quec_boot_sdmmc.c.obj)
                0x00814238                quec_boot_sdmmc_switch_power
 .text.quec_boot_set_sdmmc_power_level
                0x0081426c       0x44 lib/libboot_ex_sdmmc.a(quec_boot_sdmmc.c.obj)
                0x0081426c                quec_boot_set_sdmmc_power_level
 .text.ql_boot_set_power_domain
                0x008142b0       0xf0 lib/libboot_ex_spi6nor.a(quec_boot_pin_power_domain.c.obj)
                0x008142b0                ql_boot_set_power_domain
 .text.quec_boot_pin_init
                0x008143a0       0x2c lib/libboot_ex_spi6nor.a(quec_boot_pin_power_domain.c.obj)
                0x008143a0                quec_boot_pin_init
 .text.quec_boot_get_pin_reg_default_val
                0x008143cc       0x12 lib/libboot_ex_spi6nor.a(quec_boot_pin_power_domain.c.obj)
                0x008143cc                quec_boot_get_pin_reg_default_val
 .rodata.ql_boot_set_power_domain.str1.1
                0x008143de       0x1d lib/libboot_ex_spi6nor.a(quec_boot_pin_power_domain.c.obj)
 *fill*         0x008143fb        0x1 
 .text.ql_set_spi6_ext_nor_flash_status
                0x008143fc        0xc lib/libboot_ex_spi6nor.a(quec_spi6_ext_norflash_cfg.c.obj)
                0x008143fc                ql_set_spi6_ext_nor_flash_status
 .text.ql_get_spi6_ext_nor_status
                0x00814408        0xc lib/libboot_ex_spi6nor.a(quec_spi6_ext_norflash_cfg.c.obj)
                0x00814408                ql_get_spi6_ext_nor_status
 .text.quec_spi6_ext_norflash_get_mount_status
                0x00814414        0xc lib/libboot_ex_spi6nor.a(quec_spi6_ext_norflash_cfg.c.obj)
                0x00814414                quec_spi6_ext_norflash_get_mount_status
 .text.quec_set_spi6_ext_nor_flash_capacity
                0x00814420       0x78 lib/libboot_ex_spi6nor.a(quec_spi6_ext_norflash_cfg.c.obj)
                0x00814420                quec_set_spi6_ext_nor_flash_capacity
 .text.quec_spi6_ext_nor_flash_mount
                0x00814498       0x7c lib/libboot_ex_spi6nor.a(quec_spi6_ext_norflash_cfg.c.obj)
                0x00814498                quec_spi6_ext_nor_flash_mount
 .text.quec_boot_spi6_pin_init
                0x00814514       0xa8 lib/libboot_ex_spi6nor.a(quec_spi6_ext_norflash_cfg.c.obj)
                0x00814514                quec_boot_spi6_pin_init
 .text.quec_boot_spi6_ext_norflash_gpio_init
                0x008145bc        0xc lib/libboot_ex_spi6nor.a(quec_spi6_ext_norflash_cfg.c.obj)
                0x008145bc                quec_boot_spi6_ext_norflash_gpio_init
 .text.quec_boot_spi6_ext_norflash_init
                0x008145c8       0x38 lib/libboot_ex_spi6nor.a(quec_spi6_ext_norflash_cfg.c.obj)
                0x008145c8                quec_boot_spi6_ext_norflash_init
 .text.quec_boot_get_spi6_ext_norflash_gpio_default_fuction
                0x00814600       0x80 lib/libboot_ex_spi6nor.a(quec_spi6_ext_norflash_cfg.c.obj)
                0x00814600                quec_boot_get_spi6_ext_norflash_gpio_default_fuction
 .rodata.__FUNCTION__.48887
                0x00814680       0x25 lib/libboot_ex_spi6nor.a(quec_spi6_ext_norflash_cfg.c.obj)
 .rodata.__FUNCTION__.48899
                0x008146a5       0x1e lib/libboot_ex_spi6nor.a(quec_spi6_ext_norflash_cfg.c.obj)
 .rodata.__FUNCTION__.48982
                0x008146c3       0x21 lib/libboot_ex_spi6nor.a(quec_spi6_ext_norflash_cfg.c.obj)
 .rodata.quec_boot_spi6_ext_norflash_init.str1.1
                0x008146e4       0x27 lib/libboot_ex_spi6nor.a(quec_spi6_ext_norflash_cfg.c.obj)
 .rodata.quec_set_spi6_ext_nor_flash_capacity.str1.1
                0x0081470b       0x5c lib/libboot_ex_spi6nor.a(quec_spi6_ext_norflash_cfg.c.obj)
 .rodata.quec_spi6_ext_nor_flash_mount.str1.1
                0x00814767       0x2f lib/libboot_ex_spi6nor.a(quec_spi6_ext_norflash_cfg.c.obj)
 *fill*         0x00814796        0x2 
 .text.bootAdiBusInit
                0x00814798       0x28 lib/libbootloader.a(boot_adi_bus.c.obj)
                0x00814798                bootAdiBusInit
                0x00814798                halAdiBusInit
 .text.bootAdiBusRead
                0x008147c0       0x2c lib/libbootloader.a(boot_adi_bus.c.obj)
                0x008147c0                halAdiBusRead
                0x008147c0                bootAdiBusRead
 .text.bootAdiBusWrite
                0x008147ec       0x1c lib/libbootloader.a(boot_adi_bus.c.obj)
                0x008147ec                halAdiBusWrite
                0x008147ec                bootAdiBusWrite
 .text.quec_bootAdiBusBatchChange
                0x00814808       0x50 lib/libbootloader.a(boot_adi_bus.c.obj)
                0x00814808                quec_bootAdiBusBatchChange
 .text.bootAdiBusChange
                0x00814858        0x4 lib/libbootloader.a(boot_adi_bus.c.obj)
                0x00814858                halAdiBusChange
                0x00814858                bootAdiBusChange
 .rodata        0x0081485c        0x4 lib/libbootloader.a(boot_adi_bus.c.obj)
 .text.bootDebuguartInit
                0x00814860       0x3c lib/libbootloader.a(boot_debuguart.c.obj)
                0x00814860                bootDebuguartInit
 .text.bootDebuguartWrite
                0x0081489c       0x34 lib/libbootloader.a(boot_debuguart.c.obj)
                0x0081489c                bootDebuguartWrite
 .text.bootDebuguartWriteAll
                0x008148d0       0x2e lib/libbootloader.a(boot_debuguart.c.obj)
                0x008148d0                bootDebuguartWriteAll
 .text.bootPanic
                0x008148fe        0x2 lib/libbootloader.a(boot_delay.c.obj)
                0x008148fe                osiPanic
                0x008148fe                bootPanic
 .text.bootElapsedTimerStart
                0x00814900       0x10 lib/libbootloader.a(boot_delay.c.obj)
                0x00814900                osiElapsedTimerStart
                0x00814900                bootElapsedTimerStart
 .text.bootElapsedTimeUS
                0x00814910       0x14 lib/libbootloader.a(boot_delay.c.obj)
                0x00814910                bootElapsedTimeUS
                0x00814910                osiElapsedTimeUS
 .text.bootIrqHandler
                0x00814924       0x1c lib/libbootloader.a(boot_irq.c.obj)
                0x00814924                bootIrqHandler
 .text.prvParamCount
                0x00814940       0x30 lib/libbootloader.a(boot_log.c.obj)
 .text.prvParamBuf
                0x00814970       0xc4 lib/libbootloader.a(boot_log.c.obj)
 .text.prvTraceIdBasic
                0x00814a34       0x74 lib/libbootloader.a(boot_log.c.obj)
                0x00814a34                prvTraceIdBasic
 .text.prvTraceIdEx
                0x00814aa8       0x9c lib/libbootloader.a(boot_log.c.obj)
                0x00814aa8                prvTraceIdEx
 .text.boot_osiTraceIdEx
                0x00814b44       0x24 lib/libbootloader.a(boot_log.c.obj)
                0x00814b44                osiTraceIdEx
                0x00814b44                boot_osiTraceIdEx
 .text.boot_osiTraceVprintf
                0x00814b68      0x2a0 lib/libbootloader.a(boot_log.c.obj)
                0x00814b68                boot_osiTraceVprintf
                0x00814b68                osiTraceVprintf
 .text.boot_osiTracePrintf
                0x00814e08       0x24 lib/libbootloader.a(boot_log.c.obj)
                0x00814e08                osiTracePrintf
                0x00814e08                boot_osiTracePrintf
 .rodata.parbufsize.45836
                0x00814e2c       0x18 lib/libbootloader.a(boot_log.c.obj)
 .rodata.parcount.45835
                0x00814e44       0x18 lib/libbootloader.a(boot_log.c.obj)
 .rodata.prvParamBuf.str1.1
                0x00814e5c        0x7 lib/libbootloader.a(boot_log.c.obj)
 *fill*         0x00814e63        0x1 
 .text._heap_malloc
                0x00814e64       0x38 lib/libbootloader.a(boot_mem.c.obj)
 .text._heap_calloc
                0x00814e9c       0x26 lib/libbootloader.a(boot_mem.c.obj)
 .text._heap_free
                0x00814ec2       0x76 lib/libbootloader.a(boot_mem.c.obj)
 .text.bootHeapInit
                0x00814f38       0x48 lib/libbootloader.a(boot_mem.c.obj)
                0x00814f38                bootHeapInit
 .text.bootFree
                0x00814f80       0x38 lib/libbootloader.a(boot_mem.c.obj)
                0x00814f80                bootFree
 .text.bootHeapDefaultExtRam
                0x00814fb8       0x10 lib/libbootloader.a(boot_mem.c.obj)
                0x00814fb8                bootHeapDefaultExtRam
 .text.bootExtRamMalloc
                0x00814fc8        0xc lib/libbootloader.a(boot_mem.c.obj)
                0x00814fc8                bootExtRamMalloc
 .text.bootExtRamCalloc
                0x00814fd4       0x10 lib/libbootloader.a(boot_mem.c.obj)
                0x00814fd4                bootExtRamCalloc
 .text.malloc   0x00814fe4       0x10 lib/libbootloader.a(boot_mem.c.obj)
                0x00814fe4                malloc
 .text.calloc   0x00814ff4       0x10 lib/libbootloader.a(boot_mem.c.obj)
                0x00814ff4                calloc
 .text.free     0x00815004        0x4 lib/libbootloader.a(boot_mem.c.obj)
                0x00815004                free
 .text.bootMmuEnable
                0x00815008      0x214 lib/libbootloader.a(boot_mmu.c.obj)
                0x00815008                bootMmuEnable
 .text.osiMutexCreate
                0x0081521c        0x4 lib/libbootloader.a(boot_override.c.obj)
                0x0081521c                osiMutexCreate
 .text.osiMutexDelete
                0x00815220        0x2 lib/libbootloader.a(boot_override.c.obj)
                0x00815220                osiMutexDelete
 .text.osiMutexLock
                0x00815222        0x2 lib/libbootloader.a(boot_override.c.obj)
                0x00815222                osiMutexLock
 .text.osiMutexUnlock
                0x00815224        0x2 lib/libbootloader.a(boot_override.c.obj)
                0x00815224                osiMutexUnlock
 *fill*         0x00815226        0x2 
 .text.bootReset
                0x00815228       0x48 lib/libbootloader.a(boot_platform_8910.c.obj)
                0x00815228                bootReset
 .text._psmPrepare
                0x00815270      0x144 lib/libbootloader.a(boot_platform_8910.c.obj)
                0x00815270                _psmPrepare
 .text.bootPowerOff
                0x008153b4       0x34 lib/libbootloader.a(boot_platform_8910.c.obj)
                0x008153b4                bootPowerOff
 .text.bootIsFromPsmSleep
                0x008153e8       0x3c lib/libbootloader.a(boot_platform_8910.c.obj)
                0x008153e8                bootIsFromPsmSleep
 .text.bootPowerOnCause
                0x00815424       0x44 lib/libbootloader.a(boot_platform_8910.c.obj)
                0x00815424                bootPowerOnCause
 .text.bootResetPinEnable
                0x00815468       0x44 lib/libbootloader.a(boot_platform_8910.c.obj)
                0x00815468                bootResetPinEnable
 .text.bootBlueScreen
                0x008154ac        0xc lib/libbootloader.a(boot_platform_8910.c.obj)
                0x008154ac                bootBlueScreen
 .text.prvRomHashInit
                0x008154b8       0x10 lib/libbootloader.a(boot_secure.c.obj)
 .text.prvRomHashUpdate
                0x008154c8        0xc lib/libbootloader.a(boot_secure.c.obj)
 .text.prvSecureInit
                0x008154d4       0x8c lib/libbootloader.a(boot_secure.c.obj)
 .text.prvEmbeddedSigCheck
                0x00815560      0x100 lib/libbootloader.a(boot_secure.c.obj)
 .text.bootSecureBootEnable
                0x00815660       0x28 lib/libbootloader.a(boot_secure.c.obj)
                0x00815660                bootSecureBootEnable
 .text.bootSecureUimageSigCheck
                0x00815688       0x22 lib/libbootloader.a(boot_secure.c.obj)
                0x00815688                bootSecureUimageSigCheck
 .rodata.prvEmbeddedSigCheck.str1.1
                0x008156aa       0x10 lib/libbootloader.a(boot_secure.c.obj)
 .text.drvSpiFlashOpen
                0x008156ba        0x4 lib/libbootloader.a(boot_sffs_port.c.obj)
                0x008156ba                drvSpiFlashOpen
 .text.drvSpiFlashMapAddress
                0x008156be        0x4 lib/libbootloader.a(boot_sffs_port.c.obj)
                0x008156be                drvSpiFlashMapAddress
 .text.drvSpiFlashWrite
                0x008156c2        0x4 lib/libbootloader.a(boot_sffs_port.c.obj)
                0x008156c2                drvSpiFlashWrite
 .text.drvSpiFlashErase
                0x008156c6        0x4 lib/libbootloader.a(boot_sffs_port.c.obj)
                0x008156c6                drvSpiFlashErase
 .text.prvErase
                0x008156ca       0x1e lib/libbootloader.a(boot_spi_flash.c.obj)
 .text.bootSpiFlashOpen
                0x008156e8       0x64 lib/libbootloader.a(boot_spi_flash.c.obj)
                0x008156e8                bootSpiFlashOpen
 .text.bootSpiFlashSetRangeWriteProhibit
                0x0081574c       0x38 lib/libbootloader.a(boot_spi_flash.c.obj)
                0x0081574c                bootSpiFlashSetRangeWriteProhibit
 .text.bootSpiFlashMapAddress
                0x00815784        0x6 lib/libbootloader.a(boot_spi_flash.c.obj)
                0x00815784                bootSpiFlashMapAddress
 .text.bootSpiFlashWriteNoWait
                0x0081578a       0x72 lib/libbootloader.a(boot_spi_flash.c.obj)
                0x0081578a                bootSpiFlashWriteNoWait
 .text.bootSpiFlashEraseNoWait
                0x008157fc       0xd6 lib/libbootloader.a(boot_spi_flash.c.obj)
                0x008157fc                bootSpiFlashEraseNoWait
 .text.bootSpiFlashErase
                0x008158d2       0x3c lib/libbootloader.a(boot_spi_flash.c.obj)
                0x008158d2                bootSpiFlashErase
 .text.bootSpiFlashWrite
                0x0081590e       0x46 lib/libbootloader.a(boot_spi_flash.c.obj)
                0x0081590e                bootSpiFlashWrite
 .rodata.bootSpiFlashOpen.str1.1
                0x00815954       0x20 lib/libbootloader.a(boot_spi_flash.c.obj)
 .text.bootTimerISR
                0x00815974       0x1c lib/libbootloader.a(boot_timer.c.obj)
                0x00815974                bootTimerISR
 .text.bootTraceInit
                0x00815990       0x18 lib/libbootloader.a(boot_trace.c.obj)
                0x00815990                bootTraceInit
 .text.bootTraceBufPut
                0x008159a8        0xa lib/libbootloader.a(boot_trace.c.obj)
                0x008159a8                bootTraceBufPut
                0x008159a8                osiTraceBufPut
 .text.bootTraceBufPutMulti
                0x008159b2       0x22 lib/libbootloader.a(boot_trace.c.obj)
                0x008159b2                bootTraceBufPutMulti
                0x008159b2                osiTraceBufPutMulti
 .text._getFileByFd
                0x008159d4       0x34 lib/libbootloader.a(boot_vfs.c.obj)
 .text._getFileByPath
                0x00815a08       0x70 lib/libbootloader.a(boot_vfs.c.obj)
 .text.quec_boot_check_path_valid
                0x00815a78       0x5c lib/libbootloader.a(boot_vfs.c.obj)
                0x00815a78                quec_boot_check_path_valid
 .text.quec_boot_jump_kernel
                0x00815ad4       0x38 lib/libbootloader.a(boot_vfs.c.obj)
                0x00815ad4                quec_boot_jump_kernel
 .text.bootVfsMount
                0x00815b0c       0x6c lib/libbootloader.a(boot_vfs.c.obj)
                0x00815b0c                bootVfsMount
 .text.bootVfsMountHandle
                0x00815b78       0x34 lib/libbootloader.a(boot_vfs.c.obj)
                0x00815b78                vfs_mount_handle
                0x00815b78                bootVfsMountHandle
 .text.bootVfsOpen
                0x00815bac       0x80 lib/libbootloader.a(boot_vfs.c.obj)
                0x00815bac                vfs_open
                0x00815bac                bootVfsOpen
 .text.bootVfsRead
                0x00815c2c       0x36 lib/libbootloader.a(boot_vfs.c.obj)
                0x00815c2c                vfs_read
                0x00815c2c                bootVfsRead
 .text.bootVfsLseek
                0x00815c62       0x2e lib/libbootloader.a(boot_vfs.c.obj)
                0x00815c62                vfs_lseek
                0x00815c62                bootVfsLseek
 .text.bootVfsClose
                0x00815c90       0x30 lib/libbootloader.a(boot_vfs.c.obj)
                0x00815c90                vfs_close
                0x00815c90                bootVfsClose
 .text.bootVfsUnlink
                0x00815cc0       0x32 lib/libbootloader.a(boot_vfs.c.obj)
                0x00815cc0                bootVfsUnlink
                0x00815cc0                vfs_unlink
 .text.bootVfsFileRead
                0x00815cf2       0x2a lib/libbootloader.a(boot_vfs.c.obj)
                0x00815cf2                vfs_sfile_read
                0x00815cf2                vfs_file_read
                0x00815cf2                bootVfsFileRead
 .text.bootVfsSfileWrite
                0x00815d1c       0x44 lib/libbootloader.a(boot_vfs.c.obj)
                0x00815d1c                vfs_sfile_write
                0x00815d1c                bootVfsSfileWrite
 .text.quec_boot_fota_force_finish
                0x00815d60       0x50 lib/libbootloader.a(boot_vfs.c.obj)
                0x00815d60                quec_boot_fota_force_finish
 .text.bootVfsFstat
                0x00815db0       0x36 lib/libbootloader.a(boot_vfs.c.obj)
                0x00815db0                vfs_fstat
                0x00815db0                bootVfsFstat
 .text.bootVfsFileSize
                0x00815de6       0x42 lib/libbootloader.a(boot_vfs.c.obj)
                0x00815de6                vfs_file_size
                0x00815de6                bootVfsFileSize
                0x00815de6                vfs_sfile_size
 .text.bootVfsSfileInit
                0x00815e28        0xa lib/libbootloader.a(boot_vfs.c.obj)
                0x00815e28                bootVfsSfileInit
                0x00815e28                vfs_sfile_init
 .text.bootVfsMkFilePath
                0x00815e32       0x82 lib/libbootloader.a(boot_vfs.c.obj)
                0x00815e32                vfs_mkfilepath
                0x00815e32                bootVfsMkFilePath
 .text.bootSffsMount
                0x00815eb4       0x3e lib/libbootloader.a(boot_vfs.c.obj)
                0x00815eb4                bootSffsMount
                0x00815eb4                sffsVfsMount
 .text.bootSffsMkfs
                0x00815ef2        0xa lib/libbootloader.a(boot_vfs.c.obj)
                0x00815ef2                sffsVfsMkfs
                0x00815ef2                bootSffsMkfs
 .rodata.__FUNCTION__.8957
                0x00815efc       0x1c lib/libbootloader.a(boot_vfs.c.obj)
 .rodata.__FUNCTION__.9009
                0x00815f18        0xc lib/libbootloader.a(boot_vfs.c.obj)
 .rodata.bootVfsOpen.str1.1
                0x00815f24       0x10 lib/libbootloader.a(boot_vfs.c.obj)
 .rodata.quec_boot_check_path_valid.str1.1
                0x00815f34       0x15 lib/libbootloader.a(boot_vfs.c.obj)
 .rodata.quec_boot_fota_force_finish.str1.1
                0x00815f49       0x1d lib/libbootloader.a(boot_vfs.c.obj)
 .text.read_int
                0x00815f66       0x22 lib/libcalclib.a(decompress_unlzma.c.obj)
 .text.noerror  0x00815f88        0x2 lib/libcalclib.a(decompress_unlzma.c.obj)
 .text.nofill   0x00815f8a        0x6 lib/libcalclib.a(decompress_unlzma.c.obj)
 .text.rc_read  0x00815f90       0x2c lib/libcalclib.a(decompress_unlzma.c.obj)
 .text.rc_do_normalize
                0x00815fbc       0x28 lib/libcalclib.a(decompress_unlzma.c.obj)
 .text.rc_update_bit_0
                0x00815fe4       0x12 lib/libcalclib.a(decompress_unlzma.c.obj)
 .text.rc_update_bit_1
                0x00815ff6       0x1a lib/libcalclib.a(decompress_unlzma.c.obj)
 .text.write_byte
                0x00816010       0x8c lib/libcalclib.a(decompress_unlzma.c.obj)
 .text.peek_old_byte
                0x0081609c       0x38 lib/libcalclib.a(decompress_unlzma.c.obj)
 .text.rc_is_bit_0
                0x008160d4       0x28 lib/libcalclib.a(decompress_unlzma.c.obj)
 .text.rc_get_bit
                0x008160fc       0x32 lib/libcalclib.a(decompress_unlzma.c.obj)
 *fill*         0x0081612e        0x2 
 .text.lzmaDecompress
                0x00816130      0x660 lib/libcalclib.a(decompress_unlzma.c.obj)
                0x00816130                lzmaDecompress
 .text.lzmaDecompressProbe
                0x00816790       0x88 lib/libcalclib.a(decompress_unlzma.c.obj)
                0x00816790                lzmaDecompressProbe
 .text.lzmaDecompressMem
                0x00816818       0x1e lib/libcalclib.a(decompress_unlzma.c.obj)
                0x00816818                lzmaDecompressMem
 .rodata.lzmaDecompress.str1.1
                0x00816836       0x40 lib/libcalclib.a(decompress_unlzma.c.obj)
 .rodata.rc_read.str1.1
                0x00816876        0xf lib/libcalclib.a(decompress_unlzma.c.obj)
 *fill*         0x00816885        0x3 
 .text          0x00816888      0x160 lib/libfs_partinfo.a(partinfo.bin.S.obj)
                0x00816888                gPartInfo
 .text.quec_fs_part_info_init
                0x008169e8       0x10 lib/libfs_partinfo.a(ql_fs_part_info.c.obj)
                0x008169e8                quec_fs_part_info_init
 .text.prvFlagIgnored
                0x008169f8       0x20 lib/libfsmount.a(fs_mount.c.obj)
 .text.prvRegisterBlockDevice
                0x00816a18       0x44 lib/libfsmount.a(fs_mount.c.obj)
 .text.fsFindBlockDeviceByName
                0x00816a5c       0x18 lib/libfsmount.a(fs_mount.c.obj)
                0x00816a5c                fsFindBlockDeviceByName
 .text.prvCreateSubpart
                0x00816a74       0x64 lib/libfsmount.a(fs_mount.c.obj)
 .text.prvMountSffs
                0x00816ad8       0xb4 lib/libfsmount.a(fs_mount.c.obj)
                0x00816ad8                prvMountSffs
 .text.prvCreateFbdev2
                0x00816b8c       0xc0 lib/libfsmount.a(fs_mount.c.obj)
                0x00816b8c                prvCreateFbdev2
 .text.fsMountSetScenario
                0x00816c4c       0x14 lib/libfsmount.a(fs_mount.c.obj)
                0x00816c4c                fsMountSetScenario
 .text.fsMountAll
                0x00816c60      0x148 lib/libfsmount.a(fs_mount.c.obj)
                0x00816c60                fsMountAll
 .rodata.prvCreateFbdev2.str1.1
                0x00816da8       0x1d lib/libfsmount.a(fs_mount.c.obj)
 *fill*         0x00816dc5        0x1 
 .text.prvProgressNone
                0x00816dc6        0x2 lib/libfupdate_core.a(fupdate_bootloader.c.obj)
 .text._bulkBlockedFileAllocMem
                0x00816dc8       0x50 lib/libfupdate_core.a(fupdate_bootloader.c.obj)
 .text._decompressBundle
                0x00816e18       0x94 lib/libfupdate_core.a(fupdate_bootloader.c.obj)
 .text._decompBlockedFile
                0x00816eac       0x54 lib/libfupdate_core.a(fupdate_bootloader.c.obj)
 .text._fileWriteAndCheck
                0x00816f00       0x34 lib/libfupdate_core.a(fupdate_bootloader.c.obj)
 .text.fupdateGetUpdatingType
                0x00816f34       0x18 lib/libfupdate_core.a(fupdate_bootloader.c.obj)
                0x00816f34                fupdateGetUpdatingType
 .text.fupdateGetFlashUpdatingContent
                0x00816f4c       0x28 lib/libfupdate_core.a(fupdate_bootloader.c.obj)
                0x00816f4c                fupdateGetFlashUpdatingContent
 .text.fupdateRunV2
                0x00816f74      0xd54 lib/libfupdate_core.a(fupdate_bootloader.c.obj)
                0x00816f74                fupdateRunV2
 .rodata.fupdateRunV2.str1.1
                0x00817cc8        0x9 lib/libfupdate_core.a(fupdate_bootloader.c.obj)
 *fill*         0x00817cd1        0x1 
 .text._updateFileCrc
                0x00817cd2       0x3c lib/libfupdate_core.a(fupdate_common.c.obj)
 *fill*         0x00817d0e        0x2 
 .text.fupdateBlockedFname
                0x00817d10       0x60 lib/libfupdate_core.a(fupdate_common.c.obj)
                0x00817d10                fupdateBlockedFname
 .text.fupdateCheckFileSizeCrc
                0x00817d70       0x6c lib/libfupdate_core.a(fupdate_common.c.obj)
                0x00817d70                fupdateCheckFileSizeCrc
 .text.fupdateCheckPlainFileSizeCrc
                0x00817ddc       0x54 lib/libfupdate_core.a(fupdate_common.c.obj)
                0x00817ddc                fupdateCheckPlainFileSizeCrc
 .text.fupdateCheckBlockedFileSizeCrc
                0x00817e30       0x92 lib/libfupdate_core.a(fupdate_common.c.obj)
                0x00817e30                fupdateCheckBlockedFileSizeCrc
 *fill*         0x00817ec2        0x2 
 .text.fupdateReadContext
                0x00817ec4       0x1c lib/libfupdate_core.a(fupdate_common.c.obj)
                0x00817ec4                fupdateReadContext
 .text.fupdateWriteContext
                0x00817ee0       0x1c lib/libfupdate_core.a(fupdate_common.c.obj)
                0x00817ee0                fupdateWriteContext
 .text.fupdateParseBulk
                0x00817efc      0x178 lib/libfupdate_core.a(fupdate_common.c.obj)
                0x00817efc                fupdateParseBulk
 .text.fupdateParsePack
                0x00818074       0x5e lib/libfupdate_core.a(fupdate_common.c.obj)
                0x00818074                fupdateParsePack
 .text.fupdateParseBundle
                0x008180d2       0x12 lib/libfupdate_core.a(fupdate_common.c.obj)
                0x008180d2                fupdateParseBundle
 .text.fupdateParseBundleData
                0x008180e4       0x6a lib/libfupdate_core.a(fupdate_common.c.obj)
                0x008180e4                fupdateParseBundleData
 .text.fupdateParseBlock
                0x0081814e       0x18 lib/libfupdate_core.a(fupdate_common.c.obj)
                0x0081814e                fupdateParseBlock
 .text.fupdateParseBlockSize
                0x00818166       0x24 lib/libfupdate_core.a(fupdate_common.c.obj)
                0x00818166                fupdateParseBlockSize
 .text.fupdateParsePiece
                0x0081818a       0x18 lib/libfupdate_core.a(fupdate_common.c.obj)
                0x0081818a                fupdateParsePiece
 .rodata.str1.1
                0x008181a2       0x30 lib/libfupdate_core.a(fupdate_common.c.obj)
 .text.osiDCacheClean
                0x008181d2       0x1c lib/libhal.a(hal_chip_8910.c.obj)
                0x008181d2                osiDCacheClean
 .text.osiDCacheInvalidate
                0x008181ee       0x18 lib/libhal.a(hal_chip_8910.c.obj)
                0x008181ee                osiDCacheInvalidate
 .text.osiDCacheCleanInvalidateAll
                0x00818206       0xac lib/libhal.a(hal_chip_8910.c.obj)
                0x00818206                osiDCacheCleanInvalidateAll
 *fill*         0x008182b2        0x2 
 .text.halSaveBlueScreenReg
                0x008182b4      0x210 lib/libhal.a(hal_chip_armv7a.c.obj)
                0x008182b4                halSaveBlueScreenReg
 .text.prvRamPhyPadCfg
                0x008184c4       0xb4 lib/libhal.a(hal_clock_init.c.obj)
 .text.prvRamDmcCfg
                0x00818578       0xbc lib/libhal.a(hal_clock_init.c.obj)
 .text.prvDelayUS
                0x00818634       0x14 lib/libhal.a(hal_clock_init.c.obj)
 .text._dmc400QosConfig
                0x00818648      0x164 lib/libhal.a(hal_clock_init.c.obj)
 .text.halPsramPllTrainAds0
                0x008187ac       0x3c lib/libhal.a(hal_clock_init.c.obj)
 .text.halPsramPllTrainAds1
                0x008187e8       0x3c lib/libhal.a(hal_clock_init.c.obj)
 .text.halWriteDllTrain
                0x00818824       0x40 lib/libhal.a(hal_clock_init.c.obj)
 .text.halRamInit
                0x00818864       0xb8 lib/libhal.a(hal_clock_init.c.obj)
                0x00818864                halRamInit
 .text.halClockInit
                0x0081891c      0x23c lib/libhal.a(hal_clock_init.c.obj)
                0x0081891c                halClockInit
 .rodata        0x00818b58        0x8 lib/libhal.a(hal_clock_init.c.obj)
 .text.prvEfuseSetDouble
                0x00818b60       0x10 lib/libhal.a(hal_efuse_8910.c.obj)
 .text.halEfuseOpen
                0x00818b70       0x60 lib/libhal.a(hal_efuse_8910.c.obj)
                0x00818b70                halEfuseOpen
 .text.halEfuseClose
                0x00818bd0       0x48 lib/libhal.a(hal_efuse_8910.c.obj)
                0x00818bd0                halEfuseClose
 .text.halEfuseDoubleRead
                0x00818c18       0x3c lib/libhal.a(hal_efuse_8910.c.obj)
                0x00818c18                halEfuseDoubleRead
 .text.halHwspinlockAcquire
                0x00818c54       0x38 lib/libhal.a(hal_hwspinlock.c.obj)
                0x00818c54                halHwspinlockAcquire
 .text.halHwspinlockRelease
                0x00818c8c       0x14 lib/libhal.a(hal_hwspinlock.c.obj)
                0x00818c8c                halHwspinlockRelease
 .text.halHwspinlockReleaseInCritical
                0x00818ca0       0x14 lib/libhal.a(hal_hwspinlock.c.obj)
                0x00818ca0                halHwspinlockReleaseInCritical
 .text.halLzmaDataSize
                0x00818cb4        0xc lib/libhal.a(hal_lzma.c.obj)
                0x00818cb4                halLzmaDataSize
 .text.halLzmaReset
                0x00818cc0       0x30 lib/libhal.a(hal_lzma.c.obj)
                0x00818cc0                halLzmaReset
 .text.halLzmaEnable
                0x00818cf0       0x18 lib/libhal.a(hal_lzma.c.obj)
                0x00818cf0                halLzmaEnable
 .text.halLzmaDisable
                0x00818d08       0x18 lib/libhal.a(hal_lzma.c.obj)
                0x00818d08                halLzmaDisable
 .text.halLzmaDecompressBlock
                0x00818d20       0xd0 lib/libhal.a(hal_lzma.c.obj)
                0x00818d20                halLzmaDecompressBlock
 .text.halLzmaDecompressFile
                0x00818df0       0xc0 lib/libhal.a(hal_lzma.c.obj)
                0x00818df0                halLzmaDecompressFile
 .text.halPmuExtFlashPowerOn
                0x00818eb0       0x6c lib/libhal.a(hal_pmu_8910.c.obj)
                0x00818eb0                halPmuExtFlashPowerOn
 .rodata.str1.1
                0x00818f1c       0x19 lib/libhal.a(hal_spi_flash.c.obj)
 *fill*         0x00818f35        0x3 
 .text.quec_spi_flash_props_init
                0x00818f38       0x20 lib/libhal_prop.a(ql_hal_spi_flash_prop.c.obj)
                0x00818f38                quec_spi_flash_props_init
 .text.quec_mipi_lcd_clk_set
                0x00818f58       0x14 lib/libhal_prop.a(ql_hal_spi_flash_prop.c.obj)
                0x00818f58                quec_mipi_lcd_clk_set
 .text.MatchFinder_GetPointerToCurrentPos
                0x00818f6c        0x4 lib/libsffs_core.a(LzFind.c.obj)
                0x00818f6c                MatchFinder_GetPointerToCurrentPos
 .text.MatchFinder_GetIndexByte
                0x00818f70        0x6 lib/libsffs_core.a(LzFind.c.obj)
                0x00818f70                MatchFinder_GetIndexByte
 .text.MatchFinder_GetNumAvailableBytes
                0x00818f76        0x8 lib/libsffs_core.a(LzFind.c.obj)
                0x00818f76                MatchFinder_GetNumAvailableBytes
 .text.MatchFinder_SetLimits
                0x00818f7e       0x3c lib/libsffs_core.a(LzFind.c.obj)
 .text.Hc_GetMatchesSpec
                0x00818fba       0x8a lib/libsffs_core.a(LzFind.c.obj)
 .text.SkipMatchesSpec
                0x00819044       0xa0 lib/libsffs_core.a(LzFind.c.obj)
 .text.MatchFinder_ReadBlock
                0x008190e4       0x6a lib/libsffs_core.a(LzFind.c.obj)
 .text.MatchFinder_Init
                0x0081914e       0x38 lib/libsffs_core.a(LzFind.c.obj)
                0x0081914e                MatchFinder_Init
 .text.MatchFinder_ReduceOffsets
                0x00819186       0x14 lib/libsffs_core.a(LzFind.c.obj)
                0x00819186                MatchFinder_ReduceOffsets
 .text.MatchFinder_MoveBlock
                0x0081919a       0x22 lib/libsffs_core.a(LzFind.c.obj)
                0x0081919a                MatchFinder_MoveBlock
 .text.MatchFinder_NeedMove
                0x008191bc       0x1e lib/libsffs_core.a(LzFind.c.obj)
                0x008191bc                MatchFinder_NeedMove
 *fill*         0x008191da        0x2 
 .text.MatchFinder_Construct
                0x008191dc       0x40 lib/libsffs_core.a(LzFind.c.obj)
                0x008191dc                MatchFinder_Construct
 .text.MatchFinder_Free
                0x0081921c       0x22 lib/libsffs_core.a(LzFind.c.obj)
                0x0081921c                MatchFinder_Free
 *fill*         0x0081923e        0x2 
 .text.MatchFinder_Create
                0x00819240      0x128 lib/libsffs_core.a(LzFind.c.obj)
                0x00819240                MatchFinder_Create
 .text.MatchFinder_Normalize3
                0x00819368       0x1a lib/libsffs_core.a(LzFind.c.obj)
                0x00819368                MatchFinder_Normalize3
 .text.MatchFinder_CheckLimits
                0x00819382       0x6a lib/libsffs_core.a(LzFind.c.obj)
 .text.MatchFinder_MovePos
                0x008193ec       0x1e lib/libsffs_core.a(LzFind.c.obj)
 .text.Bt4_MatchFinder_Skip
                0x0081940a       0xa2 lib/libsffs_core.a(LzFind.c.obj)
 .text.Bt3_MatchFinder_Skip
                0x008194ac       0x86 lib/libsffs_core.a(LzFind.c.obj)
 .text.Bt2_MatchFinder_Skip
                0x00819532       0x68 lib/libsffs_core.a(LzFind.c.obj)
 .text.Hc4_MatchFinder_Skip
                0x0081959a       0x8a lib/libsffs_core.a(LzFind.c.obj)
 .text.Hc4_MatchFinder_GetMatches
                0x00819624      0x146 lib/libsffs_core.a(LzFind.c.obj)
 .text.GetMatchesSpec1
                0x0081976a       0xfa lib/libsffs_core.a(LzFind.c.obj)
                0x0081976a                GetMatchesSpec1
 .text.Bt4_MatchFinder_GetMatches
                0x00819864      0x156 lib/libsffs_core.a(LzFind.c.obj)
 .text.Bt3_MatchFinder_GetMatches
                0x008199ba      0x10c lib/libsffs_core.a(LzFind.c.obj)
 .text.Bt2_MatchFinder_GetMatches
                0x00819ac6       0x74 lib/libsffs_core.a(LzFind.c.obj)
 *fill*         0x00819b3a        0x2 
 .text.MatchFinder_CreateVTable
                0x00819b3c       0x70 lib/libsffs_core.a(LzFind.c.obj)
                0x00819b3c                MatchFinder_CreateVTable
 .text.RangeEnc_FlushStream
                0x00819bac       0x32 lib/libsffs_core.a(LzmaEnc.c.obj)
 .text.RangeEnc_ShiftLow
                0x00819bde       0x66 lib/libsffs_core.a(LzmaEnc.c.obj)
 .text.RangeEnc_EncodeDirectBits
                0x00819c44       0x44 lib/libsffs_core.a(LzmaEnc.c.obj)
 .text.RangeEnc_EncodeBit
                0x00819c88       0x4e lib/libsffs_core.a(LzmaEnc.c.obj)
 .text.LitEnc_Encode
                0x00819cd6       0x24 lib/libsffs_core.a(LzmaEnc.c.obj)
 .text.LitEnc_GetPrice
                0x00819cfa       0x2c lib/libsffs_core.a(LzmaEnc.c.obj)
 .text.LitEnc_GetPriceMatched
                0x00819d26       0x42 lib/libsffs_core.a(LzmaEnc.c.obj)
 .text.RcTree_Encode
                0x00819d68       0x30 lib/libsffs_core.a(LzmaEnc.c.obj)
 .text.RcTree_ReverseEncode
                0x00819d98       0x32 lib/libsffs_core.a(LzmaEnc.c.obj)
 .text.RcTree_GetPrice
                0x00819dca       0x2e lib/libsffs_core.a(LzmaEnc.c.obj)
 .text.RcTree_ReverseGetPrice
                0x00819df8       0x2e lib/libsffs_core.a(LzmaEnc.c.obj)
 .text.LenEnc_Init
                0x00819e26       0x3a lib/libsffs_core.a(LzmaEnc.c.obj)
 .text.LenEnc_SetPrices
                0x00819e60       0xb2 lib/libsffs_core.a(LzmaEnc.c.obj)
 .text.MovePos  0x00819f12       0x22 lib/libsffs_core.a(LzmaEnc.c.obj)
 .text.ReadMatchDistances
                0x00819f34       0x88 lib/libsffs_core.a(LzmaEnc.c.obj)
 .text.FillAlignPrices
                0x00819fbc       0x3a lib/libsffs_core.a(LzmaEnc.c.obj)
 .text.FillDistancesPrices
                0x00819ff6      0x110 lib/libsffs_core.a(LzmaEnc.c.obj)
 .text.MyWrite  0x0081a106       0x2c lib/libsffs_core.a(LzmaEnc.c.obj)
 .text.LenEnc_Encode2
                0x0081a132       0xa4 lib/libsffs_core.a(LzmaEnc.c.obj)
 .text.GetPureRepPrice
                0x0081a1d6       0x7a lib/libsffs_core.a(LzmaEnc.c.obj)
 .text.Flush    0x0081a250      0x114 lib/libsffs_core.a(LzmaEnc.c.obj)
 .text.CheckErrors
                0x0081a364       0x32 lib/libsffs_core.a(LzmaEnc.c.obj)
 *fill*         0x0081a396        0x2 
 .text.LzmaEnc_CodeOneBlock
                0x0081a398     0x1674 lib/libsffs_core.a(LzmaEnc.c.obj)
 .text.LzmaEnc_Encode2
                0x0081ba0c       0x60 lib/libsffs_core.a(LzmaEnc.c.obj)
 .text.LzmaEncProps_Init
                0x0081ba6c       0x22 lib/libsffs_core.a(LzmaEnc.c.obj)
                0x0081ba6c                LzmaEncProps_Init
 .text.LzmaEncProps_Normalize
                0x0081ba8e       0xa4 lib/libsffs_core.a(LzmaEnc.c.obj)
                0x0081ba8e                LzmaEncProps_Normalize
 .text.LzmaEnc_FastPosInit
                0x0081bb32       0x32 lib/libsffs_core.a(LzmaEnc.c.obj)
                0x0081bb32                LzmaEnc_FastPosInit
 .text.LzmaEnc_SetProps
                0x0081bb64       0xa8 lib/libsffs_core.a(LzmaEnc.c.obj)
                0x0081bb64                LzmaEnc_SetProps
 .text.LzmaEnc_InitPriceTables
                0x0081bc0c       0x32 lib/libsffs_core.a(LzmaEnc.c.obj)
                0x0081bc0c                LzmaEnc_InitPriceTables
 .text.LzmaEnc_Construct
                0x0081bc3e       0x48 lib/libsffs_core.a(LzmaEnc.c.obj)
                0x0081bc3e                LzmaEnc_Construct
 *fill*         0x0081bc86        0x2 
 .text.LzmaEnc_Create
                0x0081bc88       0x18 lib/libsffs_core.a(LzmaEnc.c.obj)
                0x0081bc88                LzmaEnc_Create
 .text.LzmaEnc_FreeLits
                0x0081bca0       0x2e lib/libsffs_core.a(LzmaEnc.c.obj)
                0x0081bca0                LzmaEnc_FreeLits
 .text.LzmaEnc_Destruct
                0x0081bcce       0x2c lib/libsffs_core.a(LzmaEnc.c.obj)
                0x0081bcce                LzmaEnc_Destruct
 .text.LzmaEnc_Destroy
                0x0081bcfa       0x16 lib/libsffs_core.a(LzmaEnc.c.obj)
                0x0081bcfa                LzmaEnc_Destroy
 .text.LzmaEnc_Init
                0x0081bd10      0x122 lib/libsffs_core.a(LzmaEnc.c.obj)
                0x0081bd10                LzmaEnc_Init
 .text.LzmaEnc_InitPrices
                0x0081be32       0xd8 lib/libsffs_core.a(LzmaEnc.c.obj)
                0x0081be32                LzmaEnc_InitPrices
 .text.LzmaEnc_AllocAndInit
                0x0081bf0a      0x11e lib/libsffs_core.a(LzmaEnc.c.obj)
 .text.LzmaEnc_WriteProperties
                0x0081c028       0x6a lib/libsffs_core.a(LzmaEnc.c.obj)
                0x0081c028                LzmaEnc_WriteProperties
 *fill*         0x0081c092        0x2 
 .text.LzmaEnc_MemEncode
                0x0081c094       0x5c lib/libsffs_core.a(LzmaEnc.c.obj)
                0x0081c094                LzmaEnc_MemEncode
 .text.LzmaEncode
                0x0081c0f0       0x6e lib/libsffs_core.a(LzmaEnc.c.obj)
                0x0081c0f0                LzmaEncode
 *fill*         0x0081c15e        0x2 
 .rodata.kLiteralNextStates
                0x0081c160       0x30 lib/libsffs_core.a(LzmaEnc.c.obj)
 .rodata.kMatchNextStates
                0x0081c190       0x30 lib/libsffs_core.a(LzmaEnc.c.obj)
 .rodata.kRepNextStates
                0x0081c1c0       0x30 lib/libsffs_core.a(LzmaEnc.c.obj)
 .rodata.kShortRepNextStates
                0x0081c1f0       0x30 lib/libsffs_core.a(LzmaEnc.c.obj)
 .text.SzFree   0x0081c220        0x6 lib/libsffs_core.a(lzmar.c.obj)
 .text.SzAlloc  0x0081c226        0x6 lib/libsffs_core.a(lzmar.c.obj)
 .text._encodeBlock
                0x0081c22c       0x64 lib/libsffs_core.a(lzmar.c.obj)
 .text.lzmarCompress
                0x0081c290       0xc6 lib/libsffs_core.a(lzmar.c.obj)
                0x0081c290                lzmarCompress
 *fill*         0x0081c356        0x2 
 .text._cacheDataIsRootDir
                0x0081c358       0x1c lib/libsffs_core.a(sffs.c.obj)
 .text._cacheSetDirty
                0x0081c374       0x38 lib/libsffs_core.a(sffs.c.obj)
 .text._pathFileName
                0x0081c3ac       0x12 lib/libsffs_core.a(sffs.c.obj)
 .text._blockAllocFree
                0x0081c3be       0x5c lib/libsffs_core.a(sffs.c.obj)
 .text._blockIsFree.isra.12
                0x0081c41a       0x1a lib/libsffs_core.a(sffs.c.obj)
 .text._blockSetUsed
                0x0081c434       0x2e lib/libsffs_core.a(sffs.c.obj)
 .text._blockSetFree
                0x0081c462       0x30 lib/libsffs_core.a(sffs.c.obj)
 .text._isNodeOpened
                0x0081c492       0x24 lib/libsffs_core.a(sffs.c.obj)
 .text._getFileFromFd.isra.14
                0x0081c4b6        0xe lib/libsffs_core.a(sffs.c.obj)
 .text._cacheFindNotBusyByState.isra.20
                0x0081c4c4       0x14 lib/libsffs_core.a(sffs.c.obj)
 .text._cacheFlush
                0x0081c4d8       0x2a lib/libsffs_core.a(sffs.c.obj)
 .text._cacheFlushAll
                0x0081c502       0x1a lib/libsffs_core.a(sffs.c.obj)
 .text._cacheAllocForNode
                0x0081c51c       0xe0 lib/libsffs_core.a(sffs.c.obj)
 .text._cacheAllocWithData
                0x0081c5fc        0x6 lib/libsffs_core.a(sffs.c.obj)
 *fill*         0x0081c602        0x2 
 .text._fileGetDataNode
                0x0081c604       0x94 lib/libsffs_core.a(sffs.c.obj)
 .text._cacheAllocForWrite
                0x0081c698        0x6 lib/libsffs_core.a(sffs.c.obj)
 *fill*         0x0081c69e        0x2 
 .text._allocTablBlock
                0x0081c6a0       0x3c lib/libsffs_core.a(sffs.c.obj)
 .text._fileWriteAll
                0x0081c6dc      0x1ac lib/libsffs_core.a(sffs.c.obj)
 .text._dirRemoveChildNode
                0x0081c888       0x58 lib/libsffs_core.a(sffs.c.obj)
 .text._dirAddChildNodeIfNotExist
                0x0081c8e0       0x66 lib/libsffs_core.a(sffs.c.obj)
 .text.prvFileWriteAllNotExit
                0x0081c946       0x3e lib/libsffs_core.a(sffs.c.obj)
 .text.prvIsRootDirFull
                0x0081c984       0x42 lib/libsffs_core.a(sffs.c.obj)
 *fill*         0x0081c9c6        0x2 
 .text._blockScanDir
                0x0081c9c8      0x214 lib/libsffs_core.a(sffs.c.obj)
 .text._findByPathInParent
                0x0081cbdc       0x98 lib/libsffs_core.a(sffs.c.obj)
 .text._findByPath
                0x0081cc74       0x4c lib/libsffs_core.a(sffs.c.obj)
 .text._findParentByPath
                0x0081ccc0       0x40 lib/libsffs_core.a(sffs.c.obj)
 .text._removeNode
                0x0081cd00       0x3c lib/libsffs_core.a(sffs.c.obj)
 .text._removeMultiTabl
                0x0081cd3c       0x70 lib/libsffs_core.a(sffs.c.obj)
 .text._fileDecreaseSize
                0x0081cdac      0x2ec lib/libsffs_core.a(sffs.c.obj)
 .text._moveNodeRecovery
                0x0081d098      0x124 lib/libsffs_core.a(sffs.c.obj)
 .text._scanMoveRecovery
                0x0081d1bc       0x98 lib/libsffs_core.a(sffs.c.obj)
 .text.sffsFileBlockNeeded
                0x0081d254       0x4c lib/libsffs_core.a(sffs.c.obj)
                0x0081d254                sffsFileBlockNeeded
 .text.sffsMount
                0x0081d2a0      0x1fc lib/libsffs_core.a(sffs.c.obj)
                0x0081d2a0                sffsMount
 .text.sffsUnmount
                0x0081d49c       0x14 lib/libsffs_core.a(sffs.c.obj)
                0x0081d49c                sffsUnmount
 .text.sffsMakeFs
                0x0081d4b0       0x90 lib/libsffs_core.a(sffs.c.obj)
                0x0081d4b0                sffsMakeFs
 .text.sffsOpen
                0x0081d540      0x274 lib/libsffs_core.a(sffs.c.obj)
                0x0081d540                sffsOpen
 .text.sffsSfileWrite
                0x0081d7b4      0x3f8 lib/libsffs_core.a(sffs.c.obj)
                0x0081d7b4                sffsSfileWrite
 .text.sffsRead
                0x0081dbac      0x128 lib/libsffs_core.a(sffs.c.obj)
                0x0081dbac                sffsRead
 .text.sffsSeek
                0x0081dcd4       0x7c lib/libsffs_core.a(sffs.c.obj)
                0x0081dcd4                sffsSeek
 .text.sffsClose
                0x0081dd50       0x4c lib/libsffs_core.a(sffs.c.obj)
                0x0081dd50                sffsClose
 .text.sffsFstat
                0x0081dd9c       0x78 lib/libsffs_core.a(sffs.c.obj)
                0x0081dd9c                sffsFstat
 .text.sffsMkDir
                0x0081de14      0x14c lib/libsffs_core.a(sffs.c.obj)
                0x0081de14                sffsMkDir
 .text.sffsUnlink
                0x0081df60       0xc4 lib/libsffs_core.a(sffs.c.obj)
                0x0081df60                sffsUnlink
 .text.sffsSetSfileReserveCount
                0x0081e024       0x14 lib/libsffs_core.a(sffs.c.obj)
                0x0081e024                sffsSetSfileReserveCount
 *(.rokeep)
                0x0081e038                __text_end = .
                0x0081e040                . = ALIGN (0x20)
 *fill*         0x0081e038        0x8 

.data           0x0081e040      0x3c0
                0x0081e040                __data_start = .
 SORT_BY_NAME(*)(.sramdata .sramdata.*)
 SORT_BY_NAME(*)(.data .data.* .sdata .sdata.* .data1 .gnu.linkonce.d.*)
 .data._impure_ptr
                0x0081e040        0x4 components/bootloader/CMakeFiles/boot2.dir/boot/boot2_start_8910.c.obj
                0x0081e040                _impure_ptr
 .data.quec_pff_sector_size
                0x0081e044        0x4 lib/libboot_ex_fat_rdonly.a(pff_basic.c.obj)
                0x0081e044                quec_pff_sector_size
 .data.quec_boot_fs_type
                0x0081e048        0x1 lib/libboot_ex_ql.a(quec_boot_fota.c.obj)
                0x0081e048                quec_boot_fs_type
 .data.quec_fota_stage
                0x0081e049        0x9 lib/libboot_ex_ql.a(quec_boot_fota.c.obj)
                0x0081e049                quec_fota_stage
 *fill*         0x0081e052        0x2 
 .data.quec_boot_spi6_pin_cfg_map
                0x0081e054       0x98 lib/libboot_ex_ql_pin.a(quec_boot_pin_map.c.obj)
                0x0081e054                quec_boot_spi6_pin_cfg_map
 .data.ql_boot_sdmmc_cfg
                0x0081e0ec        0x8 lib/libboot_ex_sdmmc.a(quec_boot_sdmmc.c.obj)
                0x0081e0ec                ql_boot_sdmmc_cfg
 .data.ext_flash_gpio_cfg_reg
                0x0081e0f4       0x18 lib/libboot_ex_spi6nor.a(quec_spi6_ext_norflash_cfg.c.obj)
 .data.gPartInfo_extflash
                0x0081e10c       0x70 lib/libboot_ex_spi6nor.a(quec_spi6_ext_norflash_cfg.c.obj)
                0x0081e10c                gPartInfo_extflash
 .data.ql_spi6_ext_nor_flash_clk
                0x0081e17c        0x1 lib/libboot_ex_spi6nor.a(quec_spi6_ext_norflash_cfg.c.obj)
                0x0081e17c                ql_spi6_ext_nor_flash_clk
 .data.quec_skip_spi6_ext_nor_flash_init
                0x0081e17d        0x1 lib/libboot_ex_spi6nor.a(quec_spi6_ext_norflash_cfg.c.obj)
                0x0081e17d                quec_skip_spi6_ext_nor_flash_init
 *fill*         0x0081e17e        0x2 
 .data.gDrvSpiFlashCtx
                0x0081e180       0x80 lib/libbootloader.a(boot_spi_flash.c.obj)
 .data.gFsScenario
                0x0081e200        0x1 lib/libfsmount.a(fs_mount.c.obj)
 *fill*         0x0081e201        0x3 
 .data.gFupdatePackFileName
                0x0081e204        0x4 lib/libfupdate_core.a(fupdate_common.c.obj)
                0x0081e204                gFupdatePackFileName
 .data.gFupdateStageFileName
                0x0081e208        0x4 lib/libfupdate_core.a(fupdate_common.c.obj)
                0x0081e208                gFupdateStageFileName
 .data.gFupdateTempFileName
                0x0081e20c        0x4 lib/libfupdate_core.a(fupdate_common.c.obj)
                0x0081e20c                gFupdateTempFileName
 .data.ql_SpiFlashProps
                0x0081e210      0x1cc lib/libhal_prop.a(ql_hal_spi_flash_prop.c.obj)
                0x0081e210                ql_SpiFlashProps
 .data.ql_SpiFlashPropsLen
                0x0081e3dc        0x4 lib/libhal_prop.a(ql_hal_spi_flash_prop.c.obj)
                0x0081e3dc                ql_SpiFlashPropsLen
 .data.quec_nor_ext_mount_start_addr
                0x0081e3e0        0x4 lib/libhal_prop.a(ql_hal_spi_flash_prop.c.obj)
                0x0081e3e0                quec_nor_ext_mount_start_addr
 .data.g_Alloc  0x0081e3e4        0x8 lib/libsffs_core.a(lzmar.c.obj)
 *(.rwkeep)
 .rwkeep        0x0081e3ec        0x8 lib/libhal.a(hal_chip_armv7a.c.obj)
                0x0081e3ec                gGdbRegAddress
                0x0081e3f0                gGdbCtxType
                0x0081e3f4                __data_end = .
                0x0081e400                . = ALIGN (0x20)
 *fill*         0x0081e3f4        0xc 

.lastflash      0x0081e400        0x0
                0x0081e400                . = ALIGN (0x20)

.bss            0x0081e400      0xee0
                0x0081e400                __bss_start = .
 *(.srambss .srambss.*)
 *(.bss .bss.* COMMON .scommon .sbss .sbss.* .sbss2 .sbss2.* .gnu.linkonce.b.*)
 .bss.gZeroedReent
                0x0081e400      0x428 components/bootloader/CMakeFiles/boot2.dir/boot/boot2_start_8910.c.obj
 .bss.gSecureCtx
                0x0081e828       0x30 lib/libbootloader.a(boot_secure.c.obj)
 .bss.gDefaultHeap
                0x0081e858        0x4 lib/libbootloader.a(boot_mem.c.obj)
 .bss.gExtRamHeap
                0x0081e85c        0xc lib/libbootloader.a(boot_mem.c.obj)
 .bss.gIramHeap
                0x0081e868        0xc lib/libbootloader.a(boot_mem.c.obj)
 .bss.gBootVfsRegList
                0x0081e874        0x4 lib/libbootloader.a(boot_vfs.c.obj)
 .bss.quec_boot_start_param
                0x0081e878        0x4 lib/libbootloader.a(boot_vfs.c.obj)
                0x0081e878                quec_boot_start_param
 .bss.quec_header
                0x0081e87c        0x4 lib/libbootloader.a(boot_vfs.c.obj)
                0x0081e87c                quec_header
 .bss.quec_spi4_ext4n_nor_mount_flag
                0x0081e880        0x1 lib/libbootloader.a(boot_vfs.c.obj)
                0x0081e880                quec_spi4_ext4n_nor_mount_flag
 *fill*         0x0081e881        0x3 
 .bss.gTimerCb  0x0081e884        0x8 lib/libbootloader.a(boot_timer.c.obj)
 .bss.gTraceEnabled
                0x0081e88c        0x1 lib/libbootloader.a(boot_log.c.obj)
                0x0081e88c                gTraceEnabled
 *fill*         0x0081e88d        0x3 
 COMMON         0x0081e890       0x54 lib/libbootloader.a(boot_log.c.obj)
                0x0081e890                v_tra_pubModuleControl
                0x0081e894                v_tra_categoryControl
                0x0081e898                gTraceSequence
                0x0081e89c                v_tra_lteModuleControl
                0x0081e8a0                sxs_IoCtx
 .bss.ql_spi6_flash_type
                0x0081e8e4        0x1 lib/libhal.a(hal_pmu_8910.c.obj)
                0x0081e8e4                ql_spi6_flash_type
 .bss.quec_ext_flash_gpio_first_time_init
                0x0081e8e5        0x1 lib/libhal.a(hal_pmu_8910.c.obj)
 *fill*         0x0081e8e6        0x2 
 COMMON         0x0081e8e8      0x290 lib/libhal.a(hal_chip_armv7a.c.obj)
                0x0081e8e8                gBlueScreenCp15
                0x0081e9bc                gBlueScreenRegs
 .bss.gSpiFlashProps
                0x0081eb78        0x4 lib/libhal.a(hal_spi_flash.c.obj)
 .bss.gSpiFlashPropsLen
                0x0081eb7c        0x4 lib/libhal.a(hal_spi_flash.c.obj)
 .bss.gFotaEngine
                0x0081eb80        0x4 lib/libfupdate_core.a(fupdate_bootloader.c.obj)
 .bss.gBdevList
                0x0081eb84        0x4 lib/libfsmount.a(fs_mount.c.obj)
                0x0081eb84                gBdevList
 .bss.gPartInfo_ptr
                0x0081eb88        0x4 lib/libfsmount.a(fs_mount.c.obj)
                0x0081eb88                gPartInfo_ptr
 .bss.boot_fota_param
                0x0081eb8c       0xc4 lib/libboot_ex_ql.a(quec_boot_fota.c.obj)
                0x0081eb8c                boot_fota_param
 .bss.boot_urc_enable
                0x0081ec50        0x1 lib/libboot_ex_ql.a(quec_boot_fota.c.obj)
                0x0081ec50                boot_urc_enable
 .bss.quec_current_partition
                0x0081ec51        0x1 lib/libboot_ex_ql.a(quec_boot_fota.c.obj)
                0x0081ec51                quec_current_partition
 .bss.quec_partition_num
                0x0081ec52        0x1 lib/libboot_ex_ql.a(quec_boot_fota.c.obj)
                0x0081ec52                quec_partition_num
 *fill*         0x0081ec53        0x1 
 .bss.updata_urc_num
                0x0081ec54        0x4 lib/libboot_ex_ql.a(quec_boot_fota.c.obj)
                0x0081ec54                updata_urc_num
 .bss.gCrc32TableInited
                0x0081ec58        0x1 lib/libboot_calclib_crc.a(crc32.c.obj)
 .bss.gCrc8Table
                0x0081ec59      0x100 lib/libboot_calclib_crc.a(crc32.c.obj)
 .bss.gCrc8TableInited
                0x0081ed59        0x1 lib/libboot_calclib_crc.a(crc32.c.obj)
 *fill*         0x0081ed5a        0x2 
 .bss.vds_crc32_table
                0x0081ed5c      0x400 lib/libboot_calclib_crc.a(crc32.c.obj)
                0x0081ed5c                vds_crc32_table
 .bss.bootfs    0x0081f15c       0xb0 lib/libboot_ex_fat_rdonly.a(quec_boot_vfs.c.obj)
                0x0081f15c                bootfs
 .bss.quec_boot_vfs_state
                0x0081f20c        0x2 lib/libboot_ex_fat_rdonly.a(quec_boot_vfs.c.obj)
                0x0081f20c                quec_boot_vfs_state
 *fill*         0x0081f20e        0x2 
 COMMON         0x0081f210        0x8 lib/libboot_ex_fat_rdonly.a(quec_boot_vfs.c.obj)
                0x0081f210                quec_boot_block_dev
 .bss.mount_flag
                0x0081f218        0x2 lib/libboot_ex_fat_rdonly.a(pff_rdonly.c.obj)
 *fill*         0x0081f21a        0x2 
 COMMON         0x0081f21c       0xaa lib/libboot_ex_fat_rdonly.a(pff_basic.c.obj)
                0x0081f21c                FatFs
                0x0081f224                LfnBuf
 *fill*         0x0081f2c6        0x2 
 .bss.bootgv_sdmmc
                0x0081f2c8        0x4 lib/libboot_ex_sdmmc.a(quec_boot_sdmmc.c.obj)
                0x0081f2c8                bootgv_sdmmc
 .bss.tbuff_sdmmc
                0x0081f2cc        0x4 lib/libboot_ex_sdmmc.a(quec_boot_sdmmc.c.obj)
                0x0081f2cc                tbuff_sdmmc
 .bss.tbuff_sdmmc_32aligned
                0x0081f2d0        0x4 lib/libboot_ex_sdmmc.a(quec_boot_sdmmc.c.obj)
                0x0081f2d0                tbuff_sdmmc_32aligned
 .bss.qboot_sdmmc
                0x0081f2d4        0x4 lib/libboot_ex_sdmmc.a(quec_boot_sd.c.obj)
 .bss.quec_spi6_ext_nor_flash_capacity
                0x0081f2d8        0x4 lib/libboot_ex_spi6nor.a(quec_spi6_ext_norflash_cfg.c.obj)
                0x0081f2d8                quec_spi6_ext_nor_flash_capacity
 .bss.quec_spi6_ext_nor_flash_is_exist
                0x0081f2dc        0x1 lib/libboot_ex_spi6nor.a(quec_spi6_ext_norflash_cfg.c.obj)
                0x0081f2dc                quec_spi6_ext_nor_flash_is_exist
 .bss.quec_spi6_ext_norflash_mount_status
                0x0081f2dd        0x1 lib/libboot_ex_spi6nor.a(quec_spi6_ext_norflash_cfg.c.obj)
                0x0081f2dd                quec_spi6_ext_norflash_mount_status
 .bss.ql_boot_cur_spi6_port
                0x0081f2de        0x1 lib/libboot_ex_ql_pin.a(quec_boot_pin_map.c.obj)
                0x0081f2de                ql_boot_cur_spi6_port
                0x0081f2df                __bss_end = .
                0x0081f2e0                . = ALIGN (0x20)
 *fill*         0x0081f2df        0x1 

.sys_stack      0x0081f2e0     0x1800
                0x0081f2e0                __sys_stack_start = .
                0x00820ae0                . = (. + 0x1800)
 *fill*         0x0081f2e0     0x1800 
                0x00820ae0                __sys_stack_end = .
                0x00820ae0                . = ALIGN (0x20)

.irq_stack      0x00820ae0      0x800
                0x00820ae0                __irq_stack_start = .
                0x008212e0                . = (. + 0x800)
 *fill*         0x00820ae0      0x800 
                0x008212e0                __irq_stack_end = .
                0x008212e0                . = ALIGN (0x20)

.blue_screen    0x008212e0      0x600
                0x008212e0                __blue_screen_start = .
                0x008218e0                . = (. + 0x600)
 *fill*         0x008212e0      0x600 
                0x008218e0                __blue_screen_end = .
                0x008218e0                . = ALIGN (0x20)

.sram_heap      0x008218e0    0x1a320
                0x008218e0                __sram_heap_start = .
                0x0083bc00                . = ((ORIGIN (sram) + LENGTH (sram)) - 0x4400)
 *fill*         0x008218e0    0x1a320 
                0x0083bc00                __sram_heap_end = .
                0x0083bc00                . = ALIGN (0x20)

.mmu_ttbl2      0x0083bc00      0x400
                0x0083bc00                __mmu_ttbl2_start = .
                0x0083c000                . = (. + 0x400)
 *fill*         0x0083bc00      0x400 
                0x0083c000                __mmu_ttbl2_end = .
                0x0083c000                . = ALIGN (0x20)

.mmu_ttbl1      0x0083c000     0x4000
                0x0083c000                __mmu_ttbl1_start = .
                0x00840000                . = (. + 0x4000)
 *fill*         0x0083c000     0x4000 
                0x00840000                __mmu_ttbl1_end = .
                0x00840000                . = ALIGN (0x20)
                0x00000001                ASSERT (((__mmu_ttbl1_start % 0x4000) == 0x0), TTB L1 is not aligned)
                0x00810040                __flash_start = LOADADDR (.text)
                0x0081e400                __flash_end = ADDR (.lastflash)

.comment        0x00000000       0xf7
 *(.comment)
 .comment       0x00000000       0x7e components/bootloader/CMakeFiles/boot2.dir/boot/boot2_start_8910.c.obj
                                 0x7f (size before relaxing)
 .comment       0x0000007e       0x7f lib/libbootloader.a(boot_platform_8910.c.obj)
 .comment       0x0000007e       0x7f lib/libbootloader.a(boot_secure.c.obj)
 .comment       0x0000007e       0x7f lib/libbootloader.a(boot_sffs_port.c.obj)
 .comment       0x0000007e       0x7f lib/libbootloader.a(boot_delay.c.obj)
 .comment       0x0000007e       0x7f lib/libbootloader.a(boot_mem.c.obj)
 .comment       0x0000007e       0x7f lib/libbootloader.a(boot_spi_flash.c.obj)
 .comment       0x0000007e       0x7f lib/libbootloader.a(boot_debuguart.c.obj)
 .comment       0x0000007e       0x7f lib/libbootloader.a(boot_trace.c.obj)
 .comment       0x0000007e       0x7f lib/libbootloader.a(boot_vfs.c.obj)
 .comment       0x0000007e       0x7f lib/libbootloader.a(boot_irq.c.obj)
 .comment       0x0000007e       0x7f lib/libbootloader.a(boot_timer.c.obj)
 .comment       0x0000007e       0x7f lib/libbootloader.a(boot_mmu.c.obj)
 .comment       0x0000007e       0x7f lib/libbootloader.a(boot_override.c.obj)
 .comment       0x0000007e       0x7f lib/libbootloader.a(boot_adi_bus.c.obj)
 .comment       0x0000007e       0x7f lib/libbootloader.a(boot_log.c.obj)
 .comment       0x0000007e       0x7f lib/libhal.a(hal_clock_init.c.obj)
 .comment       0x0000007e       0x7f lib/libhal.a(hal_chip_8910.c.obj)
 .comment       0x0000007e       0x7f lib/libhal.a(hal_pmu_8910.c.obj)
 .comment       0x0000007e       0x7f lib/libhal.a(hal_efuse_8910.c.obj)
 .comment       0x0000007e       0x7f lib/libhal.a(hal_delay.c.obj)
 .comment       0x0000007e       0x7f lib/libhal.a(hal_reg_apply.c.obj)
 .comment       0x0000007e       0x7f lib/libhal.a(hal_chip_armv7a.c.obj)
 .comment       0x0000007e       0x7f lib/libhal.a(hal_hwspinlock.c.obj)
 .comment       0x0000007e       0x7f lib/libhal.a(hal_spi_flash.c.obj)
 .comment       0x0000007e       0x7f lib/libfupdate_core.a(fupdate_bootloader.c.obj)
 .comment       0x0000007e       0x7f lib/libfupdate_core.a(fupdate_common.c.obj)
 .comment       0x0000007e       0x7f lib/libfsmount.a(fs_mount.c.obj)
 .comment       0x0000007e       0x7f lib/libsffs_core.a(sffs.c.obj)
 .comment       0x0000007e       0x7f lib/libsffs_core.a(lzmar.c.obj)
 .comment       0x0000007e       0x7f lib/libsffs_core.a(LzmaEnc.c.obj)
 .comment       0x0000007e       0x7f lib/libsffs_core.a(LzFind.c.obj)
 .comment       0x0000007e       0x7f lib/libbdev.a(block_device.c.obj)
 .comment       0x0000007e       0x7f lib/libbdev.a(partition_block_device.c.obj)
 .comment       0x0000007e       0x7f lib/libbdev_core.a(flash_block_device_v2.c.obj)
 .comment       0x0000007e       0x7f lib/libboot_ex_ql.a(quec_boot_fota.c.obj)
 .comment       0x0000007e       0x7f lib/libhal.a(hal_lzma.c.obj)
 .comment       0x0000007e       0x79 ../../components/newlib/armca5/libc.a(lib_a-memcmp.o)
                                 0x7a (size before relaxing)
 .comment       0x000000f7       0x7a ../../components/newlib/armca5/libc.a(lib_a-memcpy-stub.o)
 .comment       0x000000f7       0x7a ../../components/newlib/armca5/libc.a(lib_a-memmove.o)
 .comment       0x000000f7       0x7a ../../components/newlib/armca5/libc.a(lib_a-memset.o)
 .comment       0x000000f7       0x7a ../../components/newlib/armca5/libc.a(lib_a-strchr.o)
 .comment       0x000000f7       0x7a ../../components/newlib/armca5/libc.a(lib_a-strcpy.o)
 .comment       0x000000f7       0x7a ../../components/newlib/armca5/libc.a(lib_a-strdup.o)
 .comment       0x000000f7       0x7a ../../components/newlib/armca5/libc.a(lib_a-strdup_r.o)
 .comment       0x000000f7       0x7a ../../components/newlib/armca5/libc.a(lib_a-strncmp.o)
 .comment       0x000000f7       0x7a ../../components/newlib/armca5/libc.a(lib_a-strrchr.o)
 .comment       0x000000f7       0x7a ../../components/newlib/armca5/libc.a(lib_a-getreent.o)
 .comment       0x000000f7       0x7f lib/libboot_calclib_crc.a(crc32.c.obj)
 .comment       0x000000f7       0x7f lib/libboot_ex_fat_rdonly.a(quec_boot_pff_rdonly.c.obj)
 .comment       0x000000f7       0x7f lib/libboot_ex_fat_rdonly.a(quec_boot_vfs.c.obj)
 .comment       0x000000f7       0x7f lib/libboot_ex_fat_rdonly.a(pff_rdonly.c.obj)
 .comment       0x000000f7       0x7f lib/libboot_ex_fat_rdonly.a(quec_boot_block_device.c.obj)
 .comment       0x000000f7       0x7f lib/libboot_ex_fat_rdonly.a(diskio.c.obj)
 .comment       0x000000f7       0x7f lib/libboot_ex_fat_rdonly.a(pff_basic.c.obj)
 .comment       0x000000f7       0x7f lib/libboot_ex_sdmmc.a(quec_boot_sdmmc.c.obj)
 .comment       0x000000f7       0x7f lib/libboot_ex_sdmmc.a(quec_boot_sd.c.obj)
 .comment       0x000000f7       0x7f lib/libboot_ex_sdmmc.a(quec_boot_ifc.c.obj)
 .comment       0x000000f7       0x7f lib/libboot_ex_spi6nor.a(quec_spi6_ext_norflash_cfg.c.obj)
 .comment       0x000000f7       0x7f lib/libboot_ex_spi6nor.a(quec_boot_pin_power_domain.c.obj)
 .comment       0x000000f7       0x7f lib/libboot_ex_ql_pin.a(quec_boot_pin_map.c.obj)
 .comment       0x000000f7       0x7f lib/libcalclib.a(decompress_unlzma.c.obj)
 .comment       0x000000f7       0x7f lib/libhal_prop.a(ql_hal_spi_flash_prop.c.obj)
 .comment       0x000000f7       0x7f lib/libfs_partinfo.a(ql_fs_part_info.c.obj)

.ARM.attributes
                0x00000000       0x3d
 *(.ARM.attributes)
 .ARM.attributes
                0x00000000       0x3d components/bootloader/CMakeFiles/boot2.dir/boot/boot2_start_8910.c.obj
 .ARM.attributes
                0x0000003d       0x3d lib/libbootloader.a(boot_platform_8910.c.obj)
 .ARM.attributes
                0x0000007a       0x3d lib/libbootloader.a(boot_secure.c.obj)
 .ARM.attributes
                0x000000b7       0x2b lib/libbootloader.a(boot_entry_v7a.S.obj)
 .ARM.attributes
                0x000000e2       0x3d lib/libbootloader.a(boot_sffs_port.c.obj)
 .ARM.attributes
                0x0000011f       0x3d lib/libbootloader.a(boot_delay.c.obj)
 .ARM.attributes
                0x0000015c       0x3d lib/libbootloader.a(boot_mem.c.obj)
 .ARM.attributes
                0x00000199       0x3d lib/libbootloader.a(boot_spi_flash.c.obj)
 .ARM.attributes
                0x000001d6       0x3d lib/libbootloader.a(boot_debuguart.c.obj)
 .ARM.attributes
                0x00000213       0x3d lib/libbootloader.a(boot_trace.c.obj)
 .ARM.attributes
                0x00000250       0x3d lib/libbootloader.a(boot_vfs.c.obj)
 .ARM.attributes
                0x0000028d       0x3d lib/libbootloader.a(boot_irq.c.obj)
 .ARM.attributes
                0x000002ca       0x3d lib/libbootloader.a(boot_timer.c.obj)
 .ARM.attributes
                0x00000307       0x3d lib/libbootloader.a(boot_mmu.c.obj)
 .ARM.attributes
                0x00000344       0x3d lib/libbootloader.a(boot_override.c.obj)
 .ARM.attributes
                0x00000381       0x3d lib/libbootloader.a(boot_adi_bus.c.obj)
 .ARM.attributes
                0x000003be       0x3d lib/libbootloader.a(boot_log.c.obj)
 .ARM.attributes
                0x000003fb       0x3d lib/libhal.a(hal_clock_init.c.obj)
 .ARM.attributes
                0x00000438       0x3d lib/libhal.a(hal_chip_8910.c.obj)
 .ARM.attributes
                0x00000475       0x3d lib/libhal.a(hal_pmu_8910.c.obj)
 .ARM.attributes
                0x000004b2       0x3d lib/libhal.a(hal_efuse_8910.c.obj)
 .ARM.attributes
                0x000004ef       0x3d lib/libhal.a(hal_delay.c.obj)
 .ARM.attributes
                0x0000052c       0x3d lib/libhal.a(hal_reg_apply.c.obj)
 .ARM.attributes
                0x00000569       0x3d lib/libhal.a(hal_chip_armv7a.c.obj)
 .ARM.attributes
                0x000005a6       0x3d lib/libhal.a(hal_hwspinlock.c.obj)
 .ARM.attributes
                0x000005e3       0x3d lib/libhal.a(hal_spi_flash.c.obj)
 .ARM.attributes
                0x00000620       0x3d lib/libfupdate_core.a(fupdate_bootloader.c.obj)
 .ARM.attributes
                0x0000065d       0x3d lib/libfupdate_core.a(fupdate_common.c.obj)
 .ARM.attributes
                0x0000069a       0x3d lib/libfsmount.a(fs_mount.c.obj)
 .ARM.attributes
                0x000006d7       0x3d lib/libsffs_core.a(sffs.c.obj)
 .ARM.attributes
                0x00000714       0x3d lib/libsffs_core.a(lzmar.c.obj)
 .ARM.attributes
                0x00000751       0x3d lib/libsffs_core.a(LzmaEnc.c.obj)
 .ARM.attributes
                0x0000078e       0x3d lib/libsffs_core.a(LzFind.c.obj)
 .ARM.attributes
                0x000007cb       0x3d lib/libbdev.a(block_device.c.obj)
 .ARM.attributes
                0x00000808       0x3d lib/libbdev.a(partition_block_device.c.obj)
 .ARM.attributes
                0x00000845       0x3d lib/libbdev_core.a(flash_block_device_v2.c.obj)
 .ARM.attributes
                0x00000882       0x3d lib/libboot_ex_ql.a(quec_boot_fota.c.obj)
 .ARM.attributes
                0x000008bf       0x3d lib/libhal.a(hal_lzma.c.obj)
 .ARM.attributes
                0x000008fc       0x37 ../../components/newlib/armca5/libc.a(lib_a-memcmp.o)
 .ARM.attributes
                0x00000933       0x37 ../../components/newlib/armca5/libc.a(lib_a-memcpy-stub.o)
 .ARM.attributes
                0x0000096a       0x37 ../../components/newlib/armca5/libc.a(lib_a-memmove.o)
 .ARM.attributes
                0x000009a1       0x37 ../../components/newlib/armca5/libc.a(lib_a-memset.o)
 .ARM.attributes
                0x000009d8       0x37 ../../components/newlib/armca5/libc.a(lib_a-strchr.o)
 .ARM.attributes
                0x00000a0f       0x37 ../../components/newlib/armca5/libc.a(lib_a-strcpy.o)
 .ARM.attributes
                0x00000a46       0x37 ../../components/newlib/armca5/libc.a(lib_a-strdup.o)
 .ARM.attributes
                0x00000a7d       0x37 ../../components/newlib/armca5/libc.a(lib_a-strdup_r.o)
 .ARM.attributes
                0x00000ab4       0x1d ../../components/newlib/armca5/libc.a(lib_a-strlen.o)
 .ARM.attributes
                0x00000ad1       0x37 ../../components/newlib/armca5/libc.a(lib_a-strncmp.o)
 .ARM.attributes
                0x00000b08       0x37 ../../components/newlib/armca5/libc.a(lib_a-strrchr.o)
 .ARM.attributes
                0x00000b3f       0x37 ../../components/newlib/armca5/libc.a(lib_a-getreent.o)
 .ARM.attributes
                0x00000b76       0x1b ../../prebuilts/win32/gcc-arm-none-eabi/bin/../lib/gcc/arm-none-eabi/7.2.1/thumb/v7-ar/fpv3/hard/libgcc.a(_udivsi3.o)
 .ARM.attributes
                0x00000b91       0x1b ../../prebuilts/win32/gcc-arm-none-eabi/bin/../lib/gcc/arm-none-eabi/7.2.1/thumb/v7-ar/fpv3/hard/libgcc.a(_divsi3.o)
 .ARM.attributes
                0x00000bac       0x1b ../../prebuilts/win32/gcc-arm-none-eabi/bin/../lib/gcc/arm-none-eabi/7.2.1/thumb/v7-ar/fpv3/hard/libgcc.a(_dvmd_tls.o)
 .ARM.attributes
                0x00000bc7       0x3d lib/libboot_calclib_crc.a(crc32.c.obj)
 .ARM.attributes
                0x00000c04       0x3d lib/libboot_ex_fat_rdonly.a(quec_boot_pff_rdonly.c.obj)
 .ARM.attributes
                0x00000c41       0x3d lib/libboot_ex_fat_rdonly.a(quec_boot_vfs.c.obj)
 .ARM.attributes
                0x00000c7e       0x3d lib/libboot_ex_fat_rdonly.a(pff_rdonly.c.obj)
 .ARM.attributes
                0x00000cbb       0x3d lib/libboot_ex_fat_rdonly.a(quec_boot_block_device.c.obj)
 .ARM.attributes
                0x00000cf8       0x3d lib/libboot_ex_fat_rdonly.a(diskio.c.obj)
 .ARM.attributes
                0x00000d35       0x3d lib/libboot_ex_fat_rdonly.a(pff_basic.c.obj)
 .ARM.attributes
                0x00000d72       0x3d lib/libboot_ex_sdmmc.a(quec_boot_sdmmc.c.obj)
 .ARM.attributes