Archive member included to satisfy reference by file (symbol)

lib/libbootloader.a(boot_platform_8910.c.obj)
                              (--whole-archive)
lib/libbootloader.a(boot_secure.c.obj)
                              (--whole-archive)
lib/libbootloader.a(boot_entry_v7a.S.obj)
                              (--whole-archive)
lib/libbootloader.a(boot_sffs_port.c.obj)
                              (--whole-archive)
lib/libbootloader.a(boot_delay.c.obj)
                              (--whole-archive)
lib/libbootloader.a(boot_mem.c.obj)
                              (--whole-archive)
lib/libbootloader.a(boot_spi_flash.c.obj)
                              (--whole-archive)
lib/libbootloader.a(boot_debuguart.c.obj)
                              (--whole-archive)
lib/libbootloader.a(boot_trace.c.obj)
                              (--whole-archive)
lib/libbootloader.a(boot_fdl.c.obj)
                              (--whole-archive)
lib/libbootloader.a(boot_fdl_dnld.c.obj)
                              (--whole-archive)
lib/libbootloader.a(boot_aes.c.obj)
                              (--whole-archive)
lib/libbootloader.a(boot_vfs.c.obj)
                              (--whole-archive)
lib/libbootloader.a(boot_irq.c.obj)
                              (--whole-archive)
lib/libbootloader.a(boot_timer.c.obj)
                              (--whole-archive)
lib/libbootloader.a(boot_uart.c.obj)
                              (--whole-archive)
lib/libbootloader.a(boot_uart_cmn.c.obj)
                              (--whole-archive)
lib/libbootloader.a(boot_mmu.c.obj)
                              (--whole-archive)
lib/libbootloader.a(boot_uimage.c.obj)
                              (--whole-archive)
lib/libbootloader.a(boot_udc.c.obj)
                              (--whole-archive)
lib/libbootloader.a(boot_usb_fdl_channel.c.obj)
                              (--whole-archive)
lib/libbootloader.a(boot_pdl.c.obj)
                              (--whole-archive)
lib/libbootloader.a(boot_pdl_uimage.c.obj)
                              (--whole-archive)
lib/libbootloader.a(boot_lcd.c.obj)
                              (--whole-archive)
lib/libbootloader.a(boot_unity.c.obj)
                              (--whole-archive)
lib/libbootloader.a(boot_override.c.obj)
                              (--whole-archive)
lib/libbootloader.a(boot_adi_bus.c.obj)
                              (--whole-archive)
lib/libbootloader.a(boot_log.c.obj)
                              (--whole-archive)
lib/libhal.a(hal_clock_init.c.obj)
                              lib/libbootloader.a(boot_unity.c.obj) (halRamInit)
lib/libhal.a(hal_chip_8910.c.obj)
                              lib/libbootloader.a(boot_usb_fdl_channel.c.obj) (osiDCacheClean)
lib/libhal.a(hal_pmu_8910.c.obj)
                              lib/libbootloader.a(boot_unity.c.obj) (halPmuExtFlashPowerOn)
lib/libhal.a(hal_efuse_8910.c.obj)
                              lib/libbootloader.a(boot_secure.c.obj) (halEfuseOpen)
lib/libhal.a(hal_delay.c.obj)
                              components/bootloader/CMakeFiles/fdl1.dir/fdl1/fdl1_main.c.obj (osiDelayUS)
lib/libhal.a(hal_reg_apply.c.obj)
                              lib/libhal.a(hal_clock_init.c.obj) (halApplyRegisters)
lib/libhal.a(hal_chip.c.obj)  lib/libbootloader.a(boot_uart.c.obj) (halCalcDivider20)
lib/libhal.a(hal_chip_armv7a.c.obj)
                              lib/libbootloader.a(boot_platform_8910.c.obj) (halSaveBlueScreenReg)
lib/libhal.a(hal_hwspinlock.c.obj)
                              lib/libhal.a(hal_efuse_8910.c.obj) (halHwspinlockAcquire)
lib/libhal.a(hal_spi_flash.c.obj)
                              lib/libbootloader.a(boot_spi_flash.c.obj) (halSpiFlashChipErase)
lib/libhal.a(hal_gpio.c.obj)  lib/libhal.a(hal_pmu_8910.c.obj) (halGpioSetOutput)
lib/libosi_lib.a(osi_fifo.c.obj)
                              lib/libbootloader.a(boot_usb_fdl_channel.c.obj) (osiFifoInit)
../../components/newlib/armca5/libc.a(lib_a-impure.o)
                              components/bootloader/CMakeFiles/fdl1.dir/fdl1/fdl1_main.c.obj (_global_impure_ptr)
../../components/newlib/armca5/libc.a(lib_a-memcmp.o)
                              lib/libbootloader.a(boot_secure.c.obj) (memcmp)
../../components/newlib/armca5/libc.a(lib_a-memcpy-stub.o)
                              components/bootloader/CMakeFiles/fdl1.dir/fdl1/fdl1_main.c.obj (memcpy)
../../components/newlib/armca5/libc.a(lib_a-memset.o)
                              components/bootloader/CMakeFiles/fdl1.dir/fdl1/fdl1_main.c.obj (memset)
../../components/newlib/armca5/libc.a(lib_a-strcat.o)
                              lib/libbootloader.a(boot_vfs.c.obj) (strcat)
../../components/newlib/armca5/libc.a(lib_a-strchr.o)
                              lib/libbootloader.a(boot_vfs.c.obj) (strchr)
../../components/newlib/armca5/libc.a(lib_a-strcpy.o)
                              ../../components/newlib/armca5/libc.a(lib_a-strcat.o) (strcpy)
[...]
Memory Configuration

Name             Origin             Length             Attributes
sram             0x00800100         0x0000ff00         xrw
*default*        0x00000000         0xffffffff

Linker script and memory map

LOAD components/bootloader/CMakeFiles/fdl1.dir/fdl1/fdl1_main.c.obj
LOAD lib/libbootloader.a
START GROUP
LOAD lib/libhal.a
LOAD lib/libosi_lib.a
END GROUP
LOAD ../../components/newlib/armca5/libc.a
LOAD ../../prebuilts/win32/gcc-arm-none-eabi/bin/../lib/gcc/arm-none-eabi/7.2.1/thumb/v7-ar/fpv3/hard/libgcc.a
LOAD lib/libboot_calclib_crc.a
LOAD lib/libfupdate_core.a
LOAD lib/libboot_ex_ql.a
LOAD lib/libboot_ex_fat_rdonly.a
LOAD lib/libboot_ex_sdmmc.a
LOAD lib/libboot_ex_spi6nor.a
LOAD lib/libboot_ex_ql_pin.a
LOAD ../../components/libs/boot_encrypt/libboot_encrypt.a
LOAD lib/libcalclib.a
LOAD lib/libhal.a
LOAD lib/libdriver.a
LOAD lib/libhal_prop.a
LOAD lib/libdriver_lcd.a
LOAD lib/liboql_core_boot_virt_func.a
LOAD lib/libdriver_camera.a
LOAD lib/libhal.a
LOAD lib/libdriver.a
LOAD lib/libhal_prop.a
LOAD lib/libdriver_lcd.a
LOAD lib/liboql_core_boot_virt_func.a
LOAD lib/libdriver_camera.a

.text           0x00800100     0x2e60
                0x00800100                __text_start = .
 *(BOOT_ENTRY)
 BOOT_ENTRY     0x00800100      0x25c lib/libbootloader.a(boot_entry_v7a.S.obj)
                0x00800100                Vectors
                0x008002a4                bootEntry
                0x00800320                bootJumpImageEntry
 SORT_BY_NAME(*)(.sramboottext .sramboottext.*)
 .sramboottext  0x0080035c       0x6c lib/libhal.a(hal_delay.c.obj)
                0x0080035c                osiDelayLoops
                0x00800368                osiDelayUS
                0x00800388                osiDebugEvent
                0x008003bc                osiHWTick16K
 .sramboottext  0x008003c8       0x56 lib/libhal.a(hal_reg_apply.c.obj)
                0x008003c8                halApplyRegisters
                0x008003fa                halApplyRegisterList
 SORT_BY_NAME(*)(.sramtext .sramtext.*)
 .sramtext      0x0080041e       0x1e lib/libhal.a(hal_chip_8910.c.obj)
                0x0080041e                uxPortSetInterruptMaskFromISR
                0x0080041e                vPortDisableInterrupts
                0x0080041e                uxPortEnterCritical
                0x0080041e                osiEnterCritical
                0x0080041e                osiIrqSave
                0x0080042e                osiExitCritical
                0x0080042e                osiIrqRestore
                0x0080042e                vPortExitCritical
                0x0080042e                vPortClearInterruptMaskFromISR
 SORT_BY_NAME(*)(.ramtext .ramtext.*)
 .ramtext.osi_log.430
                0x0080043c       0x98 lib/libbootloader.a(boot_log.c.obj)
 .ramtext.osi_log.521
                0x008004d4       0x24 lib/libbootloader.a(boot_log.c.obj)
                0x008004d4                osiTraceBasic
                0x008004d4                boot_osiTraceBasic
 SORT_BY_NAME(*)(.text .text.* .gnu.linkonce.t.* .rdata .rodata .rodata.* .rodata1 .gnu.linkonce.r.*)
 .rodata._global_impure_ptr
                0x008004f8        0x4 ../../components/newlib/armca5/libc.a(lib_a-impure.o)
                0x008004f8                _global_impure_ptr
 .text.memcmp   0x008004fc       0x5c ../../components/newlib/armca5/libc.a(lib_a-memcmp.o)
                0x008004fc                memcmp
 .text.memcpy   0x00800558       0xc8 ../../components/newlib/armca5/libc.a(lib_a-memcpy-stub.o)
                0x00800558                memcpy
 .text.memset   0x00800620       0xa8 ../../components/newlib/armca5/libc.a(lib_a-memset.o)
                0x00800620                memset
 *fill*         0x008006c8       0x38 
 .text          0x00800700       0xdc ../../components/newlib/armca5/libc.a(lib_a-strlen.o)
                0x00800700                strlen
 .text          0x008007dc        0x4 ../../prebuilts/win32/gcc-arm-none-eabi/bin/../lib/gcc/arm-none-eabi/7.2.1/thumb/v7-ar/fpv3/hard/libgcc.a(_dvmd_tls.o)
                0x008007dc                __aeabi_idiv0
                0x008007dc                __aeabi_ldiv0
 .text          0x008007e0      0x278 ../../prebuilts/win32/gcc-arm-none-eabi/bin/../lib/gcc/arm-none-eabi/7.2.1/thumb/v7-ar/fpv3/hard/libgcc.a(_udivsi3.o)
                0x008007e0                __aeabi_uidiv
                0x008007e0                __udivsi3
                0x00800a3c                __aeabi_uidivmod
 .text.prvProcess
                0x00800a58      0x1a4 components/bootloader/CMakeFiles/fdl1.dir/fdl1/fdl1_main.c.obj
 .text.bootStart
                0x00800bfc      0x1ec components/bootloader/CMakeFiles/fdl1.dir/fdl1/fdl1_main.c.obj
                0x00800bfc                bootStart
 .rodata.bootStart.str1.1
                0x00800de8       0x78 components/bootloader/CMakeFiles/fdl1.dir/fdl1/fdl1_main.c.obj
 .rodata.prvProcess.str1.1
                0x00800e60       0xf0 components/bootloader/CMakeFiles/fdl1.dir/fdl1/fdl1_main.c.obj
 .text.crc16FdlCalc
                0x00800f50       0x5c lib/libboot_calclib_crc.a(crc32.c.obj)
                0x00800f50                crc16FdlCalc
 .text.bootAdiBusInit
                0x00800fac       0x28 lib/libbootloader.a(boot_adi_bus.c.obj)
                0x00800fac                bootAdiBusInit
                0x00800fac                halAdiBusInit
 .text.bootAdiBusRead
                0x00800fd4       0x2c lib/libbootloader.a(boot_adi_bus.c.obj)
                0x00800fd4                halAdiBusRead
                0x00800fd4                bootAdiBusRead
 .text.bootAdiBusWrite
                0x00801000       0x1c lib/libbootloader.a(boot_adi_bus.c.obj)
                0x00801000                halAdiBusWrite
                0x00801000                bootAdiBusWrite
 .text.quec_bootAdiBusBatchChange
                0x0080101c       0x50 lib/libbootloader.a(boot_adi_bus.c.obj)
                0x0080101c                quec_bootAdiBusBatchChange
 .text.bootAdiBusChange
                0x0080106c        0x4 lib/libbootloader.a(boot_adi_bus.c.obj)
                0x0080106c                halAdiBusChange
                0x0080106c                bootAdiBusChange
 .rodata        0x00801070        0x4 lib/libbootloader.a(boot_adi_bus.c.obj)
 .text.bootDebuguartInit
                0x00801074       0x3c lib/libbootloader.a(boot_debuguart.c.obj)
                0x00801074                bootDebuguartInit
 .text.bootDebuguartWrite
                0x008010b0       0x34 lib/libbootloader.a(boot_debuguart.c.obj)
                0x008010b0                bootDebuguartWrite
 .text.bootDebuguartWriteAll
                0x008010e4       0x2e lib/libbootloader.a(boot_debuguart.c.obj)
                0x008010e4                bootDebuguartWriteAll
 .text.bootPanic
                0x00801112        0x2 lib/libbootloader.a(boot_delay.c.obj)
                0x00801112                osiPanic
                0x00801112                bootPanic
 .text.bootElapsedTimerStart
                0x00801114       0x10 lib/libbootloader.a(boot_delay.c.obj)
                0x00801114                osiElapsedTimerStart
                0x00801114                bootElapsedTimerStart
 .text.bootElapsedTimeUS
                0x00801124       0x14 lib/libbootloader.a(boot_delay.c.obj)
                0x00801124                bootElapsedTimeUS
                0x00801124                osiElapsedTimeUS
 .text._fdl_read.isra.1
                0x00801138       0x2e lib/libbootloader.a(boot_fdl.c.obj)
 .text._fdl_write_all.isra.2
                0x00801166       0x1c lib/libbootloader.a(boot_fdl.c.obj)
 *fill*         0x00801182        0x2 
 .text.fdlEngineCreate
                0x00801184       0x34 lib/libbootloader.a(boot_fdl.c.obj)
                0x00801184                fdlEngineCreate
 .text.fdlEngineReadRaw
                0x008011b8        0xe lib/libbootloader.a(boot_fdl.c.obj)
                0x008011b8                fdlEngineReadRaw
 .text.fdlEngineSendPacket
                0x008011c6      0x114 lib/libbootloader.a(boot_fdl.c.obj)
                0x008011c6                fdlEngineSendPacket
 *fill*         0x008012da        0x2 
 .text.fdlEngineSendVersion
                0x008012dc       0x40 lib/libbootloader.a(boot_fdl.c.obj)
                0x008012dc                fdlEngineSendVersion
 .text.fdlEngineSendRespNoData
                0x0080131c       0x1a lib/libbootloader.a(boot_fdl.c.obj)
                0x0080131c                fdlEngineSendRespNoData
 .text.fdlEngineSetBaud
                0x00801336        0xa lib/libbootloader.a(boot_fdl.c.obj)
                0x00801336                fdlEngineSetBaud
 .text.fdlEngineProcess
                0x00801340      0x170 lib/libbootloader.a(boot_fdl.c.obj)
                0x00801340                fdlEngineProcess
 .rodata.fdlEngineCreate.str1.1
                0x008014b0       0x23 lib/libbootloader.a(boot_fdl.c.obj)
 .rodata.fdlEngineProcess.str1.1
                0x008014d3       0x7e lib/libbootloader.a(boot_fdl.c.obj)
 .rodata.fdlEngineSendVersion.str1.1
                0x00801551       0x22 lib/libbootloader.a(boot_fdl.c.obj)
 *fill*         0x00801573        0x1 
 .text.bootIrqHandler
                0x00801574       0x1c lib/libbootloader.a(boot_irq.c.obj)
                0x00801574                bootIrqHandler
 .text._heap_malloc
                0x00801590       0x38 lib/libbootloader.a(boot_mem.c.obj)
 .text._heap_calloc
                0x008015c8       0x26 lib/libbootloader.a(boot_mem.c.obj)
 .text._heap_free
                0x008015ee       0x76 lib/libbootloader.a(boot_mem.c.obj)
 .text.bootHeapInit
                0x00801664       0x48 lib/libbootloader.a(boot_mem.c.obj)
                0x00801664                bootHeapInit
 .text.bootFree
                0x008016ac       0x38 lib/libbootloader.a(boot_mem.c.obj)
                0x008016ac                bootFree
 .text.malloc   0x008016e4       0x10 lib/libbootloader.a(boot_mem.c.obj)
                0x008016e4                malloc
 .text.calloc   0x008016f4       0x10 lib/libbootloader.a(boot_mem.c.obj)
                0x008016f4                calloc
 .text.free     0x00801704        0x4 lib/libbootloader.a(boot_mem.c.obj)
                0x00801704                free
 .text.bootResetPinEnable
                0x00801708       0x44 lib/libbootloader.a(boot_platform_8910.c.obj)
                0x00801708                bootResetPinEnable
 .text.bootBlueScreen
                0x0080174c        0xc lib/libbootloader.a(boot_platform_8910.c.obj)
                0x0080174c                bootBlueScreen
 .text.prvRomHashInit
                0x00801758       0x10 lib/libbootloader.a(boot_secure.c.obj)
 .text.prvRomHashUpdate
                0x00801768        0xc lib/libbootloader.a(boot_secure.c.obj)
 .text.prvSecureInit
                0x00801774       0x8c lib/libbootloader.a(boot_secure.c.obj)
 .text.prvEmbeddedSigCheck
                0x00801800      0x100 lib/libbootloader.a(boot_secure.c.obj)
 .text.bootSecureBootEnable
                0x00801900       0x28 lib/libbootloader.a(boot_secure.c.obj)
                0x00801900                bootSecureBootEnable
 .text.bootSecureUimageSigCheck
                0x00801928       0x22 lib/libbootloader.a(boot_secure.c.obj)
                0x00801928                bootSecureUimageSigCheck
 .rodata.prvEmbeddedSigCheck.str1.1
                0x0080194a       0x10 lib/libbootloader.a(boot_secure.c.obj)
 *fill*         0x0080195a        0x2 
 .text.bootTimerISR
                0x0080195c       0x1c lib/libbootloader.a(boot_timer.c.obj)
                0x0080195c                bootTimerISR
 .text.bootTraceInit
                0x00801978       0x18 lib/libbootloader.a(boot_trace.c.obj)
                0x00801978                bootTraceInit
 .text.bootTraceBufPutMulti
                0x00801990       0x22 lib/libbootloader.a(boot_trace.c.obj)
                0x00801990                bootTraceBufPutMulti
                0x00801990                osiTraceBufPutMulti
 .text.prvUartBaudSupported
                0x008019b2       0x14 lib/libbootloader.a(boot_uart.c.obj)
 .text.prvUartAvail
                0x008019c6        0xa lib/libbootloader.a(boot_uart.c.obj)
 .text.prvUartFlush
                0x008019d0        0x2 lib/libbootloader.a(boot_uart.c.obj)
 .text.prvUartConnected
                0x008019d2        0x4 lib/libbootloader.a(boot_uart.c.obj)
 .text.prvUartDestroy
                0x008019d6        0x4 lib/libbootloader.a(boot_uart.c.obj)
 *fill*         0x008019da        0x2 
 .text.bootUartSetBaud
                0x008019dc       0x2c lib/libbootloader.a(boot_uart.c.obj)
                0x008019dc                bootUartSetBaud
 .text.bootUartOpen
                0x00801a08       0x94 lib/libbootloader.a(boot_uart.c.obj)
                0x00801a08                bootUartOpen
 .text.prvUartSetBaud
                0x00801a9c        0x6 lib/libbootloader.a(boot_uart.c.obj)
 .text.bootUartRead
                0x00801aa2       0x24 lib/libbootloader.a(boot_uart.c.obj)
                0x00801aa2                bootUartRead
 .text.prvUartFlushInput
                0x00801ac6       0x18 lib/libbootloader.a(boot_uart.c.obj)
 .text.prvUartRead
                0x00801ade        0x6 lib/libbootloader.a(boot_uart.c.obj)
 .text.bootUartWrite
                0x00801ae4       0x2e lib/libbootloader.a(boot_uart.c.obj)
                0x00801ae4                bootUartWrite
 .text.prvUartWrite
                0x00801b12        0x6 lib/libbootloader.a(boot_uart.c.obj)
 .text.fdlOpenUart
                0x00801b18       0x7c lib/libbootloader.a(boot_uart.c.obj)
                0x00801b18                fdlOpenUart
 .text._giveBackComplete.isra.1
                0x00801b94       0x1e lib/libbootloader.a(boot_udc.c.obj)
 *fill*         0x00801bb2        0x2 
 .text._epXferStart
                0x00801bb4      0x140 lib/libbootloader.a(boot_udc.c.obj)
 .text._txFifoFlush.isra.4
                0x00801cf4       0x18 lib/libbootloader.a(boot_udc.c.obj)
 .text._epIsr   0x00801d0c      0x18c lib/libbootloader.a(boot_udc.c.obj)
 .text._initUdcCommonConfig.constprop.8
                0x00801e98       0x78 lib/libbootloader.a(boot_udc.c.obj)
 .text._setHwEpMps.isra.0.constprop.9
                0x00801f10       0x2e lib/libbootloader.a(boot_udc.c.obj)
 *fill*         0x00801f3e        0x2 
 .text.bootUdcOpen
                0x00801f40       0xa0 lib/libbootloader.a(boot_udc.c.obj)
                0x00801f40                bootUdcOpen
 .text.bootUdcClose
                0x00801fe0        0x2 lib/libbootloader.a(boot_udc.c.obj)
                0x00801fe0                bootUdcClose
 .text.bootUdcConnected
                0x00801fe2       0x18 lib/libbootloader.a(boot_udc.c.obj)
                0x00801fe2                bootUdcConnected
 *fill*         0x00801ffa        0x2 
 .text.bootUdcIsrPoll
                0x00801ffc       0xd4 lib/libbootloader.a(boot_udc.c.obj)
                0x00801ffc                bootUdcIsrPoll
 .text.bootUdcXferEnqueue
                0x008020d0       0xa0 lib/libbootloader.a(boot_udc.c.obj)
                0x008020d0                bootUdcXferEnqueue
 .text.bootUdcXferAlloc
                0x00802170       0x24 lib/libbootloader.a(boot_udc.c.obj)
                0x00802170                bootUdcXferAlloc
 .text.bootUdcXferFree
                0x00802194        0x6 lib/libbootloader.a(boot_udc.c.obj)
                0x00802194                bootUdcXferFree
 .text.bootUdcRomSerialInEp
                0x0080219a        0x6 lib/libbootloader.a(boot_udc.c.obj)
                0x0080219a                bootUdcRomSerialInEp
 .text.bootUdcRomSerialOutEp
                0x008021a0        0x8 lib/libbootloader.a(boot_udc.c.obj)
                0x008021a0                bootUdcRomSerialOutEp
 .rodata._epIsr.str1.1
                0x008021a8       0xb7 lib/libbootloader.a(boot_udc.c.obj)
 .rodata._epXferStart.str1.1
                0x0080225f       0x1e lib/libbootloader.a(boot_udc.c.obj)
 .rodata.bootUdcIsrPoll.str1.1
                0x0080227d       0x2e lib/libbootloader.a(boot_udc.c.obj)
 .rodata.bootUdcXferAlloc.str1.1
                0x008022ab       0x1c lib/libbootloader.a(boot_udc.c.obj)
 .rodata.bootUdcXferEnqueue.str1.1
                0x008022c7       0x32 lib/libbootloader.a(boot_udc.c.obj)
 *fill*         0x008022f9        0x1 
 .text._setBaud
                0x008022fa        0x4 lib/libbootloader.a(boot_usb_fdl_channel.c.obj)
 .text._flush   0x008022fe        0x2 lib/libbootloader.a(boot_usb_fdl_channel.c.obj)
 .text._connected
                0x00802300        0x6 lib/libbootloader.a(boot_usb_fdl_channel.c.obj)
 *fill*         0x00802306        0x2 
 .text._txComp  0x00802308       0x24 lib/libbootloader.a(boot_usb_fdl_channel.c.obj)
 .text._destroy
                0x0080232c       0x24 lib/libbootloader.a(boot_usb_fdl_channel.c.obj)
 .text._rxComp  0x00802350       0x5c lib/libbootloader.a(boot_usb_fdl_channel.c.obj)
 .text._write   0x008023ac       0xb8 lib/libbootloader.a(boot_usb_fdl_channel.c.obj)
 .text._startRx
                0x00802464       0x54 lib/libbootloader.a(boot_usb_fdl_channel.c.obj)
 .text._poll    0x008024b8       0x34 lib/libbootloader.a(boot_usb_fdl_channel.c.obj)
 .text._flushInput
                0x008024ec       0x14 lib/libbootloader.a(boot_usb_fdl_channel.c.obj)
 .text._read    0x00802500       0x1c lib/libbootloader.a(boot_usb_fdl_channel.c.obj)
 .text._avail   0x0080251c       0x10 lib/libbootloader.a(boot_usb_fdl_channel.c.obj)
 .text.fdlOpenUsbSerial
                0x0080252c      0x110 lib/libbootloader.a(boot_usb_fdl_channel.c.obj)
                0x0080252c                fdlOpenUsbSerial
 .rodata._poll.str1.1
                0x0080263c       0x15 lib/libbootloader.a(boot_usb_fdl_channel.c.obj)
 .rodata._rxComp.str1.1
                0x00802651       0x43 lib/libbootloader.a(boot_usb_fdl_channel.c.obj)
 .rodata._startRx.str1.1
                0x00802694       0x16 lib/libbootloader.a(boot_usb_fdl_channel.c.obj)
 .rodata._txComp.str1.1
                0x008026aa       0x19 lib/libbootloader.a(boot_usb_fdl_channel.c.obj)
 .rodata._write.str1.1
                0x008026c3       0x39 lib/libbootloader.a(boot_usb_fdl_channel.c.obj)
 .text.halCalcDivider20
                0x008026fc       0x88 lib/libhal.a(hal_chip.c.obj)
                0x008026fc                halCalcDivider20
 .text.osiDCacheClean
                0x00802784       0x1c lib/libhal.a(hal_chip_8910.c.obj)
                0x00802784                osiDCacheClean
 .text.osiDCacheInvalidate
                0x008027a0       0x18 lib/libhal.a(hal_chip_8910.c.obj)
                0x008027a0                osiDCacheInvalidate
 .text.osiDCacheCleanInvalidateAll
                0x008027b8       0xac lib/libhal.a(hal_chip_8910.c.obj)
                0x008027b8                osiDCacheCleanInvalidateAll
 .text.halSaveBlueScreenReg
                0x00802864      0x210 lib/libhal.a(hal_chip_armv7a.c.obj)
                0x00802864                halSaveBlueScreenReg
 .text.prvDelayUS
                0x00802a74       0x14 lib/libhal.a(hal_clock_init.c.obj)
 .text.halClockInit
                0x00802a88      0x23c lib/libhal.a(hal_clock_init.c.obj)
                0x00802a88                halClockInit
 .text.prvEfuseSetDouble
                0x00802cc4       0x10 lib/libhal.a(hal_efuse_8910.c.obj)
 .text.halEfuseOpen
                0x00802cd4       0x60 lib/libhal.a(hal_efuse_8910.c.obj)
                0x00802cd4                halEfuseOpen
 .text.halEfuseClose
                0x00802d34       0x48 lib/libhal.a(hal_efuse_8910.c.obj)
                0x00802d34                halEfuseClose
 .text.halEfuseDoubleRead
                0x00802d7c       0x3c lib/libhal.a(hal_efuse_8910.c.obj)
                0x00802d7c                halEfuseDoubleRead
 .text.halHwspinlockAcquire
                0x00802db8       0x38 lib/libhal.a(hal_hwspinlock.c.obj)
                0x00802db8                halHwspinlockAcquire
 .text.halHwspinlockRelease
                0x00802df0       0x14 lib/libhal.a(hal_hwspinlock.c.obj)
                0x00802df0                halHwspinlockRelease
 .text.halHwspinlockReleaseInCritical
                0x00802e04       0x14 lib/libhal.a(hal_hwspinlock.c.obj)
                0x00802e04                halHwspinlockReleaseInCritical
 .text.quec_mipi_lcd_clk_set
                0x00802e18       0x14 lib/libhal_prop.a(ql_hal_spi_flash_prop.c.obj)
                0x00802e18                quec_mipi_lcd_clk_set
 .text._peekInternal
                0x00802e2c       0x40 lib/libosi_lib.a(osi_fifo.c.obj)
 .text.osiFifoInit
                0x00802e6c       0x1c lib/libosi_lib.a(osi_fifo.c.obj)
                0x00802e6c                osiFifoInit
 .text.osiFifoPut
                0x00802e88       0x68 lib/libosi_lib.a(osi_fifo.c.obj)
                0x00802e88                osiFifoPut
 .text.osiFifoGet
                0x00802ef0       0x38 lib/libosi_lib.a(osi_fifo.c.obj)
                0x00802ef0                osiFifoGet
 .text.osiFifoReset
                0x00802f28       0x1a lib/libosi_lib.a(osi_fifo.c.obj)
                0x00802f28                osiFifoReset
 *fill*         0x00802f42        0x6 
 .text.osiFifoReset.__stub
                0x00802f48        0x8 linker stubs
 *(.rokeep)
                0x00802f50                __text_end = .
                0x00802f60                . = ALIGN (0x20)
 *fill*         0x00802f50       0x10 

.data           0x00802f60      0x660
                0x00802f60                __data_start = .
 SORT_BY_NAME(*)(.sramdata .sramdata.*)
 SORT_BY_NAME(*)(.data .data.* .sdata .sdata.* .data1 .gnu.linkonce.d.*)
 .data._impure_ptr
                0x00802f60        0x4 ../../components/newlib/armca5/libc.a(lib_a-impure.o)
                0x00802f60                _impure_ptr
 *fill*         0x00802f64        0x4 
 .data.impure_data
                0x00802f68      0x428 ../../components/newlib/armca5/libc.a(lib_a-impure.o)
 .data.gBootUarts
                0x00803390       0x18 lib/libbootloader.a(boot_uart.c.obj)
 .data.gUdc20   0x008033a8      0x210 lib/libbootloader.a(boot_udc.c.obj)
 *(.rwkeep)
 .rwkeep        0x008035b8        0x8 lib/libhal.a(hal_chip_armv7a.c.obj)
                0x008035b8                gGdbRegAddress
                0x008035bc                gGdbCtxType
                0x008035c0                __data_end = .
                0x008035c0                . = ALIGN (0x20)

.lastflash      0x008035c0        0x0
                0x008035c0                . = ALIGN (0x20)

.bss            0x008035c0      0x340
                0x008035c0                __bss_start = .
 *(.srambss .srambss.*)
 *(.bss .bss.* COMMON .scommon .sbss .sbss.* .sbss2 .sbss2.* .gnu.linkonce.b.*)
 .bss.gSecureCtx
                0x008035c0       0x30 lib/libbootloader.a(boot_secure.c.obj)
 .bss.gDefaultHeap
                0x008035f0        0x4 lib/libbootloader.a(boot_mem.c.obj)
 .bss.gExtRamHeap
                0x008035f4        0xc lib/libbootloader.a(boot_mem.c.obj)
 .bss.gIramHeap
                0x00803600        0xc lib/libbootloader.a(boot_mem.c.obj)
 .bss.gTimerCb  0x0080360c        0x8 lib/libbootloader.a(boot_timer.c.obj)
 .bss.gTraceEnabled
                0x00803614        0x1 lib/libbootloader.a(boot_log.c.obj)
                0x00803614                gTraceEnabled
 *fill*         0x00803615        0x3 
 COMMON         0x00803618       0x54 lib/libbootloader.a(boot_log.c.obj)
                0x00803618                v_tra_pubModuleControl
                0x0080361c                v_tra_categoryControl
                0x00803620                gTraceSequence
                0x00803624                v_tra_lteModuleControl
                0x00803628                sxs_IoCtx
 COMMON         0x0080366c      0x290 lib/libhal.a(hal_chip_armv7a.c.obj)
                0x0080366c                gBlueScreenCp15
                0x00803740                gBlueScreenRegs
                0x008038fc                __bss_end = .
                0x00803900                . = ALIGN (0x20)
 *fill*         0x008038fc        0x4 

.sys_stack      0x00803900     0x1800
                0x00803900                __sys_stack_start = .
                0x00805100                . = (. + 0x1800)
 *fill*         0x00803900     0x1800 
                0x00805100                __sys_stack_end = .
                0x00805100                . = ALIGN (0x20)

.irq_stack      0x00805100      0x800
                0x00805100                __irq_stack_start = .
                0x00805900                . = (. + 0x800)
 *fill*         0x00805100      0x800 
                0x00805900                __irq_stack_end = .
                0x00805900                . = ALIGN (0x20)

.blue_screen    0x00805900      0x600
                0x00805900                __blue_screen_start = .
                0x00805f00                . = (. + 0x600)
 *fill*         0x00805900      0x600 
                0x00805f00                __blue_screen_end = .
                0x00805f00                . = ALIGN (0x20)

.sram_heap      0x00805f00     0xa100
                0x00805f00                __sram_heap_start = .
                0x00810000                . = (ORIGIN (sram) + LENGTH (sram))
 *fill*         0x00805f00     0xa100 
                0x00810000                __sram_heap_end = .
                0x00810000                . = ALIGN (0x20)
                0x00800100                __flash_start = LOADADDR (.text)
                0x008035c0                __flash_end = ADDR (.lastflash)
                0x00000001                ASSERT (((__flash_end - 0x8000c0) <= 0xbae0), flash overflow)

.comment        0x00000000       0xf7
 *(.comment)
 .comment       0x00000000       0x7e components/bootloader/CMakeFiles/fdl1.dir/fdl1/fdl1_main.c.obj
                                 0x7f (size before relaxing)
 .comment       0x0000007e       0x7f lib/libbootloader.a(boot_platform_8910.c.obj)
 .comment       0x0000007e       0x7f lib/libbootloader.a(boot_secure.c.obj)
 .comment       0x0000007e       0x7f lib/libbootloader.a(boot_delay.c.obj)
 .comment       0x0000007e       0x7f lib/libbootloader.a(boot_mem.c.obj)
 .comment       0x0000007e       0x7f lib/libbootloader.a(boot_debuguart.c.obj)
 .comment       0x0000007e       0x7f lib/libbootloader.a(boot_trace.c.obj)
 .comment       0x0000007e       0x7f lib/libbootloader.a(boot_fdl.c.obj)
 .comment       0x0000007e       0x7f lib/libbootloader.a(boot_irq.c.obj)
 .comment       0x0000007e       0x7f lib/libbootloader.a(boot_timer.c.obj)
 .comment       0x0000007e       0x7f lib/libbootloader.a(boot_uart.c.obj)
 .comment       0x0000007e       0x7f lib/libbootloader.a(boot_udc.c.obj)
 .comment       0x0000007e       0x7f lib/libbootloader.a(boot_usb_fdl_channel.c.obj)
 .comment       0x0000007e       0x7f lib/libbootloader.a(boot_adi_bus.c.obj)
 .comment       0x0000007e       0x7f lib/libbootloader.a(boot_log.c.obj)
 .comment       0x0000007e       0x7f lib/libhal.a(hal_clock_init.c.obj)
 .comment       0x0000007e       0x7f lib/libhal.a(hal_chip_8910.c.obj)
 .comment       0x0000007e       0x7f lib/libhal.a(hal_efuse_8910.c.obj)
 .comment       0x0000007e       0x7f lib/libhal.a(hal_delay.c.obj)
 .comment       0x0000007e       0x7f lib/libhal.a(hal_reg_apply.c.obj)
 .comment       0x0000007e       0x7f lib/libhal.a(hal_chip.c.obj)
 .comment       0x0000007e       0x7f lib/libhal.a(hal_chip_armv7a.c.obj)
 .comment       0x0000007e       0x7f lib/libhal.a(hal_hwspinlock.c.obj)
 .comment       0x0000007e       0x7f lib/libosi_lib.a(osi_fifo.c.obj)
 .comment       0x0000007e       0x79 ../../components/newlib/armca5/libc.a(lib_a-impure.o)
                                 0x7a (size before relaxing)
 .comment       0x000000f7       0x7a ../../components/newlib/armca5/libc.a(lib_a-memcmp.o)
 .comment       0x000000f7       0x7a ../../components/newlib/armca5/libc.a(lib_a-memcpy-stub.o)
 .comment       0x000000f7       0x7a ../../components/newlib/armca5/libc.a(lib_a-memset.o)
 .comment       0x000000f7       0x7f lib/libboot_calclib_crc.a(crc32.c.obj)
 .comment       0x000000f7       0x7f lib/libhal_prop.a(ql_hal_spi_flash_prop.c.obj)

.ARM.attributes
                0x00000000       0x3d
 *(.ARM.attributes)
 .ARM.attributes
                0x00000000       0x3d components/bootloader/CMakeFiles/fdl1.dir/fdl1/fdl1_main.c.obj
 .ARM.attributes
                0x0000003d       0x3d lib/libbootloader.a(boot_platform_8910.c.obj)
 .ARM.attributes
                0x0000007a       0x3d lib/libbootloader.a(boot_secure.c.obj)
 .ARM.attributes
                0x000000b7       0x2b lib/libbootloader.a(boot_entry_v7a.S.obj)
 .ARM.attributes
                0x000000e2       0x3d lib/libbootloader.a(boot_delay.c.obj)
 .ARM.attributes
                0x0000011f       0x3d lib/libbootloader.a(boot_mem.c.obj)
 .ARM.attributes
                0x0000015c       0x3d lib/libbootloader.a(boot_debuguart.c.obj)
 .ARM.attributes
                0x00000199       0x3d lib/libbootloader.a(boot_trace.c.obj)
 .ARM.attributes
                0x000001d6       0x3d lib/libbootloader.a(boot_fdl.c.obj)
 .ARM.attributes
                0x00000213       0x3d lib/libbootloader.a(boot_irq.c.obj)
 .ARM.attributes
                0x00000250       0x3d lib/libbootloader.a(boot_timer.c.obj)
 .ARM.attributes
                0x0000028d       0x3d lib/libbootloader.a(boot_uart.c.obj)
 .ARM.attributes
                0x000002ca       0x3d lib/libbootloader.a(boot_udc.c.obj)
 .ARM.attributes
                0x00000307       0x3d lib/libbootloader.a(boot_usb_fdl_channel.c.obj)
 .ARM.attributes
                0x00000344       0x3d lib/libbootloader.a(boot_adi_bus.c.obj)
 .ARM.attributes
                0x00000381       0x3d lib/libbootloader.a(boot_log.c.obj)
 .ARM.attributes
                0x000003be       0x3d lib/libhal.a(hal_clock_init.c.obj)
 .ARM.attributes
                0x000003fb       0x3d lib/libhal.a(hal_chip_8910.c.obj)
 .ARM.attributes
                0x00000438       0x3d lib/libhal.a(hal_efuse_8910.c.obj)
 .ARM.attributes
                0x00000475       0x3d lib/libhal.a(hal_delay.c.obj)
 .ARM.attributes
                0x000004b2       0x3d lib/libhal.a(hal_reg_apply.c.obj)
 .ARM.attributes
                0x000004ef       0x3d lib/libhal.a(hal_chip.c.obj)
 .ARM.attributes
                0x0000052c       0x3d lib/libhal.a(hal_chip_armv7a.c.obj)
 .ARM.attributes
                0x00000569       0x3d lib/libhal.a(hal_hwspinlock.c.obj)
 .ARM.attributes
                0x000005a6       0x3d lib/libosi_lib.a(osi_fifo.c.obj)
 .ARM.attributes
                0x000005e3       0x3d ../../components/newlib/armca5/libc.a(lib_a-impure.o)
 .ARM.attributes
                0x00000620       0x37 ../../components/newlib/armca5/libc.a(lib_a-memcmp.o)
 .ARM.attributes
                0x00000657       0x37 ../../components/newlib/armca5/libc.a(lib_a-memcpy-stub.o)
 .ARM.attributes
                0x0000068e       0x37 ../../components/newlib/armca5/libc.a(lib_a-memset.o)
 .ARM.attributes
                0x000006c5       0x1d ../../components/newlib/armca5/libc.a(lib_a-strlen.o)
 .ARM.attributes
                0x000006e2       0x1b ../../prebuilts/win32/gcc-arm-none-eabi/bin/../lib/gcc/arm-none-eabi/7.2.1/thumb/v7-ar/fpv3/hard/libgcc.a(_udivsi3.o)
 .ARM.attributes
                0x000006fd       0x1b ../../prebuilts/win32/gcc-arm-none-eabi/bin/../lib/gcc/arm-none-eabi/7.2.1/thumb/v7-ar/fpv3/hard/libgcc.a(_dvmd_tls.o)
 .ARM.attributes
                0x00000718       0x3d lib/libboot_calclib_crc.a(crc32.c.obj)
 .ARM.attributes
                0x00000755       0x3d lib/libhal_prop.a(ql_hal_spi_flash_prop.c.obj)

.iplt           0x00000000        0x0
 *(.iplt)
 .iplt          0x00000000        0x0 components/bootloader/CMakeFiles/fdl1.dir/fdl1/fdl1_main.c.obj

.igot.plt       0x00000000        0x0
 *(.igot.plt)
 .igot.plt      0x00000000        0x0 components/bootloader/CMakeFiles/fdl1.dir/fdl1/fdl1_main.c.obj

.rel.dyn        0x00000000        0x0
 *(.rel.dyn)
 .rel.iplt      0x00000000        0x0 components/bootloader/CMakeFiles/fdl1.dir/fdl1/fdl1_main.c.obj

.glue_7         0x00000000        0x0
 *(.glue_7)
 .glue_7        0x00000000        0x0 linker stubs

.glue_7t        0x00000000        0x0
 *(.glue_7t)
 .glue_7t       0x00000000        0x0 linker stubs

.vfp11_veneer   0x00000000        0x0
 *(.vfp11_veneer)
 .vfp11_veneer  0x00000000        0x0 linker stubs

.v4_bx          0x00000000        0x0
 *(.v4_bx)
 .v4_bx         0x00000000        0x0 linker stubs

/DISCARD/
 *(.ARM.exidx*)
 *(.gnu.linkonce.armexidx*)
OUTPUT(hex\fdl1.elf elf32-littlearm)

.debug_info     0x00000000    0x267ae
 .debug_info    0x00000000     0x1816 components/bootloader/CMakeFiles/fdl1.dir/fdl1/fdl1_main.c.obj
 .debug_info    0x00001816     0x26a6 lib/libbootloader.a(boot_platform_8910.c.obj)
 .debug_info    0x00003ebc     0x1ba9 lib/libbootloader.a(boot_secure.c.obj)
 .debug_info    0x00005a65       0x26 lib/libbootloader.a(boot_entry_v7a.S.obj)
 .debug_info    0x00005a8b      0x211 lib/libbootloader.a(boot_delay.c.obj)
 .debug_info    0x00005c9c      0x97f lib/libbootloader.a(boot_mem.c.obj)
 .debug_info    0x0000661b      0x601 lib/libbootloader.a(boot_debuguart.c.obj)
 .debug_info    0x00006c1c      0x1f8 lib/libbootloader.a(boot_trace.c.obj)
 .debug_info    0x00006e14     0x1ac0 lib/libbootloader.a(boot_fdl.c.obj)
 .debug_info    0x000088d4     0x14d5 lib/libbootloader.a(boot_irq.c.obj)
 .debug_info    0x00009da9      0xe69 lib/libbootloader.a(boot_timer.c.obj)
 .debug_info    0x0000ac12     0x162f lib/libbootloader.a(boot_uart.c.obj)
 .debug_info    0x0000c241     0x4099 lib/libbootloader.a(boot_udc.c.obj)
 .debug_info    0x000102da     0x1708 lib/libbootloader.a(boot_usb_fdl_channel.c.obj)
 .debug_info    0x000119e2      0x7b2 lib/libbootloader.a(boot_adi_bus.c.obj)
 .debug_info    0x00012194     0x2fd8 lib/libbootloader.a(boot_log.c.obj)
 .debug_info    0x0001516c     0x7820 lib/libhal.a(hal_clock_init.c.obj)
 .debug_info    0x0001c98c     0x389c lib/libhal.a(hal_chip_8910.c.obj)
 .debug_info    0x00020228     0x1e65 lib/libhal.a(hal_efuse_8910.c.obj)
 .debug_info    0x0002208d      0x3c1 lib/libhal.a(hal_delay.c.obj)
 .debug_info    0x0002244e      0x1ce lib/libhal.a(hal_reg_apply.c.obj)
 .debug_info    0x0002261c      0x3fa lib/libhal.a(hal_chip.c.obj)
 .debug_info    0x00022a16      0xd13 lib/libhal.a(hal_chip_armv7a.c.obj)
 .debug_info    0x00023729      0x68b lib/libhal.a(hal_hwspinlock.c.obj)
 .debug_info    0x00023db4      0xe25 lib/libosi_lib.a(osi_fifo.c.obj)
 .debug_info    0x00024bd9      0x5f5 lib/libboot_calclib_crc.a(crc32.c.obj)
 .debug_info    0x000251ce     0x15e0 lib/libhal_prop.a(ql_hal_spi_flash_prop.c.obj)

.debug_abbrev   0x00000000     0x4a62
 .debug_abbrev  0x00000000      0x377 components/bootloader/CMakeFiles/fdl1.dir/fdl1/fdl1_main.c.obj
 .debug_abbrev  0x00000377      0x2b0 lib/libbootloader.a(boot_platform_8910.c.obj)
 .debug_abbrev  0x00000627      0x4d4 lib/libbootloader.a(boot_secure.c.obj)
 .debug_abbrev  0x00000afb       0x14 lib/libbootloader.a(boot_entry_v7a.S.obj)
 .debug_abbrev  0x00000b0f       0xf1 lib/libbootloader.a(boot_delay.c.obj)
 .debug_abbrev  0x00000c00      0x2fe lib/libbootloader.a(boot_mem.c.obj)
 .debug_abbrev  0x00000efe      0x159 lib/libbootloader.a(boot_debuguart.c.obj)
 .debug_abbrev  0x00001057      0x116 lib/libbootloader.a(boot_trace.c.obj)
 .debug_abbrev  0x0000116d      0x4c2 lib/libbootloader.a(boot_fdl.c.obj)
 .debug_abbrev  0x0000162f      0x3db lib/libbootloader.a(boot_irq.c.obj)
 .debug_abbrev  0x00001a0a      0x273 lib/libbootloader.a(boot_timer.c.obj)
 .debug_abbrev  0x00001c7d      0x44c lib/libbootloader.a(boot_uart.c.obj)
 .debug_abbrev  0x000020c9      0x5d0 lib/libbootloader.a(boot_udc.c.obj)
 .debug_abbrev  0x00002699      0x41e lib/libbootloader.a(boot_usb_fdl_channel.c.obj)
 .debug_abbrev  0x00002ab7      0x1b3 lib/libbootloader.a(boot_adi_bus.c.obj)
 .debug_abbrev  0x00002c6a      0x4a8 lib/libbootloader.a(boot_log.c.obj)
 .debug_abbrev  0x00003112      0x3a1 lib/libhal.a(hal_clock_init.c.obj)
 .debug_abbrev  0x000034b3      0x46a lib/libhal.a(hal_chip_8910.c.obj)
 .debug_abbrev  0x0000391d      0x33d lib/libhal.a(hal_efuse_8910.c.obj)
 .debug_abbrev  0x00003c5a      0x17c lib/libhal.a(hal_delay.c.obj)
 .debug_abbrev  0x00003dd6      0x12e lib/libhal.a(hal_reg_apply.c.obj)
 .debug_abbrev  0x00003f04      0x102 lib/libhal.a(hal_chip.c.obj)
 .debug_abbrev  0x00004006      0x16f lib/libhal.a(hal_chip_armv7a.c.obj)
 .debug_abbrev  0x00004175      0x174 lib/libhal.a(hal_hwspinlock.c.obj)
 .debug_abbrev  0x000042e9      0x332 lib/libosi_lib.a(osi_fifo.c.obj)
 .debug_abbrev  0x0000461b      0x1c4 lib/libboot_calclib_crc.a(crc32.c.obj)
 .debug_abbrev  0x000047df      0x283 lib/libhal_prop.a(ql_hal_spi_flash_prop.c.obj)

.debug_loc      0x00000000     0xa12a
 .debug_loc     0x00000000      0x6f8 components/bootloader/CMakeFiles/fdl1.dir/fdl1/fdl1_main.c.obj
 .debug_loc     0x000006f8      0x143 lib/libbootloader.a(boot_platform_8910.c.obj)
 .debug_loc     0x0000083b      0x691 lib/libbootloader.a(boot_secure.c.obj)
 .debug_loc     0x00000ecc       0x42 lib/libbootloader.a(boot_delay.c.obj)
 .debug_loc     0x00000f0e      0x94c lib/libbootloader.a(boot_mem.c.obj)
 .debug_loc     0x0000185a      0x1b5 lib/libbootloader.a(boot_debuguart.c.obj)
 .debug_loc     0x00001a0f       0xf8 lib/libbootloader.a(boot_trace.c.obj)
 .debug_loc     0x00001b07      0xb11 lib/libbootloader.a(boot_fdl.c.obj)
 .debug_loc     0x00002618      0x2be lib/libbootloader.a(boot_irq.c.obj)
 .debug_loc     0x000028d6       0xdb lib/libbootloader.a(boot_timer.c.obj)
 .debug_loc     0x000029b1      0x866 lib/libbootloader.a(boot_uart.c.obj)
 .debug_loc     0x00003217     0x1037 lib/libbootloader.a(boot_udc.c.obj)
 .debug_loc     0x0000424e      0x889 lib/libbootloader.a(boot_usb_fdl_channel.c.obj)
 .debug_loc     0x00004ad7      0x2ad lib/libbootloader.a(boot_adi_bus.c.obj)
 .debug_loc     0x00004d84     0x1e62 lib/libbootloader.a(boot_log.c.obj)
 .debug_loc     0x00006be6      0x560 lib/libhal.a(hal_clock_init.c.obj)
 .debug_loc     0x00007146      0xf33 lib/libhal.a(hal_chip_8910.c.obj)
 .debug_loc     0x00008079      0x2d3 lib/libhal.a(hal_efuse_8910.c.obj)
 .debug_loc     0x0000834c       0xdc lib/libhal.a(hal_delay.c.obj)
 .debug_loc     0x00008428       0xbe lib/libhal.a(hal_reg_apply.c.obj)
 .debug_loc     0x000084e6      0x493 lib/libhal.a(hal_chip.c.obj)
 .debug_loc     0x00008979      0x70a lib/libhal.a(hal_chip_armv7a.c.obj)
 .debug_loc     0x00009083      0x127 lib/libhal.a(hal_hwspinlock.c.obj)
 .debug_loc     0x000091aa      0x5f9 lib/libosi_lib.a(osi_fifo.c.obj)
 .debug_loc     0x000097a3      0x93a lib/libboot_calclib_crc.a(crc32.c.obj)
 .debug_loc     0x0000a0dd       0x4d lib/libhal_prop.a(ql_hal_spi_flash_prop.c.obj)

.debug_aranges  0x00000000      0x9f8
 .debug_aranges
                0x00000000       0x28 components/bootloader/CMakeFiles/fdl1.dir/fdl1/fdl1_main.c.obj
 .debug_aranges
                0x00000028       0x58 lib/libbootloader.a(boot_platform_8910.c.obj)
 .debug_aranges
                0x00000080       0x68 lib/libbootloader.a(boot_secure.c.obj)
 .debug_aranges
                0x000000e8       0x20 lib/libbootloader.a(boot_entry_v7a.S.obj)
 .debug_aranges
                0x00000108       0x38 lib/libbootloader.a(boot_delay.c.obj)
 .debug_aranges
                0x00000140       0x98 lib/libbootloader.a(boot_mem.c.obj)
 .debug_aranges
                0x000001d8       0x30 lib/libbootloader.a(boot_debuguart.c.obj)
 .debug_aranges
                0x00000208       0x30 lib/libbootloader.a(boot_trace.c.obj)
 .debug_aranges
                0x00000238       0x90 lib/libbootloader.a(boot_fdl.c.obj)
 .debug_aranges
                0x000002c8       0x50 lib/libbootloader.a(boot_irq.c.obj)
 .debug_aranges
                0x00000318       0x30 lib/libbootloader.a(boot_timer.c.obj)
 .debug_aranges
                0x00000348       0x98 lib/libbootloader.a(boot_uart.c.obj)
 .debug_aranges
                0x000003e0       0x98 lib/libbootloader.a(boot_udc.c.obj)
 .debug_aranges
                0x00000478       0x80 lib/libbootloader.a(boot_usb_fdl_channel.c.obj)
 .debug_aranges
                0x000004f8       0x48 lib/libbootloader.a(boot_adi_bus.c.obj)
 .debug_aranges
                0x00000540      0x130 lib/libbootloader.a(boot_log.c.obj)
 .debug_aranges
                0x00000670       0x70 lib/libhal.a(hal_clock_init.c.obj)
 .debug_aranges
                0x000006e0       0xb0 lib/libhal.a(hal_chip_8910.c.obj)
 .debug_aranges
                0x00000790       0x58 lib/libhal.a(hal_efuse_8910.c.obj)
 .debug_aranges
                0x000007e8       0x38 lib/libhal.a(hal_delay.c.obj)
 .debug_aranges
                0x00000820       0x28 lib/libhal.a(hal_reg_apply.c.obj)
 .debug_aranges
                0x00000848       0x48 lib/libhal.a(hal_chip.c.obj)
 .debug_aranges
                0x00000890       0x20 lib/libhal.a(hal_chip_armv7a.c.obj)
 .debug_aranges
                0x000008b0       0x40 lib/libhal.a(hal_hwspinlock.c.obj)
 .debug_aranges
                0x000008f0       0x58 lib/libosi_lib.a(osi_fifo.c.obj)
 .debug_aranges
                0x00000948       0x88 lib/libboot_calclib_crc.a(crc32.c.obj)
 .debug_aranges
                0x000009d0       0x28 lib/libhal_prop.a(ql_hal_spi_flash_prop.c.obj)

.debug_ranges   0x00000000     0x16f8
 .debug_ranges  0x00000000       0xd0 components/bootloader/CMakeFiles/fdl1.dir/fdl1/fdl1_main.c.obj
 .debug_ranges  0x000000d0       0x60 lib/libbootloader.a(boot_platform_8910.c.obj)
 .debug_ranges  0x00000130      0x128 lib/libbootloader.a(boot_secure.c.obj)
 .debug_ranges  0x00000258       0x28 lib/libbootloader.a(boot_delay.c.obj)
 .debug_ranges  0x00000280      0x158 lib/libbootloader.a(boot_mem.c.obj)
 .debug_ranges  0x000003d8       0x50 lib/libbootloader.a(boot_debuguart.c.obj)
 .debug_ranges  0x00000428       0x38 lib/libbootloader.a(boot_trace.c.obj)
 .debug_ranges  0x00000460      0x130 lib/libbootloader.a(boot_fdl.c.obj)
 .debug_ranges  0x00000590      0x148 lib/libbootloader.a(boot_irq.c.obj)
 .debug_ranges  0x000006d8       0x20 lib/libbootloader.a(boot_timer.c.obj)
 .debug_ranges  0x000006f8       0xe8 lib/libbootloader.a(boot_uart.c.obj)
 .debug_ranges  0x000007e0      0x278 lib/libbootloader.a(boot_udc.c.obj)
 .debug_ranges  0x00000a58       0xc8 lib/libbootloader.a(boot_usb_fdl_channel.c.obj)
 .debug_ranges  0x00000b20       0x38 lib/libbootloader.a(boot_adi_bus.c.obj)
 .debug_ranges  0x00000b58      0x5b8 lib/libbootloader.a(boot_log.c.obj)
 .debug_ranges  0x00001110       0xb0 lib/libhal.a(hal_clock_init.c.obj)
 .debug_ranges  0x000011c0      0x270 lib/libhal.a(hal_chip_8910.c.obj)
 .debug_ranges  0x00001430       0x48 lib/libhal.a(hal_efuse_8910.c.obj)
 .debug_ranges  0x00001478       0x28 lib/libhal.a(hal_delay.c.obj)
 .debug_ranges  0x000014a0       0x18 lib/libhal.a(hal_reg_apply.c.obj)
 .debug_ranges  0x000014b8       0x88 lib/libhal.a(hal_chip.c.obj)
 .debug_ranges  0x00001540       0x10 lib/libhal.a(hal_chip_armv7a.c.obj)
 .debug_ranges  0x00001550       0x48 lib/libhal.a(hal_hwspinlock.c.obj)
 .debug_ranges  0x00001598       0xb8 lib/libosi_lib.a(osi_fifo.c.obj)
 .debug_ranges  0x00001650       0x90 lib/libboot_calclib_crc.a(crc32.c.obj)
 .debug_ranges  0x000016e0       0x18 lib/libhal_prop.a(ql_hal_spi_flash_prop.c.obj)

.debug_line     0x00000000     0x5635
 .debug_line    0x00000000      0x3ba components/bootloader/CMakeFiles/fdl1.dir/fdl1/fdl1_main.c.obj
 .debug_line    0x000003ba      0x2a5 lib/libbootloader.a(boot_platform_8910.c.obj)
 .debug_line    0x0000065f      0x3ce lib/libbootloader.a(boot_secure.c.obj)
 .debug_line    0x00000a2d      0x109 lib/libbootloader.a(boot_entry_v7a.S.obj)
 .debug_line    0x00000b36      0x18f lib/libbootloader.a(boot_delay.c.obj)
 .debug_line    0x00000cc5      0x2be lib/libbootloader.a(boot_mem.c.obj)
 .debug_line    0x00000f83      0x20e lib/libbootloader.a(boot_debuguart.c.obj)
 .debug_line    0x00001191      0x17b lib/libbootloader.a(boot_trace.c.obj)
 .debug_line    0x0000130c      0x4ef lib/libbootloader.a(boot_fdl.c.obj)
 .debug_line    0x000017fb      0x3a4 lib/libbootloader.a(boot_irq.c.obj)
 .debug_line    0x00001b9f      0x262 lib/libbootloader.a(boot_timer.c.obj)
 .debug_line    0x00001e01      0x410 lib/libbootloader.a(boot_uart.c.obj)
 .debug_line    0x00002211      0x5d8 lib/libbootloader.a(boot_udc.c.obj)
 .debug_line    0x000027e9      0x3e7 lib/libbootloader.a(boot_usb_fdl_channel.c.obj)
 .debug_line    0x00002bd0      0x251 lib/libbootloader.a(boot_adi_bus.c.obj)
 .debug_line    0x00002e21      0x8e4 lib/libbootloader.a(boot_log.c.obj)
 .debug_line    0x00003705      0x50e lib/libhal.a(hal_clock_init.c.obj)
 .debug_line    0x00003c13      0x719 lib/libhal.a(hal_chip_8910.c.obj)
 .debug_line    0x0000432c      0x32b lib/libhal.a(hal_efuse_8910.c.obj)
 .debug_line    0x00004657      0x164 lib/libhal.a(hal_delay.c.obj)
 .debug_line    0x000047bb      0x1ad lib/libhal.a(hal_reg_apply.c.obj)
 .debug_line    0x00004968      0x1b6 lib/libhal.a(hal_chip.c.obj)
 .debug_line    0x00004b1e      0x166 lib/libhal.a(hal_chip_armv7a.c.obj)
 .debug_line    0x00004c84      0x18e lib/libhal.a(hal_hwspinlock.c.obj)
 .debug_line    0x00004e12      0x31c lib/libosi_lib.a(osi_fifo.c.obj)
 .debug_line    0x0000512e      0x2e4 lib/libboot_calclib_crc.a(crc32.c.obj)
 .debug_line    0x00005412      0x223 lib/libhal_prop.a(ql_hal_spi_flash_prop.c.obj)

.debug_str      0x00000000    0x111b8
 .debug_str     0x00000000     0x15f4 components/bootloader/CMakeFiles/fdl1.dir/fdl1/fdl1_main.c.obj
                               0x1701 (size before relaxing)
 .debug_str     0x000015f4     0x20e6 lib/libbootloader.a(boot_platform_8910.c.obj)
                               0x232c (size before relaxing)
 .debug_str     0x000036da      0x9f0 lib/libbootloader.a(boot_secure.c.obj)
                               0x1148 (size before relaxing)
 .debug_str     0x000040ca       0x40 lib/libbootloader.a(boot_entry_v7a.S.obj)
                                 0x92 (size before relaxing)
 .debug_str     0x0000410a      0x18c lib/libbootloader.a(boot_delay.c.obj)
                                0x39d (size before relaxing)
 .debug_str     0x00004296      0x1c4 lib/libbootloader.a(boot_mem.c.obj)
                                0x49d (size before relaxing)
 .debug_str     0x0000445a      0x344 lib/libbootloader.a(boot_debuguart.c.obj)
                                0x5b1 (size before relaxing)
 .debug_str     0x0000479e       0x80 lib/libbootloader.a(boot_trace.c.obj)
                                0x2e0 (size before relaxing)
 .debug_str     0x0000481e      0x20e lib/libbootloader.a(boot_fdl.c.obj)
                               0x153f (size before relaxing)
 .debug_str     0x00004a2c      0xb02 lib/libbootloader.a(boot_irq.c.obj)
                               0x1110 (size before relaxing)
 .debug_str     0x0000552e      0x143 lib/libbootloader.a(boot_timer.c.obj)
                                0xf9c (size before relaxing)
 .debug_str     0x00005671      0x3dc lib/libbootloader.a(boot_uart.c.obj)
                                0xad0 (size before relaxing)
 .debug_str     0x00005a4d     0x1689 lib/libbootloader.a(boot_udc.c.obj)
                               0x1e2e (size before relaxing)
 .debug_str     0x000070d6      0x1b7 lib/libbootloader.a(boot_usb_fdl_channel.c.obj)
                                0xa53 (size before relaxing)
 .debug_str     0x0000728d      0x4d8 lib/libbootloader.a(boot_adi_bus.c.obj)
                                0x72c (size before relaxing)
 .debug_str     0x00007765      0xda9 lib/libbootloader.a(boot_log.c.obj)
                               0x146f (size before relaxing)
 .debug_str     0x0000850e     0x60b1 lib/libhal.a(hal_clock_init.c.obj)
                               0x7833 (size before relaxing)
 .debug_str     0x0000e5bf     0x1d90 lib/libhal.a(hal_chip_8910.c.obj)
                               0x308c (size before relaxing)
 .debug_str     0x0001034f      0x151 lib/libhal.a(hal_efuse_8910.c.obj)
                               0x1755 (size before relaxing)
 .debug_str     0x000104a0       0xfd lib/libhal.a(hal_delay.c.obj)
                                0x42c (size before relaxing)
 .debug_str     0x0001059d       0x3e lib/libhal.a(hal_reg_apply.c.obj)
                                0x281 (size before relaxing)
 .debug_str     0x000105db       0xd0 lib/libhal.a(hal_chip.c.obj)
                                0x3e7 (size before relaxing)
 .debug_str     0x000106ab      0x28d lib/libhal.a(hal_chip_armv7a.c.obj)
                                0x4bf (size before relaxing)
 .debug_str     0x00010938      0x321 lib/libhal.a(hal_hwspinlock.c.obj)
                                0x5a7 (size before relaxing)
 .debug_str     0x00010c59       0x79 lib/libosi_lib.a(osi_fifo.c.obj)
                                0x702 (size before relaxing)
 .debug_str     0x00010cd2      0x13c lib/libboot_calclib_crc.a(crc32.c.obj)
                                0x35a (size before relaxing)
 .debug_str     0x00010e0e      0x3aa lib/libhal_prop.a(ql_hal_spi_flash_prop.c.obj)
                               0x12b6 (size before relaxing)

.debug_frame    0x00000000     0x1be8
 .debug_frame   0x00000000       0x7c components/bootloader/CMakeFiles/fdl1.dir/fdl1/fdl1_main.c.obj
 .debug_frame   0x0000007c       0xe0 lib/libbootloader.a(boot_platform_8910.c.obj)
 .debug_frame   0x0000015c      0x140 lib/libbootloader.a(boot_secure.c.obj)
 .debug_frame   0x0000029c       0x50 lib/libbootloader.a(boot_delay.c.obj)
 .debug_frame   0x000002ec      0x170 lib/libbootloader.a(boot_mem.c.obj)
 .debug_frame   0x0000045c       0x58 lib/libbootloader.a(boot_debuguart.c.obj)
 .debug_frame   0x000004b4       0x5c lib/libbootloader.a(boot_trace.c.obj)
 .debug_frame   0x00000510      0x1c0 lib/libbootloader.a(boot_fdl.c.obj)
 .debug_frame   0x000006d0       0xb0 lib/libbootloader.a(boot_irq.c.obj)
 .debug_frame   0x00000780       0x48 lib/libbootloader.a(boot_timer.c.obj)
 .debug_frame   0x000007c8      0x150 lib/libbootloader.a(boot_uart.c.obj)
 .debug_frame   0x00000918      0x1d0 lib/libbootloader.a(boot_udc.c.obj)
 .debug_frame   0x00000ae8      0x16c lib/libbootloader.a(boot_usb_fdl_channel.c.obj)
 .debug_frame   0x00000c54       0xb0 lib/libbootloader.a(boot_adi_bus.c.obj)
 .debug_frame   0x00000d04      0x55c lib/libbootloader.a(boot_log.c.obj)
 .debug_frame   0x00001260      0x138 lib/libhal.a(hal_clock_init.c.obj)
 .debug_frame   0x00001398      0x228 lib/libhal.a(hal_chip_8910.c.obj)
 .debug_frame   0x000015c0       0xec lib/libhal.a(hal_efuse_8910.c.obj)
 .debug_frame   0x000016ac       0x5c lib/libhal.a(hal_delay.c.obj)
 .debug_frame   0x00001708       0x5c lib/libhal.a(hal_reg_apply.c.obj)
 .debug_frame   0x00001764       0xf4 lib/libhal.a(hal_chip.c.obj)
 .debug_frame   0x00001858       0x20 lib/libhal.a(hal_chip_armv7a.c.obj)
 .debug_frame   0x00001878       0x7c lib/libhal.a(hal_hwspinlock.c.obj)
 .debug_frame   0x000018f4      0x10c lib/libosi_lib.a(osi_fifo.c.obj)
 .debug_frame   0x00001a00       0x20 ../../prebuilts/win32/gcc-arm-none-eabi/bin/../lib/gcc/arm-none-eabi/7.2.1/thumb/v7-ar/fpv3/hard/libgcc.a(_udivsi3.o)
 .debug_frame   0x00001a20      0x198 lib/libboot_calclib_crc.a(crc32.c.obj)
 .debug_frame   0x00001bb8       0x30 lib/libhal_prop.a(ql_hal_spi_flash_prop.c.obj)
