Archive member included to satisfy reference by file (symbol)

lib/libbootloader.a(boot_platform_8910.c.obj)
                              (--whole-archive)
lib/libbootloader.a(boot_secure.c.obj)
                              (--whole-archive)
lib/libbootloader.a(boot_entry_v7a.S.obj)
                              (--whole-archive)
lib/libbootloader.a(boot_sffs_port.c.obj)
                              (--whole-archive)
lib/libbootloader.a(boot_delay.c.obj)
                              (--whole-archive)
lib/libbootloader.a(boot_mem.c.obj)
                              (--whole-archive)
lib/libbootloader.a(boot_spi_flash.c.obj)
                              (--whole-archive)
lib/libbootloader.a(boot_debuguart.c.obj)
                              (--whole-archive)
lib/libbootloader.a(boot_trace.c.obj)
                              (--whole-archive)
lib/libbootloader.a(boot_fdl.c.obj)
                              (--whole-archive)
lib/libbootloader.a(boot_fdl_dnld.c.obj)
                              (--whole-archive)
lib/libbootloader.a(boot_aes.c.obj)
                              (--whole-archive)
lib/libbootloader.a(boot_vfs.c.obj)
                              (--whole-archive)
lib/libbootloader.a(boot_irq.c.obj)
                              (--whole-archive)
lib/libbootloader.a(boot_timer.c.obj)
                              (--whole-archive)
lib/libbootloader.a(boot_uart.c.obj)
                              (--whole-archive)
lib/libbootloader.a(boot_uart_cmn.c.obj)
                              (--whole-archive)
lib/libbootloader.a(boot_mmu.c.obj)
                              (--whole-archive)
lib/libbootloader.a(boot_uimage.c.obj)
                              (--whole-archive)
lib/libbootloader.a(boot_udc.c.obj)
                              (--whole-archive)
lib/libbootloader.a(boot_usb_fdl_channel.c.obj)
                              (--whole-archive)
lib/libbootloader.a(boot_pdl.c.obj)
                              (--whole-archive)
lib/libbootloader.a(boot_pdl_uimage.c.obj)
                              (--whole-archive)
lib/libbootloader.a(boot_lcd.c.obj)
                              (--whole-archive)
lib/libbootloader.a(boot_unity.c.obj)
                              (--whole-archive)
lib/libbootloader.a(boot_override.c.obj)
                              (--whole-archive)
lib/libbootloader.a(boot_adi_bus.c.obj)
                              (--whole-archive)
lib/libbootloader.a(boot_log.c.obj)
                              (--whole-archive)
lib/libcpio_parser.a(cpio_parser.c.obj)
                              (--whole-archive)
lib/libhal.a(hal_clock_init.c.obj)
                              components/bootloader/CMakeFiles/fdl2.dir/fdl2/fdl2_main.c.obj (halRamInit)
lib/libhal.a(hal_chip_8910.c.obj)
                              lib/libbootloader.a(boot_usb_fdl_channel.c.obj) (osiDCacheClean)
lib/libhal.a(hal_pmu_8910.c.obj)
                              lib/libbootloader.a(boot_unity.c.obj) (halPmuExtFlashPowerOn)
lib/libhal.a(hal_efuse_8910.c.obj)
                              lib/libbootloader.a(boot_secure.c.obj) (halEfuseOpen)
lib/libhal.a(hal_delay.c.obj)
                              lib/libbootloader.a(boot_platform_8910.c.obj) (osiDelayUS)
lib/libhal.a(hal_reg_apply.c.obj)
                              lib/libhal.a(hal_clock_init.c.obj) (halApplyRegisters)
lib/libhal.a(hal_chip.c.obj)  lib/libbootloader.a(boot_uart.c.obj) (halCalcDivider20)
lib/libhal.a(hal_chip_armv7a.c.obj)
                              lib/libbootloader.a(boot_platform_8910.c.obj) (halSaveBlueScreenReg)
lib/libhal.a(hal_hwspinlock.c.obj)
                              lib/libhal.a(hal_efuse_8910.c.obj) (halHwspinlockAcquire)
lib/libhal.a(hal_spi_flash.c.obj)
                              lib/libbootloader.a(boot_spi_flash.c.obj) (halSpiFlashChipErase)
lib/libhal.a(hal_gpio.c.obj)  lib/libhal.a(hal_pmu_8910.c.obj) (halGpioSetOutput)
lib/libboot_calclib_crc.a(crc32.c.obj)
                              lib/libbootloader.a(boot_fdl_dnld.c.obj) (crc32Init)
lib/libsffs_core.a(sffs.c.obj)
                              lib/libbootloader.a(boot_vfs.c.obj) (sffsMount)
lib/libfsmount.a(fs_mount.c.obj)
                              lib/libbootloader.a(boot_fdl_dnld.c.obj) (fsMountFsPath)
lib/libbdev.a(block_device.c.obj)
                              lib/libsffs_core.a(sffs.c.obj) (blockDeviceRead)
lib/libbdev.a(partition_block_device.c.obj)
                              lib/libfsmount.a(fs_mount.c.obj) (partBlockDeviceCreate)
lib/libbdev_core.a(flash_block_device_v2.c.obj)
                              lib/libfsmount.a(fs_mount.c.obj) (flashBlockDeviceCreateV2)
lib/libosi_lib.a(osi_fifo.c.obj)
                              lib/libbootloader.a(boot_usb_fdl_channel.c.obj) (osiFifoInit)
lib/libnvm.a(nvm_8910.c.obj)  lib/libbootloader.a(boot_fdl_dnld.c.obj) (nvmReadItem)
lib/libnvm.a(nvm_migration.c.obj)
                              lib/libbootloader.a(boot_fdl_dnld.c.obj) (nvmMigration)
[...]
Memory Configuration

Name             Origin             Length             Attributes
sram             0x00810040         0x0002ffc0         xrw
*default*        0x00000000         0xffffffff

Linker script and memory map

LOAD components/bootloader/CMakeFiles/fdl2.dir/fdl2/fdl2_main.c.obj
LOAD components/bootloader/CMakeFiles/fdl2.dir/calibparam.bin.S.obj
LOAD lib/libbootloader.a
LOAD lib/libcpio_parser.a
START GROUP
LOAD lib/libhal.a
LOAD lib/libcalclib.a
LOAD lib/libboot_calclib_crc.a
LOAD lib/libsffs_core.a
LOAD lib/libfsmount.a
LOAD lib/libbdev.a
LOAD lib/libbdev_core.a
LOAD lib/libosi_lib.a
LOAD lib/libnvm.a
LOAD lib/libbt_nv.a
END GROUP
LOAD ../../components/newlib/armca5/libc.a
LOAD ../../prebuilts/win32/gcc-arm-none-eabi/bin/../lib/gcc/arm-none-eabi/7.2.1/thumb/v7-ar/fpv3/hard/libgcc.a
LOAD lib/libfupdate_core.a
LOAD lib/libboot_ex_ql.a
LOAD lib/libboot_ex_fat_rdonly.a
LOAD lib/libboot_ex_sdmmc.a
LOAD lib/libboot_ex_spi6nor.a
LOAD lib/libboot_ex_ql_pin.a
LOAD lib/libcalclib.a
LOAD ../../components/libs/boot_encrypt/libboot_encrypt.a
LOAD lib/libhal.a
LOAD lib/libdriver.a
LOAD lib/libhal_prop.a
LOAD lib/libdriver_lcd.a
LOAD lib/liboql_core_boot_virt_func.a
LOAD lib/libdriver_camera.a
LOAD lib/libhal.a
LOAD lib/libdriver.a
LOAD lib/libhal_prop.a
LOAD lib/libdriver_lcd.a
LOAD lib/liboql_core_boot_virt_func.a
LOAD lib/libdriver_camera.a
LOAD lib/libfs_partinfo.a

.text           0x00810040     0xdf60
                0x00810040                __text_start = .
 *(BOOT_ENTRY)
 BOOT_ENTRY     0x00810040      0x25c lib/libbootloader.a(boot_entry_v7a.S.obj)
                0x00810040                Vectors
                0x008101e4                bootEntry
                0x00810260                bootJumpImageEntry
 SORT_BY_NAME(*)(.sramboottext .sramboottext.*)
 .sramboottext  0x0081029c       0x6c lib/libhal.a(hal_delay.c.obj)
                0x0081029c                osiDelayLoops
                0x008102a8                osiDelayUS
                0x008102c8                osiDebugEvent
                0x008102fc                osiHWTick16K
 .sramboottext  0x00810308       0x56 lib/libhal.a(hal_reg_apply.c.obj)
                0x00810308                halApplyRegisters
                0x0081033a                halApplyRegisterList
 SORT_BY_NAME(*)(.sramtext .sramtext.*)
 .sramtext      0x0081035e       0x1e lib/libhal.a(hal_chip_8910.c.obj)
                0x0081035e                uxPortSetInterruptMaskFromISR
                0x0081035e                vPortDisableInterrupts
                0x0081035e                uxPortEnterCritical
                0x0081035e                osiEnterCritical
                0x0081035e                osiIrqSave
                0x0081036e                osiExitCritical
                0x0081036e                osiIrqRestore
                0x0081036e                vPortExitCritical
                0x0081036e                vPortClearInterruptMaskFromISR
 SORT_BY_NAME(*)(.ramtext .ramtext.*)
 .ramtext.osi_log.430
                0x0081037c       0x98 lib/libbootloader.a(boot_log.c.obj)
 .ramtext.osi_log.521
                0x00810414       0x24 lib/libbootloader.a(boot_log.c.obj)
                0x00810414                osiTraceBasic
                0x00810414                boot_osiTraceBasic
 .ramtext.osi_log.535
                0x00810438       0x24 lib/libbootloader.a(boot_log.c.obj)
                0x00810438                osiTraceIdBasic
                0x00810438                boot_osiTraceIdBasic
 .ramtext.flashhal.989
                0x0081045c       0xe4 lib/libhal.a(hal_spi_flash.c.obj)
                0x0081045c                halSpiFlashCmd
 .ramtext.flashhal.245
                0x00810540       0x20 lib/libhal.a(hal_spi_flash.c.obj)
 .ramtext.flashhal.313
                0x00810560       0x14 lib/libhal.a(hal_spi_flash.c.obj)
 .ramtext.flashhal.329
                0x00810574       0x24 lib/libhal.a(hal_spi_flash.c.obj)
 .ramtext.flashhal.239
                0x00810598       0x16 lib/libhal.a(hal_spi_flash.c.obj)
 .ramtext.flashhal.552
                0x008105ae        0xa lib/libhal.a(hal_spi_flash.c.obj)
                0x008105ae                halSpiFlashChipErase
 .ramtext.flashhal.509
                0x008105b8        0xa lib/libhal.a(hal_spi_flash.c.obj)
 .ramtext.flashhal.498
                0x008105c2        0xa lib/libhal.a(hal_spi_flash.c.obj)
 .ramtext.flashhal.487
                0x008105cc        0xa lib/libhal.a(hal_spi_flash.c.obj)
 .ramtext.flashhal.907
                0x008105d6       0x1a lib/libhal.a(hal_spi_flash.c.obj)
                0x008105d6                halSpiFlashErase
 .ramtext.flashhal.227
                0x008105f0       0x12 lib/libhal.a(hal_spi_flash.c.obj)
 .ramtext.flashhal.346
                0x00810602       0x18 lib/libhal.a(hal_spi_flash.c.obj)
 .ramtext.flashhal.397
                0x0081061a       0x24 lib/libhal.a(hal_spi_flash.c.obj)
 .ramtext.flashhal.476
                0x0081063e        0xc lib/libhal.a(hal_spi_flash.c.obj)
                0x0081063e                halSpiFlashPageProgram
 .ramtext.flashhal.370
                0x0081064a       0x64 lib/libhal.a(hal_spi_flash.c.obj)
 .ramtext.flashhal.1068
                0x008106ae        0xa lib/libhal.a(hal_spi_flash.c.obj)
                0x008106ae                halSpiFlashWriteEnable
 .ramtext.flashhal.414
                0x008106b8      0x184 lib/libhal.a(hal_spi_flash.c.obj)
                0x008106b8                halSpiFlashPrepareEraseProgram
 .ramtext.flashhal.450
                0x0081083c       0x6c lib/libhal.a(hal_spi_flash.c.obj)
                0x0081083c                halSpiFlashFinishEraseProgram
 .ramtext.flashhal.1076
                0x008108a8        0xa lib/libhal.a(hal_spi_flash.c.obj)
                0x008108a8                halSpiFlashWriteDisable
 .ramtext.flashhal.1084
                0x008108b2        0xa lib/libhal.a(hal_spi_flash.c.obj)
                0x008108b2                halSpiFlashResetEnable
 .ramtext.flashhal.1092
                0x008108bc        0xa lib/libhal.a(hal_spi_flash.c.obj)
                0x008108bc                halSpiFlashReset
 .ramtext.flashhal.1100
                0x008108c6       0x1a lib/libhal.a(hal_spi_flash.c.obj)
                0x008108c6                halSpiFlashReadSR
 .ramtext.flashhal.1136
                0x008108e0       0x26 lib/libhal.a(hal_spi_flash.c.obj)
                0x008108e0                halSpiFlashIsWipFinished
 .ramtext.flashhal.1149
                0x00810906       0x10 lib/libhal.a(hal_spi_flash.c.obj)
                0x00810906                halSpiFlashWaitWipFinish
 .ramtext.flashhal.1108
                0x00810916       0x6c lib/libhal.a(hal_spi_flash.c.obj)
                0x00810916                halSpiFlashWriteSR
 *fill*         0x00810982        0x2 
 .ramtext.flashhal.1272
                0x00810984      0x18c lib/libhal.a(hal_spi_flash.c.obj)
                0x00810984                halSpiFlashStatusCheck
 .ramtext.flashhal.1385
                0x00810b10      0x10c lib/libhal.a(hal_spi_flash.c.obj)
                0x00810b10                halSpiFlashInit
 .ramtext.flashhal.103
                0x00810c1c       0x44 lib/libhal.a(hal_spi_flash.c.obj)
 .ramtext.flashhal.126
                0x00810c60       0x44 lib/libhal.a(hal_spi_flash.c.obj)
 .ramtext.flashhal.149
                0x00810ca4       0x44 lib/libhal.a(hal_spi_flash.c.obj)
 .ramtext.flashhal.172
                0x00810ce8       0x3c lib/libhal.a(hal_spi_flash.c.obj)
 .ramtext.flashhal.63
                0x00810d24       0x34 lib/libhal.a(hal_spi_flash.c.obj)
 .ramtext.flashhal.82
                0x00810d58       0x3c lib/libhal.a(hal_spi_flash.c.obj)
 SORT_BY_NAME(*)(.text .text.* .gnu.linkonce.t.* .rdata .rodata .rodata.* .rodata1 .gnu.linkonce.r.*)
 .text.__getreent
                0x00810d94        0xc ../../components/newlib/armca5/libc.a(lib_a-getreent.o)
                0x00810d94                __getreent
 .rodata._global_impure_ptr
                0x00810da0        0x4 ../../components/newlib/armca5/libc.a(lib_a-impure.o)
                0x00810da0                _global_impure_ptr
 .text.memcmp   0x00810da4       0x5c ../../components/newlib/armca5/libc.a(lib_a-memcmp.o)
                0x00810da4                memcmp
 .text.memcpy   0x00810e00       0xc8 ../../components/newlib/armca5/libc.a(lib_a-memcpy-stub.o)
                0x00810e00                memcpy
 .text.memset   0x00810ec8       0xa8 ../../components/newlib/armca5/libc.a(lib_a-memset.o)
                0x00810ec8                memset
 .text.strcat   0x00810f70       0x40 ../../components/newlib/armca5/libc.a(lib_a-strcat.o)
                0x00810f70                strcat
 .text.strchr   0x00810fb0       0xd0 ../../components/newlib/armca5/libc.a(lib_a-strchr.o)
                0x00810fb0                strchr
 .text          0x00811080      0x2dc ../../components/newlib/armca5/libc.a(lib_a-strcmp.o)
                0x00811088                strcmp
 .text.strcpy   0x0081135c       0xc4 ../../components/newlib/armca5/libc.a(lib_a-strcpy.o)
                0x0081135c                strcpy
 .text.strdup   0x00811420       0x14 ../../components/newlib/armca5/libc.a(lib_a-strdup.o)
                0x00811420                strdup
 .text._strdup_r
                0x00811434       0x24 ../../components/newlib/armca5/libc.a(lib_a-strdup_r.o)
                0x00811434                _strdup_r
 *fill*         0x00811458       0x28 
 .text          0x00811480       0xdc ../../components/newlib/armca5/libc.a(lib_a-strlen.o)
                0x00811480                strlen
 .text.strncmp  0x0081155c       0x84 ../../components/newlib/armca5/libc.a(lib_a-strncmp.o)
                0x0081155c                strncmp
 .text.strrchr  0x008115e0       0x24 ../../components/newlib/armca5/libc.a(lib_a-strrchr.o)
                0x008115e0                strrchr
 *fill*         0x00811604        0x4 
 .text          0x00811608      0x2b0 ../../prebuilts/win32/gcc-arm-none-eabi/bin/../lib/gcc/arm-none-eabi/7.2.1/thumb/v7-ar/fpv3/hard/libgcc.a(_divsi3.o)
                0x00811608                __divsi3
                0x00811608                __aeabi_idiv
                0x0081189c                __aeabi_idivmod
 .text          0x008118b8        0x4 ../../prebuilts/win32/gcc-arm-none-eabi/bin/../lib/gcc/arm-none-eabi/7.2.1/thumb/v7-ar/fpv3/hard/libgcc.a(_dvmd_tls.o)
                0x008118b8                __aeabi_idiv0
                0x008118b8                __aeabi_ldiv0
 *fill*         0x008118bc        0x4 
 .text          0x008118c0      0x278 ../../prebuilts/win32/gcc-arm-none-eabi/bin/../lib/gcc/arm-none-eabi/7.2.1/thumb/v7-ar/fpv3/hard/libgcc.a(_udivsi3.o)
                0x008118c0                __aeabi_uidiv
                0x008118c0                __udivsi3
                0x00811b1c                __aeabi_uidivmod
 .text          0x00811b38     0x1784 components/bootloader/CMakeFiles/fdl2.dir/calibparam.bin.S.obj
                0x00811b38                gDefCalibParam
 .text.bootStart
                0x008132bc      0x194 components/bootloader/CMakeFiles/fdl2.dir/fdl2/fdl2_main.c.obj
                0x008132bc                bootStart
 .rodata.bootStart.str1.1
                0x00813450       0x34 components/bootloader/CMakeFiles/fdl2.dir/fdl2/fdl2_main.c.obj
 .text.blockDeviceRead
                0x00813484        0xc lib/libbdev.a(block_device.c.obj)
                0x00813484                blockDeviceRead
 .text.blockDeviceWrite
                0x00813490        0xc lib/libbdev.a(block_device.c.obj)
                0x00813490                blockDeviceWrite
 .text.blockDeviceErase
                0x0081349c        0xc lib/libbdev.a(block_device.c.obj)
                0x0081349c                blockDeviceErase
 .text.blockDeviceDestroy
                0x008134a8        0x8 lib/libbdev.a(block_device.c.obj)
                0x008134a8                blockDeviceDestroy
 .text._destroy
                0x008134b0        0x4 lib/libbdev.a(partition_block_device.c.obj)
 .text._erase   0x008134b4       0x14 lib/libbdev.a(partition_block_device.c.obj)
 .text._write   0x008134c8       0x14 lib/libbdev.a(partition_block_device.c.obj)
 .text._read    0x008134dc       0x14 lib/libbdev.a(partition_block_device.c.obj)
 .text.partBlockDeviceCreate
                0x008134f0       0x78 lib/libbdev.a(partition_block_device.c.obj)
                0x008134f0                partBlockDeviceCreate
 .text.prvDestroy
                0x00813568       0x1c lib/libbdev_core.a(flash_block_device_v2.c.obj)
 .text.prvStat  0x00813584       0x64 lib/libbdev_core.a(flash_block_device_v2.c.obj)
 .text.prvPbGetStatus.isra.8
                0x008135e8       0x14 lib/libbdev_core.a(flash_block_device_v2.c.obj)
 .text.prvEbFindGcTo
                0x008135fc       0x56 lib/libbdev_core.a(flash_block_device_v2.c.obj)
 .text.prvPbSetStatus.isra.9
                0x00813652       0x2e lib/libbdev_core.a(flash_block_device_v2.c.obj)
 .text.prvFlashWrite
                0x00813680       0x3c lib/libbdev_core.a(flash_block_device_v2.c.obj)
 .text.prvPbDelete
                0x008136bc       0x1e lib/libbdev_core.a(flash_block_device_v2.c.obj)
 .text.prvErase
                0x008136da       0x72 lib/libbdev_core.a(flash_block_device_v2.c.obj)
 .text.prvFlashWriteCheck
                0x0081374c       0x28 lib/libbdev_core.a(flash_block_device_v2.c.obj)
 .text.prvFlashRead
                0x00813774       0x44 lib/libbdev_core.a(flash_block_device_v2.c.obj)
 .text.prvPbReadTail
                0x008137b8        0xe lib/libbdev_core.a(flash_block_device_v2.c.obj)
 .text.prvRead  0x008137c6       0x7e lib/libbdev_core.a(flash_block_device_v2.c.obj)
 .text.prvPbMemCalcCrc.isra.13
                0x00813844       0x1c lib/libbdev_core.a(flash_block_device_v2.c.obj)
 .text.prvPbReadStatus
                0x00813860       0xa8 lib/libbdev_core.a(flash_block_device_v2.c.obj)
 .text.prvSetGeom
                0x00813908       0xbe lib/libbdev_core.a(flash_block_device_v2.c.obj)
 *fill*         0x008139c6        0x2 
 .text.prvScan  0x008139c8      0x230 lib/libbdev_core.a(flash_block_device_v2.c.obj)
 .text.prvWrite
                0x00813bf8      0x34c lib/libbdev_core.a(flash_block_device_v2.c.obj)
 .text.flashBlockDeviceCreateV2
                0x00813f44       0xfc lib/libbdev_core.a(flash_block_device_v2.c.obj)
                0x00813f44                flashBlockDeviceCreateV2
 .text.flashBlockDeviceFormatV2
                0x00814040       0x70 lib/libbdev_core.a(flash_block_device_v2.c.obj)
                0x00814040                flashBlockDeviceFormatV2
 .rodata.gFbdev2Ops
                0x008140b0       0x14 lib/libbdev_core.a(flash_block_device_v2.c.obj)
 .text.crc_table_init
                0x008140c4       0x68 lib/libboot_calclib_crc.a(crc32.c.obj)
                0x008140c4                crc_table_init
 .text.crc32Init
                0x0081412c       0x1c lib/libboot_calclib_crc.a(crc32.c.obj)
                0x0081412c                crc32Init
 .text.crc32Update
                0x00814148       0x38 lib/libboot_calclib_crc.a(crc32.c.obj)
                0x00814148                crc32Update
 .text.crc32Calc
                0x00814180       0x38 lib/libboot_calclib_crc.a(crc32.c.obj)
                0x00814180                crc32Calc
 .text.crc8RohcInit
                0x008141b8       0x1c lib/libboot_calclib_crc.a(crc32.c.obj)
                0x008141b8                crc8RohcInit
 .text.crc8RohcCalc
                0x008141d4       0x2c lib/libboot_calclib_crc.a(crc32.c.obj)
                0x008141d4                crc8RohcCalc
 .text.crc16NvCalc
                0x00814200       0x44 lib/libboot_calclib_crc.a(crc32.c.obj)
                0x00814200                crc16NvCalc
 .text.crc16FdlCalc
                0x00814244       0x5c lib/libboot_calclib_crc.a(crc32.c.obj)
                0x00814244                crc16FdlCalc
 .text.disk_readp
                0x008142a0        0x4 lib/libboot_ex_fat_rdonly.a(diskio.c.obj)
                0x008142a0                disk_readp
 .text.ff_convert
                0x008142a4       0x38 lib/libboot_ex_fat_rdonly.a(pff_basic.c.obj)
                0x008142a4                ff_convert
 .text.ld_word  0x008142dc        0x4 lib/libboot_ex_fat_rdonly.a(pff_basic.c.obj)
                0x008142dc                ld_word
 .text.ld_dword
                0x008142e0        0x4 lib/libboot_ex_fat_rdonly.a(pff_basic.c.obj)
                0x008142e0                ld_dword
 .text.mem_set  0x008142e4        0xe lib/libboot_ex_fat_rdonly.a(pff_basic.c.obj)
                0x008142e4                mem_set
 .text.mem_cmp  0x008142f2       0x1c lib/libboot_ex_fat_rdonly.a(pff_basic.c.obj)
                0x008142f2                mem_cmp
 .text.chk_chr  0x0081430e        0xe lib/libboot_ex_fat_rdonly.a(pff_basic.c.obj)
                0x0081430e                chk_chr
 .text.test_lfn
                0x0081431c       0x58 lib/libboot_ex_fat_rdonly.a(pff_basic.c.obj)
                0x0081431c                test_lfn
 .text.sum_sfn  0x00814374       0x1e lib/libboot_ex_fat_rdonly.a(pff_basic.c.obj)
                0x00814374                sum_sfn
 *fill*         0x00814392        0x2 
 .text.clust2sect
                0x00814394       0x20 lib/libboot_ex_fat_rdonly.a(pff_basic.c.obj)
                0x00814394                clust2sect
 .text.get_clust
                0x008143b4        0xa lib/libboot_ex_fat_rdonly.a(pff_basic.c.obj)
                0x008143b4                get_clust
 *fill*         0x008143be        0x2 
 .text.create_name
                0x008143c0      0x200 lib/libboot_ex_fat_rdonly.a(pff_basic.c.obj)
                0x008143c0                create_name
 .rodata.LfnOfs
                0x008145c0        0xd lib/libboot_ex_fat_rdonly.a(pff_basic.c.obj)
                0x008145c0                LfnOfs
 *fill*         0x008145cd        0x1 
 .rodata.Tbl    0x008145ce      0x100 lib/libboot_ex_fat_rdonly.a(pff_basic.c.obj)
 .rodata.create_name.str1.1
                0x008146ce       0x10 lib/libboot_ex_fat_rdonly.a(pff_basic.c.obj)
 *fill*         0x008146de        0x2 
 .text.get_fat  0x008146e0       0x7c lib/libboot_ex_fat_rdonly.a(pff_rdonly.c.obj)
 .text.dir_seek.constprop.2
                0x0081475c       0x44 lib/libboot_ex_fat_rdonly.a(pff_rdonly.c.obj)
 .text.pf_open  0x008147a0      0x204 lib/libboot_ex_fat_rdonly.a(pff_rdonly.c.obj)
                0x008147a0                pf_open
 .text.pf_read  0x008149a4       0xd4 lib/libboot_ex_fat_rdonly.a(pff_rdonly.c.obj)
                0x008149a4                pf_read
 .text.quec_blockDeviceRead
                0x00814a78       0x20 lib/libboot_ex_fat_rdonly.a(quec_boot_block_device.c.obj)
                0x00814a78                quec_blockDeviceRead
 .text.ql_boot_fat_open
                0x00814a98       0x1a lib/libboot_ex_fat_rdonly.a(quec_boot_pff_rdonly.c.obj)
                0x00814a98                ql_boot_fat_open
 .text.ql_boot_fat_read
                0x00814ab2       0x22 lib/libboot_ex_fat_rdonly.a(quec_boot_pff_rdonly.c.obj)
                0x00814ab2                ql_boot_fat_read
 .text.quec_get_real_path
                0x00814ad4       0x28 lib/libboot_ex_fat_rdonly.a(quec_boot_pff_rdonly.c.obj)
                0x00814ad4                quec_get_real_path
 .text.quec_boot_open_file
                0x00814afc       0x80 lib/libboot_ex_fat_rdonly.a(quec_boot_pff_rdonly.c.obj)
                0x00814afc                quec_boot_open_file
 .text.quec_bootVfsOpen
                0x00814b7c       0x2a lib/libboot_ex_fat_rdonly.a(quec_boot_pff_rdonly.c.obj)
                0x00814b7c                quec_bootVfsOpen
 *fill*         0x00814ba6        0x2 
 .text.quec_bootVfsRead
                0x00814ba8       0x30 lib/libboot_ex_fat_rdonly.a(quec_boot_pff_rdonly.c.obj)
                0x00814ba8                quec_bootVfsRead
 .text.quec_bootVfsClose
                0x00814bd8       0x28 lib/libboot_ex_fat_rdonly.a(quec_boot_pff_rdonly.c.obj)
                0x00814bd8                quec_bootVfsClose
 .text.quec_bootVfsFileSize
                0x00814c00       0x40 lib/libboot_ex_fat_rdonly.a(quec_boot_pff_rdonly.c.obj)
                0x00814c00                quec_bootVfsFileSize
 .text.quec_bootVfsCheckPath
                0x00814c40       0x12 lib/libboot_ex_fat_rdonly.a(quec_boot_pff_rdonly.c.obj)
                0x00814c40                quec_bootVfsCheckPath
 .rodata.quec_boot_open_file.str1.1
                0x00814c52       0x21 lib/libboot_ex_fat_rdonly.a(quec_boot_pff_rdonly.c.obj)
 .rodata.quec_get_real_path.str1.1
                0x00814c73        0xe lib/libboot_ex_fat_rdonly.a(quec_boot_pff_rdonly.c.obj)
 *fill*         0x00814c81        0x3 
 .text.ql_boot_fat_disk_read
                0x00814c84       0x28 lib/libboot_ex_fat_rdonly.a(quec_boot_vfs.c.obj)
                0x00814c84                ql_boot_fat_disk_read
 .text.quec_check_path_type
                0x00814cac       0x88 lib/libboot_ex_ql.a(quec_boot_fota.c.obj)
                0x00814cac                quec_check_path_type
 .rodata.quec_check_path_type.str1.1
                0x00814d34       0x1d lib/libboot_ex_ql.a(quec_boot_fota.c.obj)
 .rodata.ql_boot_model_diff_ctx
                0x00814d34        0x1 lib/libboot_ex_ql_pin.a(quec_boot_pin_map.c.obj)
                0x00814d34                ql_boot_model_diff_ctx
 *fill*         0x00814d35        0x3 
 .text.ql_boot_set_power_domain
                0x00814d38       0xf0 lib/libboot_ex_spi6nor.a(quec_boot_pin_power_domain.c.obj)
                0x00814d38                ql_boot_set_power_domain
 .text.quec_boot_pin_init
                0x00814e28       0x2c lib/libboot_ex_spi6nor.a(quec_boot_pin_power_domain.c.obj)
                0x00814e28                quec_boot_pin_init
 .text.quec_boot_get_pin_reg_default_val
                0x00814e54       0x12 lib/libboot_ex_spi6nor.a(quec_boot_pin_power_domain.c.obj)
                0x00814e54                quec_boot_get_pin_reg_default_val
 .rodata.ql_boot_set_power_domain.str1.1
                0x00814e66       0x1d lib/libboot_ex_spi6nor.a(quec_boot_pin_power_domain.c.obj)
 *fill*         0x00814e83        0x1 
 .text.ql_set_spi6_ext_nor_flash_status
                0x00814e84        0xc lib/libboot_ex_spi6nor.a(quec_spi6_ext_norflash_cfg.c.obj)
                0x00814e84                ql_set_spi6_ext_nor_flash_status
 .text.ql_get_spi6_ext_nor_status
                0x00814e90        0xc lib/libboot_ex_spi6nor.a(quec_spi6_ext_norflash_cfg.c.obj)
                0x00814e90                ql_get_spi6_ext_nor_status
 .text.quec_spi6_ext_norflash_get_mount_status
                0x00814e9c        0xc lib/libboot_ex_spi6nor.a(quec_spi6_ext_norflash_cfg.c.obj)
                0x00814e9c                quec_spi6_ext_norflash_get_mount_status
 .text.quec_set_spi6_ext_nor_flash_capacity
                0x00814ea8       0x78 lib/libboot_ex_spi6nor.a(quec_spi6_ext_norflash_cfg.c.obj)
                0x00814ea8                quec_set_spi6_ext_nor_flash_capacity
 .text.quec_spi6_ext_nor_flash_mount
                0x00814f20       0x7c lib/libboot_ex_spi6nor.a(quec_spi6_ext_norflash_cfg.c.obj)
                0x00814f20                quec_spi6_ext_nor_flash_mount
 .text.quec_spi6_ext_nor_flash_mkfs
                0x00814f9c       0x54 lib/libboot_ex_spi6nor.a(quec_spi6_ext_norflash_cfg.c.obj)
                0x00814f9c                quec_spi6_ext_nor_flash_mkfs
 .text.quec_boot_spi6_pin_init
                0x00814ff0       0xa8 lib/libboot_ex_spi6nor.a(quec_spi6_ext_norflash_cfg.c.obj)
                0x00814ff0                quec_boot_spi6_pin_init
 .text.quec_boot_spi6_ext_norflash_gpio_init
                0x00815098        0xc lib/libboot_ex_spi6nor.a(quec_spi6_ext_norflash_cfg.c.obj)
                0x00815098                quec_boot_spi6_ext_norflash_gpio_init
 .text.quec_boot_spi6_ext_norflash_init
                0x008150a4       0x38 lib/libboot_ex_spi6nor.a(quec_spi6_ext_norflash_cfg.c.obj)
                0x008150a4                quec_boot_spi6_ext_norflash_init
 .text.quec_boot_get_spi6_ext_norflash_gpio_default_fuction
                0x008150dc       0x80 lib/libboot_ex_spi6nor.a(quec_spi6_ext_norflash_cfg.c.obj)
                0x008150dc                quec_boot_get_spi6_ext_norflash_gpio_default_fuction
 .rodata.__FUNCTION__.48887
                0x0081515c       0x25 lib/libboot_ex_spi6nor.a(quec_spi6_ext_norflash_cfg.c.obj)
 .rodata.__FUNCTION__.48899
                0x00815181       0x1e lib/libboot_ex_spi6nor.a(quec_spi6_ext_norflash_cfg.c.obj)
 .rodata.__FUNCTION__.48982
                0x0081519f       0x21 lib/libboot_ex_spi6nor.a(quec_spi6_ext_norflash_cfg.c.obj)
 .rodata.quec_boot_spi6_ext_norflash_init.str1.1
                0x008151c0       0x27 lib/libboot_ex_spi6nor.a(quec_spi6_ext_norflash_cfg.c.obj)
 .rodata.quec_set_spi6_ext_nor_flash_capacity.str1.1
                0x008151e7       0x5c lib/libboot_ex_spi6nor.a(quec_spi6_ext_norflash_cfg.c.obj)
 .rodata.quec_spi6_ext_nor_flash_mount.str1.1
                0x00815243       0x2f lib/libboot_ex_spi6nor.a(quec_spi6_ext_norflash_cfg.c.obj)
 *fill*         0x00815272        0x2 
 .text.bootAdiBusInit
                0x00815274       0x28 lib/libbootloader.a(boot_adi_bus.c.obj)
                0x00815274                bootAdiBusInit
                0x00815274                halAdiBusInit
 .text.bootAdiBusRead
                0x0081529c       0x2c lib/libbootloader.a(boot_adi_bus.c.obj)
                0x0081529c                halAdiBusRead
                0x0081529c                bootAdiBusRead
 .text.bootAdiBusWrite
                0x008152c8       0x1c lib/libbootloader.a(boot_adi_bus.c.obj)
                0x008152c8                halAdiBusWrite
                0x008152c8                bootAdiBusWrite
 .text.quec_bootAdiBusBatchChange
                0x008152e4       0x50 lib/libbootloader.a(boot_adi_bus.c.obj)
                0x008152e4                quec_bootAdiBusBatchChange
 .text.bootAdiBusChange
                0x00815334        0x4 lib/libbootloader.a(boot_adi_bus.c.obj)
                0x00815334                halAdiBusChange
                0x00815334                bootAdiBusChange
 .rodata        0x00815338        0x4 lib/libbootloader.a(boot_adi_bus.c.obj)
 .text._addRoundKey
                0x0081533c       0x1c lib/libbootloader.a(boot_aes.c.obj)
 .text.aesEncryptObj
                0x00815358      0x394 lib/libbootloader.a(boot_aes.c.obj)
                0x00815358                aesEncryptObj
 .rodata.rcon   0x008156ec        0xb lib/libbootloader.a(boot_aes.c.obj)
 .rodata.sbox   0x008156f7      0x100 lib/libbootloader.a(boot_aes.c.obj)
 .rodata.x2_sbox
                0x008157f7      0x100 lib/libbootloader.a(boot_aes.c.obj)
 .rodata.x3_sbox
                0x008158f7      0x100 lib/libbootloader.a(boot_aes.c.obj)
 *fill*         0x008159f7        0x1 
 .text.bootDebuguartInit
                0x008159f8       0x3c lib/libbootloader.a(boot_debuguart.c.obj)
                0x008159f8                bootDebuguartInit
 .text.bootDebuguartWrite
                0x00815a34       0x34 lib/libbootloader.a(boot_debuguart.c.obj)
                0x00815a34                bootDebuguartWrite
 .text.bootDebuguartWriteAll
                0x00815a68       0x2e lib/libbootloader.a(boot_debuguart.c.obj)
                0x00815a68                bootDebuguartWriteAll
 .text.bootPanic
                0x00815a96        0x2 lib/libbootloader.a(boot_delay.c.obj)
                0x00815a96                osiPanic
                0x00815a96                bootPanic
 .text.bootElapsedTimerStart
                0x00815a98       0x10 lib/libbootloader.a(boot_delay.c.obj)
                0x00815a98                osiElapsedTimerStart
                0x00815a98                bootElapsedTimerStart
 .text.bootElapsedTime
                0x00815aa8       0x1c lib/libbootloader.a(boot_delay.c.obj)
                0x00815aa8                bootElapsedTime
                0x00815aa8                osiElapsedTime
 .text.bootElapsedTimeUS
                0x00815ac4       0x14 lib/libbootloader.a(boot_delay.c.obj)
                0x00815ac4                bootElapsedTimeUS
                0x00815ac4                osiElapsedTimeUS
 .text._fdl_read.isra.1
                0x00815ad8       0x2e lib/libbootloader.a(boot_fdl.c.obj)
 .text._fdl_write_all.isra.2
                0x00815b06       0x1c lib/libbootloader.a(boot_fdl.c.obj)
 *fill*         0x00815b22        0x2 
 .text.fdlEngineCreate
                0x00815b24       0x34 lib/libbootloader.a(boot_fdl.c.obj)
                0x00815b24                fdlEngineCreate
 .text.fdlEngineGetChannel
                0x00815b58        0x4 lib/libbootloader.a(boot_fdl.c.obj)
                0x00815b58                fdlEngineGetChannel
 .text.fdlEngineGetMaxPacketLen
                0x00815b5c        0x4 lib/libbootloader.a(boot_fdl.c.obj)
                0x00815b5c                fdlEngineGetMaxPacketLen
 .text.fdlEngineSendPacket
                0x00815b60      0x114 lib/libbootloader.a(boot_fdl.c.obj)
                0x00815b60                fdlEngineSendPacket
 .text.fdlEngineSendRespNoData
                0x00815c74       0x1a lib/libbootloader.a(boot_fdl.c.obj)
                0x00815c74                fdlEngineSendRespNoData
 *fill*         0x00815c8e        0x2 
 .text.fdlEngineSendRespData
                0x00815c90       0x60 lib/libbootloader.a(boot_fdl.c.obj)
                0x00815c90                fdlEngineSendRespData
 .text.fdlEngineSetBaud
                0x00815cf0        0xa lib/libbootloader.a(boot_fdl.c.obj)
                0x00815cf0                fdlEngineSetBaud
 *fill*         0x00815cfa        0x2 
 .text.fdlEngineProcess
                0x00815cfc      0x170 lib/libbootloader.a(boot_fdl.c.obj)
                0x00815cfc                fdlEngineProcess
 .rodata.fdlEngineCreate.str1.1
                0x00815e6c       0x23 lib/libbootloader.a(boot_fdl.c.obj)
 .rodata.fdlEngineProcess.str1.1
                0x00815e8f       0x7e lib/libbootloader.a(boot_fdl.c.obj)
 .rodata.fdlEngineSendRespData.str1.1
                0x00815f0d       0x1d lib/libbootloader.a(boot_fdl.c.obj)
 *fill*         0x00815f2a        0x2 
 .text.prvFlashPolling
                0x00815f2c       0xac lib/libbootloader.a(boot_fdl_dnld.c.obj)
 .text.prvPolling
                0x00815fd8       0x8c lib/libbootloader.a(boot_fdl_dnld.c.obj)
 .text.prvFlashSkipEraseCheck
                0x00816064       0x4c lib/libbootloader.a(boot_fdl_dnld.c.obj)
 .text.prvMountModem.isra.2
                0x008160b0        0xc lib/libbootloader.a(boot_fdl_dnld.c.obj)
 .text.prvFactoryNvHack
                0x008160bc       0x70 lib/libbootloader.a(boot_fdl_dnld.c.obj)
 .text.prvMountFactory
                0x0081612c       0x20 lib/libbootloader.a(boot_fdl_dnld.c.obj)
 .text.prvFsPrepare.part.5
                0x0081614c       0x2c lib/libbootloader.a(boot_fdl_dnld.c.obj)
 .text.prvProcessPkt
                0x00816178      0xbc4 lib/libbootloader.a(boot_fdl_dnld.c.obj)
 .text.fdlDnldStart
                0x00816d3c      0x11c lib/libbootloader.a(boot_fdl_dnld.c.obj)
                0x00816d3c                fdlDnldStart
 .rodata        0x00816e58        0x8 lib/libbootloader.a(boot_fdl_dnld.c.obj)
 .rodata.__FUNCTION__.48385
                0x00816e60        0xf lib/libbootloader.a(boot_fdl_dnld.c.obj)
 .rodata.fdlDnldStart.str1.1
                0x00816e6f       0xd0 lib/libbootloader.a(boot_fdl_dnld.c.obj)
 .rodata.prvFlashSkipEraseCheck.str1.1
                0x00816f3f       0x33 lib/libbootloader.a(boot_fdl_dnld.c.obj)
 .rodata.prvMountFactory.str1.1
                0x00816f72        0x9 lib/libbootloader.a(boot_fdl_dnld.c.obj)
 .rodata.prvMountModem.isra.2.str1.1
                0x00816f7b        0x7 lib/libbootloader.a(boot_fdl_dnld.c.obj)
 .rodata.prvPolling.str1.1
                0x00816f82       0x3e lib/libbootloader.a(boot_fdl_dnld.c.obj)
 .rodata.prvProcessPkt.str1.1
                0x00816fc0      0x2ce lib/libbootloader.a(boot_fdl_dnld.c.obj)
 *fill*         0x0081728e        0x2 
 .text.bootIrqHandler
                0x00817290       0x1c lib/libbootloader.a(boot_irq.c.obj)
                0x00817290                bootIrqHandler
 .text.prvParamCount
                0x008172ac       0x30 lib/libbootloader.a(boot_log.c.obj)
 .text.prvParamBuf
                0x008172dc       0xc4 lib/libbootloader.a(boot_log.c.obj)
 .text.prvTraceIdBasic
                0x008173a0       0x74 lib/libbootloader.a(boot_log.c.obj)
                0x008173a0                prvTraceIdBasic
 .text.prvTraceIdEx
                0x00817414       0x9c lib/libbootloader.a(boot_log.c.obj)
                0x00817414                prvTraceIdEx
 .text.boot_osiTraceIdEx
                0x008174b0       0x24 lib/libbootloader.a(boot_log.c.obj)
                0x008174b0                osiTraceIdEx
                0x008174b0                boot_osiTraceIdEx
 .text.boot_osiTraceVprintf
                0x008174d4      0x2a0 lib/libbootloader.a(boot_log.c.obj)
                0x008174d4                boot_osiTraceVprintf
                0x008174d4                osiTraceVprintf
 .text.boot_osiTracePrintf
                0x00817774       0x24 lib/libbootloader.a(boot_log.c.obj)
                0x00817774                osiTracePrintf
                0x00817774                boot_osiTracePrintf
 .rodata.parbufsize.45836
                0x00817798       0x18 lib/libbootloader.a(boot_log.c.obj)
 .rodata.parcount.45835
                0x008177b0       0x18 lib/libbootloader.a(boot_log.c.obj)
 .rodata.prvParamBuf.str1.1
                0x008177c8        0x7 lib/libbootloader.a(boot_log.c.obj)
 *fill*         0x008177cf        0x1 
 .text._heap_malloc
                0x008177d0       0x38 lib/libbootloader.a(boot_mem.c.obj)
 .text._heap_calloc
                0x00817808       0x26 lib/libbootloader.a(boot_mem.c.obj)
 .text._heap_free
                0x0081782e       0x76 lib/libbootloader.a(boot_mem.c.obj)
 .text.bootHeapInit
                0x008178a4       0x48 lib/libbootloader.a(boot_mem.c.obj)
                0x008178a4                bootHeapInit
 .text.bootFree
                0x008178ec       0x38 lib/libbootloader.a(boot_mem.c.obj)
                0x008178ec                bootFree
 .text.bootHeapDefaultExtRam
                0x00817924       0x10 lib/libbootloader.a(boot_mem.c.obj)
                0x00817924                bootHeapDefaultExtRam
 .text.malloc   0x00817934       0x10 lib/libbootloader.a(boot_mem.c.obj)
                0x00817934                malloc
 .text.calloc   0x00817944       0x10 lib/libbootloader.a(boot_mem.c.obj)
                0x00817944                calloc
 .text.free     0x00817954        0x4 lib/libbootloader.a(boot_mem.c.obj)
                0x00817954                free
 .text.bootMmuEnable
                0x00817958      0x214 lib/libbootloader.a(boot_mmu.c.obj)
                0x00817958                bootMmuEnable
 .text.osiMutexCreate
                0x00817b6c        0x4 lib/libbootloader.a(boot_override.c.obj)
                0x00817b6c                osiMutexCreate
 .text.osiMutexDelete
                0x00817b70        0x2 lib/libbootloader.a(boot_override.c.obj)
                0x00817b70                osiMutexDelete
 .text.osiMutexLock
                0x00817b72        0x2 lib/libbootloader.a(boot_override.c.obj)
                0x00817b72                osiMutexLock
 .text.osiMutexUnlock
                0x00817b74        0x2 lib/libbootloader.a(boot_override.c.obj)
                0x00817b74                osiMutexUnlock
 *fill*         0x00817b76        0x2 
 .text.bootReset
                0x00817b78       0x48 lib/libbootloader.a(boot_platform_8910.c.obj)
                0x00817b78                bootReset
 .text._psmPrepare
                0x00817bc0      0x144 lib/libbootloader.a(boot_platform_8910.c.obj)
                0x00817bc0                _psmPrepare
 .text.bootPowerOff
                0x00817d04       0x34 lib/libbootloader.a(boot_platform_8910.c.obj)
                0x00817d04                bootPowerOff
 .text.bootBlueScreen
                0x00817d38        0xc lib/libbootloader.a(boot_platform_8910.c.obj)
                0x00817d38                bootBlueScreen
 .text.prvRomHashInit
                0x00817d44       0x10 lib/libbootloader.a(boot_secure.c.obj)
 .text.prvRomHashUpdate
                0x00817d54        0xc lib/libbootloader.a(boot_secure.c.obj)
 .text.prvSecureInit
                0x00817d60       0x8c lib/libbootloader.a(boot_secure.c.obj)
 .text.prvEmbeddedSigCheck
                0x00817dec      0x100 lib/libbootloader.a(boot_secure.c.obj)
 .text.bootSecureBootEnable
                0x00817eec       0x28 lib/libbootloader.a(boot_secure.c.obj)
                0x00817eec                bootSecureBootEnable
 .text.bootSecureUimageSigCheck
                0x00817f14       0x22 lib/libbootloader.a(boot_secure.c.obj)
                0x00817f14                bootSecureUimageSigCheck
 .text.bootSecureEmbeddedSigCheck
                0x00817f36       0x20 lib/libbootloader.a(boot_secure.c.obj)
                0x00817f36                bootSecureEmbeddedSigCheck
 *fill*         0x00817f56        0x2 
 .text.bootAntiCloneEncryption
                0x00817f58       0x4c lib/libbootloader.a(boot_secure.c.obj)
                0x00817f58                bootAntiCloneEncryption
 .rodata.prvEmbeddedSigCheck.str1.1
                0x00817fa4       0x10 lib/libbootloader.a(boot_secure.c.obj)
 .text.drvSpiFlashOpen
                0x00817fb4        0x4 lib/libbootloader.a(boot_sffs_port.c.obj)
                0x00817fb4                drvSpiFlashOpen
 .text.drvSpiFlashMapAddress
                0x00817fb8        0x4 lib/libbootloader.a(boot_sffs_port.c.obj)
                0x00817fb8                drvSpiFlashMapAddress
 .text.drvSpiFlashWrite
                0x00817fbc        0x4 lib/libbootloader.a(boot_sffs_port.c.obj)
                0x00817fbc                drvSpiFlashWrite
 .text.drvSpiFlashErase
                0x00817fc0        0x4 lib/libbootloader.a(boot_sffs_port.c.obj)
                0x00817fc0                drvSpiFlashErase
 .text.prvErase
                0x00817fc4       0x1e lib/libbootloader.a(boot_spi_flash.c.obj)
 *fill*         0x00817fe2        0x2 
 .text.bootSpiFlashOpen
                0x00817fe4       0x64 lib/libbootloader.a(boot_spi_flash.c.obj)
                0x00817fe4                bootSpiFlashOpen
 .text.bootSpiFlashCapacity
                0x00818048        0x6 lib/libbootloader.a(boot_spi_flash.c.obj)
                0x00818048                bootSpiFlashCapacity
 .text.bootSpiFlashMapAddress
                0x0081804e        0x6 lib/libbootloader.a(boot_spi_flash.c.obj)
                0x0081804e                bootSpiFlashMapAddress
 .text.bootSpiFlashMapAddressValid
                0x00818054       0x18 lib/libbootloader.a(boot_spi_flash.c.obj)
                0x00818054                bootSpiFlashMapAddressValid
 .text.bootSpiFlashIsDone
                0x0081806c        0x6 lib/libbootloader.a(boot_spi_flash.c.obj)
                0x0081806c                bootSpiFlashIsDone
 .text.bootSpiFlashWaitDone
                0x00818072       0x16 lib/libbootloader.a(boot_spi_flash.c.obj)
                0x00818072                bootSpiFlashWaitDone
 .text.bootSpiFlashWriteNoWait
                0x00818088       0x72 lib/libbootloader.a(boot_spi_flash.c.obj)
                0x00818088                bootSpiFlashWriteNoWait
 .text.bootSpiFlashEraseNoWait
                0x008180fa       0xd6 lib/libbootloader.a(boot_spi_flash.c.obj)
                0x008180fa                bootSpiFlashEraseNoWait
 .text.bootSpiFlashChipErase
                0x008181d0       0x36 lib/libbootloader.a(boot_spi_flash.c.obj)
                0x008181d0                bootSpiFlashChipErase
 .text.bootSpiFlashErase
                0x00818206       0x3c lib/libbootloader.a(boot_spi_flash.c.obj)
                0x00818206                bootSpiFlashErase
 .text.bootSpiFlashWrite
                0x00818242       0x46 lib/libbootloader.a(boot_spi_flash.c.obj)
                0x00818242                bootSpiFlashWrite
 .rodata.bootSpiFlashOpen.str1.1
                0x00818288       0x20 lib/libbootloader.a(boot_spi_flash.c.obj)
 .text.bootTimerISR
                0x008182a8       0x1c lib/libbootloader.a(boot_timer.c.obj)
                0x008182a8                bootTimerISR
 .text.bootTraceInit
                0x008182c4       0x18 lib/libbootloader.a(boot_trace.c.obj)
                0x008182c4                bootTraceInit
 .text.bootTraceBufPut
                0x008182dc        0xa lib/libbootloader.a(boot_trace.c.obj)
                0x008182dc                bootTraceBufPut
                0x008182dc                osiTraceBufPut
 .text.bootTraceBufPutMulti
                0x008182e6       0x22 lib/libbootloader.a(boot_trace.c.obj)
                0x008182e6                bootTraceBufPutMulti
                0x008182e6                osiTraceBufPutMulti
 .text.prvUartBaudSupported
                0x00818308       0x14 lib/libbootloader.a(boot_uart.c.obj)
 .text.prvUartAvail
                0x0081831c        0xa lib/libbootloader.a(boot_uart.c.obj)
 .text.prvUartFlush
                0x00818326        0x2 lib/libbootloader.a(boot_uart.c.obj)
 .text.prvUartConnected
                0x00818328        0x4 lib/libbootloader.a(boot_uart.c.obj)
 .text.prvUartDestroy
                0x0081832c        0x4 lib/libbootloader.a(boot_uart.c.obj)
 .text.bootUartSetBaud
                0x00818330       0x2c lib/libbootloader.a(boot_uart.c.obj)
                0x00818330                bootUartSetBaud
 .text.bootUartOpen
                0x0081835c       0x94 lib/libbootloader.a(boot_uart.c.obj)
                0x0081835c                bootUartOpen
 .text.prvUartSetBaud
                0x008183f0        0x6 lib/libbootloader.a(boot_uart.c.obj)
 .text.bootUartRead
                0x008183f6       0x24 lib/libbootloader.a(boot_uart.c.obj)
                0x008183f6                bootUartRead
 .text.prvUartFlushInput
                0x0081841a       0x18 lib/libbootloader.a(boot_uart.c.obj)
 .text.prvUartRead
                0x00818432        0x6 lib/libbootloader.a(boot_uart.c.obj)
 .text.bootUartWrite
                0x00818438       0x2e lib/libbootloader.a(boot_uart.c.obj)
                0x00818438                bootUartWrite
 .text.prvUartWrite
                0x00818466        0x6 lib/libbootloader.a(boot_uart.c.obj)
 .text.fdlOpenUart
                0x0081846c       0x7c lib/libbootloader.a(boot_uart.c.obj)
                0x0081846c                fdlOpenUart
 .text._giveBackComplete.isra.1
                0x008184e8       0x1e lib/libbootloader.a(boot_udc.c.obj)
 *fill*         0x00818506        0x2 
 .text._epXferStart
                0x00818508      0x140 lib/libbootloader.a(boot_udc.c.obj)
 .text._txFifoFlush.isra.4
                0x00818648       0x18 lib/libbootloader.a(boot_udc.c.obj)
 .text._epIsr   0x00818660      0x18c lib/libbootloader.a(boot_udc.c.obj)
 .text._initUdcCommonConfig.constprop.8
                0x008187ec       0x78 lib/libbootloader.a(boot_udc.c.obj)
 .text._setHwEpMps.isra.0.constprop.9
                0x00818864       0x2e lib/libbootloader.a(boot_udc.c.obj)
 *fill*         0x00818892        0x2 
 .text.bootUdcOpen
                0x00818894       0xa0 lib/libbootloader.a(boot_udc.c.obj)
                0x00818894                bootUdcOpen
 .text.bootUdcClose
                0x00818934        0x2 lib/libbootloader.a(boot_udc.c.obj)
                0x00818934                bootUdcClose
 .text.bootUdcConnected
                0x00818936       0x18 lib/libbootloader.a(boot_udc.c.obj)
                0x00818936                bootUdcConnected
 *fill*         0x0081894e        0x2 
 .text.bootUdcIsrPoll
                0x00818950       0xd4 lib/libbootloader.a(boot_udc.c.obj)
                0x00818950                bootUdcIsrPoll
 .text.bootUdcXferEnqueue
                0x00818a24       0xa0 lib/libbootloader.a(boot_udc.c.obj)
                0x00818a24                bootUdcXferEnqueue
 .text.bootUdcXferAlloc
                0x00818ac4       0x24 lib/libbootloader.a(boot_udc.c.obj)
                0x00818ac4                bootUdcXferAlloc
 .text.bootUdcXferFree
                0x00818ae8        0x6 lib/libbootloader.a(boot_udc.c.obj)
                0x00818ae8                bootUdcXferFree
 .text.bootUdcRomSerialInEp
                0x00818aee        0x6 lib/libbootloader.a(boot_udc.c.obj)
                0x00818aee                bootUdcRomSerialInEp
 .text.bootUdcRomSerialOutEp
                0x00818af4        0x8 lib/libbootloader.a(boot_udc.c.obj)
                0x00818af4                bootUdcRomSerialOutEp
 .rodata._epIsr.str1.1
                0x00818afc       0xb7 lib/libbootloader.a(boot_udc.c.obj)
 .rodata._epXferStart.str1.1
                0x00818bb3       0x1e lib/libbootloader.a(boot_udc.c.obj)
 .rodata.bootUdcIsrPoll.str1.1
                0x00818bd1       0x2e lib/libbootloader.a(boot_udc.c.obj)
 .rodata.bootUdcXferAlloc.str1.1
                0x00818bff       0x1c lib/libbootloader.a(boot_udc.c.obj)
 .rodata.bootUdcXferEnqueue.str1.1
                0x00818c1b       0x32 lib/libbootloader.a(boot_udc.c.obj)
 *fill*         0x00818c4d        0x1 
 .text._setBaud
                0x00818c4e        0x4 lib/libbootloader.a(boot_usb_fdl_channel.c.obj)
 .text._flush   0x00818c52        0x2 lib/libbootloader.a(boot_usb_fdl_channel.c.obj)
 .text._connected
                0x00818c54        0x6 lib/libbootloader.a(boot_usb_fdl_channel.c.obj)
 *fill*         0x00818c5a        0x2 
 .text._txComp  0x00818c5c       0x24 lib/libbootloader.a(boot_usb_fdl_channel.c.obj)
 .text._destroy
                0x00818c80       0x24 lib/libbootloader.a(boot_usb_fdl_channel.c.obj)
 .text._rxComp  0x00818ca4       0x5c lib/libbootloader.a(boot_usb_fdl_channel.c.obj)
 .text._write   0x00818d00       0xb8 lib/libbootloader.a(boot_usb_fdl_channel.c.obj)
 .text._startRx
                0x00818db8       0x54 lib/libbootloader.a(boot_usb_fdl_channel.c.obj)
 .text._poll    0x00818e0c       0x34 lib/libbootloader.a(boot_usb_fdl_channel.c.obj)
 .text._flushInput
                0x00818e40       0x14 lib/libbootloader.a(boot_usb_fdl_channel.c.obj)
 .text._read    0x00818e54       0x1c lib/libbootloader.a(boot_usb_fdl_channel.c.obj)
 .text._avail   0x00818e70       0x10 lib/libbootloader.a(boot_usb_fdl_channel.c.obj)
 .text.fdlOpenUsbSerial
                0x00818e80      0x110 lib/libbootloader.a(boot_usb_fdl_channel.c.obj)
                0x00818e80                fdlOpenUsbSerial
 .rodata._poll.str1.1
                0x00818f90       0x15 lib/libbootloader.a(boot_usb_fdl_channel.c.obj)
 .rodata._rxComp.str1.1
                0x00818fa5       0x43 lib/libbootloader.a(boot_usb_fdl_channel.c.obj)
 .rodata._startRx.str1.1
                0x00818fe8       0x16 lib/libbootloader.a(boot_usb_fdl_channel.c.obj)
 .rodata._txComp.str1.1
                0x00818ffe       0x19 lib/libbootloader.a(boot_usb_fdl_channel.c.obj)
 .rodata._write.str1.1
                0x00819017       0x39 lib/libbootloader.a(boot_usb_fdl_channel.c.obj)
 .text._getFileByFd
                0x00819050       0x34 lib/libbootloader.a(boot_vfs.c.obj)
 .text._getFileByPath
                0x00819084       0x70 lib/libbootloader.a(boot_vfs.c.obj)
 .text.quec_boot_check_path_valid
                0x008190f4       0x5c lib/libbootloader.a(boot_vfs.c.obj)
                0x008190f4                quec_boot_check_path_valid
 .text.quec_boot_jump_kernel
                0x00819150       0x38 lib/libbootloader.a(boot_vfs.c.obj)
                0x00819150                quec_boot_jump_kernel
 .text.bootVfsMount
                0x00819188       0x6c lib/libbootloader.a(boot_vfs.c.obj)
                0x00819188                bootVfsMount
 .text.bootVfsMountHandle
                0x008191f4       0x34 lib/libbootloader.a(boot_vfs.c.obj)
                0x008191f4                vfs_mount_handle
                0x008191f4                bootVfsMountHandle
 .text.bootVfsUmount
                0x00819228       0x50 lib/libbootloader.a(boot_vfs.c.obj)
                0x00819228                bootVfsUmount
                0x00819228                vfs_umount
 .text.bootVfsRemount
                0x00819278       0x38 lib/libbootloader.a(boot_vfs.c.obj)
                0x00819278                bootVfsRemount
                0x00819278                vfs_remount
 .text.bootVfsUmountAll
                0x008192b0       0x20 lib/libbootloader.a(boot_vfs.c.obj)
                0x008192b0                bootVfsUmountAll
                0x008192b0                vfs_umount_all
 .text.bootVfsOpen
                0x008192d0       0x80 lib/libbootloader.a(boot_vfs.c.obj)
                0x008192d0                vfs_open
                0x008192d0                bootVfsOpen
 .text.bootVfsRead
                0x00819350       0x36 lib/libbootloader.a(boot_vfs.c.obj)
                0x00819350                vfs_read
                0x00819350                bootVfsRead
 .text.bootVfsClose
                0x00819386       0x30 lib/libbootloader.a(boot_vfs.c.obj)
                0x00819386                vfs_close
                0x00819386                bootVfsClose
 .text.bootVfsUnlink
                0x008193b6       0x32 lib/libbootloader.a(boot_vfs.c.obj)
                0x008193b6                bootVfsUnlink
                0x008193b6                vfs_unlink
 .text.bootVfsRmDir
                0x008193e8       0x24 lib/libbootloader.a(boot_vfs.c.obj)
                0x008193e8                bootVfsRmDir
                0x008193e8                vfs_rmdir
 .text.bootVfsStatVfs
                0x0081940c       0x24 lib/libbootloader.a(boot_vfs.c.obj)
                0x0081940c                bootVfsStatVfs
                0x0081940c                vfs_statvfs
 .text.bootVfsFileRead
                0x00819430       0x2a lib/libbootloader.a(boot_vfs.c.obj)
                0x00819430                vfs_sfile_read
                0x00819430                vfs_file_read
                0x00819430                bootVfsFileRead
 .text.bootVfsFileWrite
                0x0081945a       0x2c lib/libbootloader.a(boot_vfs.c.obj)
                0x0081945a                vfs_file_write
                0x0081945a                bootVfsFileWrite
 .text.bootVfsSfileWrite
                0x00819486       0x44 lib/libbootloader.a(boot_vfs.c.obj)
                0x00819486                vfs_sfile_write
                0x00819486                bootVfsSfileWrite
 *fill*         0x008194ca        0x2 
 .text.quec_boot_fota_force_finish
                0x008194cc       0x50 lib/libbootloader.a(boot_vfs.c.obj)
                0x008194cc                quec_boot_fota_force_finish
 .text.bootVfsFstat
                0x0081951c       0x36 lib/libbootloader.a(boot_vfs.c.obj)
                0x0081951c                vfs_fstat
                0x0081951c                bootVfsFstat
 .text.bootVfsFileSize
                0x00819552       0x42 lib/libbootloader.a(boot_vfs.c.obj)
                0x00819552                vfs_file_size
                0x00819552                bootVfsFileSize
                0x00819552                vfs_sfile_size
 .text.bootVfsMkPath
                0x00819594       0x72 lib/libbootloader.a(boot_vfs.c.obj)
                0x00819594                vfs_mkpath
                0x00819594                bootVfsMkPath
 .text.bootVfsMkFilePath
                0x00819606       0x82 lib/libbootloader.a(boot_vfs.c.obj)
                0x00819606                vfs_mkfilepath
                0x00819606                bootVfsMkFilePath
 .text.bootVfsRmChildren
                0x00819688       0xd0 lib/libbootloader.a(boot_vfs.c.obj)
                0x00819688                bootVfsRmChildren
                0x00819688                vfs_rmchildren
 .text.bootSffsMount
                0x00819758       0x3e lib/libbootloader.a(boot_vfs.c.obj)
                0x00819758                bootSffsMount
                0x00819758                sffsVfsMount
 .text.bootSffsMkfs
                0x00819796        0xa lib/libbootloader.a(boot_vfs.c.obj)
                0x00819796                sffsVfsMkfs
                0x00819796                bootSffsMkfs
 .rodata.__FUNCTION__.8957
                0x008197a0       0x1c lib/libbootloader.a(boot_vfs.c.obj)
 .rodata.__FUNCTION__.9009
                0x008197bc        0xc lib/libbootloader.a(boot_vfs.c.obj)
 .rodata.bootVfsOpen.str1.1
                0x008197c8       0x10 lib/libbootloader.a(boot_vfs.c.obj)
 .rodata.bootVfsRmChildren.str1.1
                0x008197d8        0x2 lib/libbootloader.a(boot_vfs.c.obj)
 .rodata.quec_boot_check_path_valid.str1.1
                0x008197d8       0x15 lib/libbootloader.a(boot_vfs.c.obj)
 .rodata.quec_boot_fota_force_finish.str1.1
                0x008197d8       0x1d lib/libbootloader.a(boot_vfs.c.obj)
 *fill*         0x008197f5        0x1 
 .text.btConfigNvCheck
                0x008197f6       0x10 lib/libbt_nv.a(bt_nv.c.obj)
                0x008197f6                btConfigNvCheck
 .text.btConfigNvMigration
                0x00819806       0x30 lib/libbt_nv.a(bt_nv.c.obj)
                0x00819806                btConfigNvMigration
 *fill*         0x00819836        0x2 
 .text.prvPushHead
                0x00819838      0x1fc lib/libcpio_parser.a(cpio_parser.c.obj)
 .text.prvPushData
                0x00819a34       0xf4 lib/libcpio_parser.a(cpio_parser.c.obj)
 .text.cpioStreamCreate
                0x00819b28       0x2e lib/libcpio_parser.a(cpio_parser.c.obj)
                0x00819b28                cpioStreamCreate
 .text.cpioStreamDestroy
                0x00819b56       0x56 lib/libcpio_parser.a(cpio_parser.c.obj)
                0x00819b56                cpioStreamDestroy
 .text.cpioStreamPushData
                0x00819bac       0x38 lib/libcpio_parser.a(cpio_parser.c.obj)
                0x00819bac                cpioStreamPushData
 .text.cpioStreamPopFile
                0x00819be4       0x38 lib/libcpio_parser.a(cpio_parser.c.obj)
                0x00819be4                cpioStreamPopFile
 .text.cpioStreamDestroyFile
                0x00819c1c       0x1c lib/libcpio_parser.a(cpio_parser.c.obj)
                0x00819c1c                cpioStreamDestroyFile
 .rodata.prvPushData.str1.1
                0x00819c38        0xb lib/libcpio_parser.a(cpio_parser.c.obj)
 .rodata.prvPushHead.str1.1
                0x00819c43       0x3a lib/libcpio_parser.a(cpio_parser.c.obj)
 *fill*         0x00819c7d        0x3 
 .text          0x00819c80      0x160 lib/libfs_partinfo.a(partinfo.bin.S.obj)
                0x00819c80                gPartInfo
 .text.quec_fs_part_info_init
                0x00819de0       0x10 lib/libfs_partinfo.a(ql_fs_part_info.c.obj)
                0x00819de0                quec_fs_part_info_init
 .text.prvFlagIgnored
                0x00819df0       0x20 lib/libfsmount.a(fs_mount.c.obj)
 .text.prvRegisterBlockDevice
                0x00819e10       0x44 lib/libfsmount.a(fs_mount.c.obj)
 .text.fsFindBlockDeviceByName
                0x00819e54       0x18 lib/libfsmount.a(fs_mount.c.obj)
                0x00819e54                fsFindBlockDeviceByName
 .text.prvCreateSubpart
                0x00819e6c       0x64 lib/libfsmount.a(fs_mount.c.obj)
 .text.prvDescSize
                0x00819ed0       0x38 lib/libfsmount.a(fs_mount.c.obj)
                0x00819ed0                prvDescSize
 .text.prvFindSffsDescByMount
                0x00819f08       0x4c lib/libfsmount.a(fs_mount.c.obj)
 .text.prvFindFbdevDescByName
                0x00819f54       0x3c lib/libfsmount.a(fs_mount.c.obj)
 .text.prvFindSffsDescByDeviceName
                0x00819f90       0x3c lib/libfsmount.a(fs_mount.c.obj)
 .text.prvMountSffs
                0x00819fcc       0xb4 lib/libfsmount.a(fs_mount.c.obj)
                0x00819fcc                prvMountSffs
 .text.prvCreateFbdev2
                0x0081a080       0xc0 lib/libfsmount.a(fs_mount.c.obj)
                0x0081a080                prvCreateFbdev2
 .text.fsMountFormat
                0x0081a140       0x44 lib/libfsmount.a(fs_mount.c.obj)
                0x0081a140                fsMountFormat
 .text.fsMountFsPath
                0x0081a184       0x58 lib/libfsmount.a(fs_mount.c.obj)
                0x0081a184                fsMountFsPath
 .text.fsMountFormatFlash
                0x0081a1dc      0x14c lib/libfsmount.a(fs_mount.c.obj)
                0x0081a1dc                fsMountFormatFlash
 .text.fsMountSetScenario
                0x0081a328       0x14 lib/libfsmount.a(fs_mount.c.obj)
                0x0081a328                fsMountSetScenario
 .text.fsMountWithFormatAll
                0x0081a33c      0x144 lib/libfsmount.a(fs_mount.c.obj)
                0x0081a33c                fsMountWithFormatAll
 .text.fsUmountAll
                0x0081a480       0x24 lib/libfsmount.a(fs_mount.c.obj)
                0x0081a480                fsUmountAll
 .text.fsRemountFactory
                0x0081a4a4       0x30 lib/libfsmount.a(fs_mount.c.obj)
                0x0081a4a4                fsRemountFactory
 .rodata.fsRemountFactory.str1.1
                0x0081a4d4        0x9 lib/libfsmount.a(fs_mount.c.obj)
 .rodata.prvCreateFbdev2.str1.1
                0x0081a4d4       0x1d lib/libfsmount.a(fs_mount.c.obj)
 .rodata.str1.1
                0x0081a4f1       0x1f lib/libfupdate_core.a(fupdate_common.c.obj)
                                 0x30 (size before relaxing)
 .text.halCalcDivider20
                0x0081a510       0x88 lib/libhal.a(hal_chip.c.obj)
                0x0081a510                halCalcDivider20
 .text.osiDCacheClean
                0x0081a598       0x1c lib/libhal.a(hal_chip_8910.c.obj)
                0x0081a598                osiDCacheClean
 .text.osiDCacheInvalidate
                0x0081a5b4       0x18 lib/libhal.a(hal_chip_8910.c.obj)
                0x0081a5b4                osiDCacheInvalidate
 .text.osiDCacheCleanInvalidateAll
                0x0081a5cc       0xac lib/libhal.a(hal_chip_8910.c.obj)
                0x0081a5cc                osiDCacheCleanInvalidateAll
 .text.halSaveBlueScreenReg
                0x0081a678      0x210 lib/libhal.a(hal_chip_armv7a.c.obj)
                0x0081a678                halSaveBlueScreenReg
 .text.prvRamPhyPadCfg
                0x0081a888       0xb4 lib/libhal.a(hal_clock_init.c.obj)
 .text.prvRamDmcCfg
                0x0081a93c       0xbc lib/libhal.a(hal_clock_init.c.obj)
 .text.prvDelayUS
                0x0081a9f8       0x14 lib/libhal.a(hal_clock_init.c.obj)
 .text._dmc400QosConfig
                0x0081aa0c      0x164 lib/libhal.a(hal_clock_init.c.obj)
 .text.halPsramPllTrainAds0
                0x0081ab70       0x3c lib/libhal.a(hal_clock_init.c.obj)
 .text.halPsramPllTrainAds1
                0x0081abac       0x3c lib/libhal.a(hal_clock_init.c.obj)
 .text.halWriteDllTrain
                0x0081abe8       0x40 lib/libhal.a(hal_clock_init.c.obj)
 .text.halRamInit
                0x0081ac28       0xb8 lib/libhal.a(hal_clock_init.c.obj)
                0x0081ac28                halRamInit
 .text.halClockInit
                0x0081ace0      0x23c lib/libhal.a(hal_clock_init.c.obj)
                0x0081ace0                halClockInit
 .rodata        0x0081af1c        0x8 lib/libhal.a(hal_clock_init.c.obj)
 .text.prvEfuseSetDouble
                0x0081af24       0x10 lib/libhal.a(hal_efuse_8910.c.obj)
 .text.halEfuseOpen
                0x0081af34       0x60 lib/libhal.a(hal_efuse_8910.c.obj)
                0x0081af34                halEfuseOpen
 .text.halEfuseClose
                0x0081af94       0x48 lib/libhal.a(hal_efuse_8910.c.obj)
                0x0081af94                halEfuseClose
 .text.halEfuseDoubleRead
                0x0081afdc       0x3c lib/libhal.a(hal_efuse_8910.c.obj)
                0x0081afdc                halEfuseDoubleRead
 .text.halHwspinlockAcquire
                0x0081b018       0x38 lib/libhal.a(hal_hwspinlock.c.obj)
                0x0081b018                halHwspinlockAcquire
 .text.halHwspinlockRelease
                0x0081b050       0x14 lib/libhal.a(hal_hwspinlock.c.obj)
                0x0081b050                halHwspinlockRelease
 .text.halHwspinlockReleaseInCritical
                0x0081b064       0x14 lib/libhal.a(hal_hwspinlock.c.obj)
                0x0081b064                halHwspinlockReleaseInCritical
 .text.halPmuExtFlashPowerOn
                0x0081b078       0x6c lib/libhal.a(hal_pmu_8910.c.obj)
                0x0081b078                halPmuExtFlashPowerOn
 .rodata.str1.1
                0x0081b0e4       0x19 lib/libhal.a(hal_spi_flash.c.obj)
 *fill*         0x0081b0fd        0x3 
 .text.quec_spi_flash_props_init
                0x0081b100       0x20 lib/libhal_prop.a(ql_hal_spi_flash_prop.c.obj)
                0x0081b100                quec_spi_flash_props_init
 .text.quec_mipi_lcd_clk_set
                0x0081b120       0x14 lib/libhal_prop.a(ql_hal_spi_flash_prop.c.obj)
                0x0081b120                quec_mipi_lcd_clk_set
 .text.prvGetDescById
                0x0081b134       0x20 lib/libnvm.a(nvm_8910.c.obj)
 .text.nvmEncryptCalibItem.part.0
                0x0081b154       0x1a lib/libnvm.a(nvm_8910.c.obj)
 *fill*         0x0081b16e        0x2 
 .text.prvWriteNvDirect.constprop.2
                0x0081b170       0x64 lib/libnvm.a(nvm_8910.c.obj)
 .text.prvReadNvDirect.constprop.3
                0x0081b1d4       0x3c lib/libnvm.a(nvm_8910.c.obj)
 .text.prvReadItem
                0x0081b210      0x100 lib/libnvm.a(nvm_8910.c.obj)
 .text.nvmReadItem
                0x0081b310        0x6 lib/libnvm.a(nvm_8910.c.obj)
                0x0081b310                nvmReadItem
 *fill*         0x0081b316        0x2 
 .text.nvmReadCalibItemFlag
                0x0081b318       0x88 lib/libnvm.a(nvm_8910.c.obj)
 .text.nvmReadFixedItem
                0x0081b3a0        0x6 lib/libnvm.a(nvm_8910.c.obj)
                0x0081b3a0                nvmReadFixedItem
 .text.nvmWriteFixedItem
                0x0081b3a6        0x6 lib/libnvm.a(nvm_8910.c.obj)
                0x0081b3a6                nvmWriteFixedItem
 .text.nvmWriteCalibItemFlag
                0x0081b3ac       0x84 lib/libnvm.a(nvm_8910.c.obj)
 .text.prvWriteItem
                0x0081b430      0x148 lib/libnvm.a(nvm_8910.c.obj)
 .text.nvmWriteItem
                0x0081b578        0x6 lib/libnvm.a(nvm_8910.c.obj)
                0x0081b578                nvmWriteItem
 *fill*         0x0081b57e        0x2 
 .text.nvmClearRunning
                0x0081b580        0xc lib/libnvm.a(nvm_8910.c.obj)
                0x0081b580                nvmClearRunning
 .text.nvmReadPhasecheck
                0x0081b58c       0x1c lib/libnvm.a(nvm_8910.c.obj)
                0x0081b58c                nvmReadPhasecheck
 .text.nvmWritePhaseCheck
                0x0081b5a8       0x1c lib/libnvm.a(nvm_8910.c.obj)
                0x0081b5a8                nvmWritePhaseCheck
 .text.nvmClearPhaseCheck
                0x0081b5c4        0xc lib/libnvm.a(nvm_8910.c.obj)
                0x0081b5c4                nvmClearPhaseCheck
 .text.nvmReadFixedBin
                0x0081b5d0       0xc0 lib/libnvm.a(nvm_8910.c.obj)
                0x0081b5d0                nvmReadFixedBin
 .text.nvmWriteFixedBin
                0x0081b690       0x54 lib/libnvm.a(nvm_8910.c.obj)
                0x0081b690                nvmWriteFixedBin
 .rodata.gNvDesc
                0x0081b6e4      0x200 lib/libnvm.a(nvm_8910.c.obj)
 .rodata.nvmClearFactory.str1.1
                0x0081b8e4        0x9 lib/libnvm.a(nvm_8910.c.obj)
 .rodata.nvmInit.str1.1
                0x0081b8e4       0x15 lib/libnvm.a(nvm_8910.c.obj)
 .rodata.nvmReadCalibItemFlag.str1.1
                0x0081b8f9       0x13 lib/libnvm.a(nvm_8910.c.obj)
 .rodata.nvmReadFixedBin.str1.1
                0x0081b90c       0x1d lib/libnvm.a(nvm_8910.c.obj)
 .rodata.nvmReadPhasecheck.str1.1
                0x0081b929       0x18 lib/libnvm.a(nvm_8910.c.obj)
 .rodata.prvRunningNvFileName.str1.1
                0x0081b941        0x2 lib/libnvm.a(nvm_8910.c.obj)
 .rodata.prvWriteNvDirect.constprop.2.str1.1
                0x0081b941       0x12 lib/libnvm.a(nvm_8910.c.obj)
 .rodata.str1.1
                0x0081b953      0x1d5 lib/libnvm.a(nvm_8910.c.obj)
                                0x1e3 (size before relaxing)
 .text.nvmMigration
                0x0081bb28      0x120 lib/libnvm.a(nvm_migration.c.obj)
                0x0081bb28                nvmMigration
 .rodata.nvmMigration.str1.1
                0x0081bc48       0xf9 lib/libnvm.a(nvm_migration.c.obj)
                                0x102 (size before relaxing)
 *fill*         0x0081bd41        0x1 
 .text._peekInternal
                0x0081bd42       0x40 lib/libosi_lib.a(osi_fifo.c.obj)
 .text.osiFifoInit
                0x0081bd82       0x1c lib/libosi_lib.a(osi_fifo.c.obj)
                0x0081bd82                osiFifoInit
 .text.osiFifoPut
                0x0081bd9e       0x68 lib/libosi_lib.a(osi_fifo.c.obj)
                0x0081bd9e                osiFifoPut
 .text.osiFifoGet
                0x0081be06       0x38 lib/libosi_lib.a(osi_fifo.c.obj)
                0x0081be06                osiFifoGet
 .text.osiFifoReset
                0x0081be3e       0x1a lib/libosi_lib.a(osi_fifo.c.obj)
                0x0081be3e                osiFifoReset
 .text._cacheDataIsRootDir
                0x0081be58       0x1c lib/libsffs_core.a(sffs.c.obj)
 .text._cacheSetDirty
                0x0081be74       0x38 lib/libsffs_core.a(sffs.c.obj)
 .text._pathFileName
                0x0081beac       0x12 lib/libsffs_core.a(sffs.c.obj)
 .text._blockAllocFree
                0x0081bebe       0x5c lib/libsffs_core.a(sffs.c.obj)
 .text._blockIsFree.isra.12
                0x0081bf1a       0x1a lib/libsffs_core.a(sffs.c.obj)
 .text._blockSetUsed
                0x0081bf34       0x2e lib/libsffs_core.a(sffs.c.obj)
 .text._blockSetFree
                0x0081bf62       0x30 lib/libsffs_core.a(sffs.c.obj)
 .text._isNodeOpened
                0x0081bf92       0x24 lib/libsffs_core.a(sffs.c.obj)
 .text._getFileFromFd.isra.14
                0x0081bfb6        0xe lib/libsffs_core.a(sffs.c.obj)
 .text._cacheFindNotBusyByState.isra.20
                0x0081bfc4       0x14 lib/libsffs_core.a(sffs.c.obj)
 .text._cacheFlush
                0x0081bfd8       0x2a lib/libsffs_core.a(sffs.c.obj)
 .text._cacheFlushAll
                0x0081c002       0x1a lib/libsffs_core.a(sffs.c.obj)
 .text._cacheAllocForNode
                0x0081c01c       0xe0 lib/libsffs_core.a(sffs.c.obj)
 .text._cacheAllocWithData
                0x0081c0fc        0x6 lib/libsffs_core.a(sffs.c.obj)
 *fill*         0x0081c102        0x2 
 .text._fileGetDataNode
                0x0081c104       0x94 lib/libsffs_core.a(sffs.c.obj)
 .text._cacheAllocForWrite
                0x0081c198        0x6 lib/libsffs_core.a(sffs.c.obj)
 *fill*         0x0081c19e        0x2 
 .text._allocTablBlock
                0x0081c1a0       0x3c lib/libsffs_core.a(sffs.c.obj)
 .text._fileWriteAll
                0x0081c1dc      0x1ac lib/libsffs_core.a(sffs.c.obj)
 .text._dirRemoveChildNode
                0x0081c388       0x58 lib/libsffs_core.a(sffs.c.obj)
 .text._dirAddChildNodeIfNotExist
                0x0081c3e0       0x66 lib/libsffs_core.a(sffs.c.obj)
 .text.prvFileWriteAllNotExit
                0x0081c446       0x3e lib/libsffs_core.a(sffs.c.obj)
 .text.prvIsRootDirFull
                0x0081c484       0x42 lib/libsffs_core.a(sffs.c.obj)
 .text.prvIsRootDirEmpty
                0x0081c4c6       0x42 lib/libsffs_core.a(sffs.c.obj)
 .text._blockScanDir
                0x0081c508      0x214 lib/libsffs_core.a(sffs.c.obj)
 .text._findByPathInParent
                0x0081c71c       0x98 lib/libsffs_core.a(sffs.c.obj)
 .text._findByPath
                0x0081c7b4       0x4c lib/libsffs_core.a(sffs.c.obj)
 .text._findParentByPath
                0x0081c800       0x40 lib/libsffs_core.a(sffs.c.obj)
 .text._removeNode
                0x0081c840       0x3c lib/libsffs_core.a(sffs.c.obj)
 .text._removeMultiTabl
                0x0081c87c       0x70 lib/libsffs_core.a(sffs.c.obj)
 .text._fileDecreaseSize
                0x0081c8ec      0x2ec lib/libsffs_core.a(sffs.c.obj)
 .text._moveNodeRecovery
                0x0081cbd8      0x124 lib/libsffs_core.a(sffs.c.obj)
 .text._scanMoveRecovery
                0x0081ccfc       0x98 lib/libsffs_core.a(sffs.c.obj)
 .text.sffsFileBlockNeeded
                0x0081cd94       0x4c lib/libsffs_core.a(sffs.c.obj)
                0x0081cd94                sffsFileBlockNeeded
 .text.sffsMount
                0x0081cde0      0x1fc lib/libsffs_core.a(sffs.c.obj)
                0x0081cde0                sffsMount
 .text.sffsUnmount
                0x0081cfdc       0x14 lib/libsffs_core.a(sffs.c.obj)
                0x0081cfdc                sffsUnmount
 .text.sffsRemount
                0x0081cff0       0x1c lib/libsffs_core.a(sffs.c.obj)
                0x0081cff0                sffsRemount
 .text.sffsMakeFs
                0x0081d00c       0x90 lib/libsffs_core.a(sffs.c.obj)
                0x0081d00c                sffsMakeFs
 .text.sffsOpen
                0x0081d09c      0x274 lib/libsffs_core.a(sffs.c.obj)
                0x0081d09c                sffsOpen
 .text.sffsSfileWrite
                0x0081d310      0x3f8 lib/libsffs_core.a(sffs.c.obj)
                0x0081d310                sffsSfileWrite
 .text.sffsFileWrite
                0x0081d708      0x16c lib/libsffs_core.a(sffs.c.obj)
                0x0081d708                sffsFileWrite
 .text.sffsRead
                0x0081d874      0x128 lib/libsffs_core.a(sffs.c.obj)
                0x0081d874                sffsRead
 .text.sffsClose
                0x0081d99c       0x4c lib/libsffs_core.a(sffs.c.obj)
                0x0081d99c                sffsClose
 .text.sffsFstat
                0x0081d9e8       0x78 lib/libsffs_core.a(sffs.c.obj)
                0x0081d9e8                sffsFstat
 .text.sffsMkDir
                0x0081da60      0x14c lib/libsffs_core.a(sffs.c.obj)
                0x0081da60                sffsMkDir
 .text.sffsRmDir
                0x0081dbac       0xd8 lib/libsffs_core.a(sffs.c.obj)
                0x0081dbac                sffsRmDir
 .text.sffsUnlink
                0x0081dc84       0xc4 lib/libsffs_core.a(sffs.c.obj)
                0x0081dc84                sffsUnlink
 .text.sffsOpenDir
                0x0081dd48       0x7a lib/libsffs_core.a(sffs.c.obj)
                0x0081dd48                sffsOpenDir
 .text.sffsCloseDir
                0x0081ddc2       0x3a lib/libsffs_core.a(sffs.c.obj)
                0x0081ddc2                sffsCloseDir
 .text.sffsReadDirR
                0x0081ddfc      0x11c lib/libsffs_core.a(sffs.c.obj)
                0x0081ddfc                sffsReadDirR
 .text.sffsStatVfs
                0x0081df18       0x42 lib/libsffs_core.a(sffs.c.obj)
                0x0081df18                sffsStatVfs
 .text.sffsSetSfileReserveCount
                0x0081df5a       0x14 lib/libsffs_core.a(sffs.c.obj)
                0x0081df5a                sffsSetSfileReserveCount
 .rodata.sffsFileWrite.str1.1
                0x0081df6e       0x24 lib/libsffs_core.a(sffs.c.obj)
 *(.rokeep)
                0x0081df92                __text_end = .
                0x0081dfa0                . = ALIGN (0x20)
 *fill*         0x0081df92        0xe 

.data           0x0081dfa0      0xa00
                0x0081dfa0                __data_start = .
 SORT_BY_NAME(*)(.sramdata .sramdata.*)
 SORT_BY_NAME(*)(.data .data.* .sdata .sdata.* .data1 .gnu.linkonce.d.*)
 .data._impure_ptr
                0x0081dfa0        0x4 ../../components/newlib/armca5/libc.a(lib_a-impure.o)
                0x0081dfa0                _impure_ptr
 *fill*         0x0081dfa4        0x4 
 .data.impure_data
                0x0081dfa8      0x428 ../../components/newlib/armca5/libc.a(lib_a-impure.o)
 .data.quec_pff_sector_size
                0x0081e3d0        0x4 lib/libboot_ex_fat_rdonly.a(pff_basic.c.obj)
                0x0081e3d0                quec_pff_sector_size
 .data.quec_fota_stage
                0x0081e3d4        0x9 lib/libboot_ex_ql.a(quec_boot_fota.c.obj)
                0x0081e3d4                quec_fota_stage
 *fill*         0x0081e3dd        0x3 
 .data.quec_boot_spi6_pin_cfg_map
                0x0081e3e0       0x98 lib/libboot_ex_ql_pin.a(quec_boot_pin_map.c.obj)
                0x0081e3e0                quec_boot_spi6_pin_cfg_map
 .data.ext_flash_gpio_cfg_reg
                0x0081e478       0x18 lib/libboot_ex_spi6nor.a(quec_spi6_ext_norflash_cfg.c.obj)
 .data.gPartInfo_extflash
                0x0081e490       0x70 lib/libboot_ex_spi6nor.a(quec_spi6_ext_norflash_cfg.c.obj)
                0x0081e490                gPartInfo_extflash
 .data.ql_spi6_ext_nor_flash_clk
                0x0081e500        0x1 lib/libboot_ex_spi6nor.a(quec_spi6_ext_norflash_cfg.c.obj)
                0x0081e500                ql_spi6_ext_nor_flash_clk
 .data.quec_skip_spi6_ext_nor_flash_init
                0x0081e501        0x1 lib/libboot_ex_spi6nor.a(quec_spi6_ext_norflash_cfg.c.obj)
                0x0081e501                quec_skip_spi6_ext_nor_flash_init
 *fill*         0x0081e502        0x2 
 .data.gDrvSpiFlashCtx
                0x0081e504       0x80 lib/libbootloader.a(boot_spi_flash.c.obj)
 .data.gBootUarts
                0x0081e584       0x18 lib/libbootloader.a(boot_uart.c.obj)
 .data.gUdc20   0x0081e59c      0x210 lib/libbootloader.a(boot_udc.c.obj)
 .data.gFsScenario
                0x0081e7ac        0x1 lib/libfsmount.a(fs_mount.c.obj)
 *fill*         0x0081e7ad        0x3 
 .data.gFupdateStageFileName
                0x0081e7b0        0x4 lib/libfupdate_core.a(fupdate_common.c.obj)
                0x0081e7b0                gFupdateStageFileName
 .data.ql_SpiFlashProps
                0x0081e7b4      0x1cc lib/libhal_prop.a(ql_hal_spi_flash_prop.c.obj)
                0x0081e7b4                ql_SpiFlashProps
 .data.ql_SpiFlashPropsLen
                0x0081e980        0x4 lib/libhal_prop.a(ql_hal_spi_flash_prop.c.obj)
                0x0081e980                ql_SpiFlashPropsLen
 .data.quec_nor_ext_mount_start_addr
                0x0081e984        0x4 lib/libhal_prop.a(ql_hal_spi_flash_prop.c.obj)
                0x0081e984                quec_nor_ext_mount_start_addr
 *(.rwkeep)
 .rwkeep        0x0081e988        0x8 lib/libhal.a(hal_chip_armv7a.c.obj)
                0x0081e988                gGdbRegAddress
                0x0081e98c                gGdbCtxType
                0x0081e990                __data_end = .
                0x0081e9a0                . = ALIGN (0x20)
 *fill*         0x0081e990       0x10 

.lastflash      0x0081e9a0        0x0
                0x0081e9a0                . = ALIGN (0x20)

.bss            0x0081e9a0      0x9e0
                0x0081e9a0                __bss_start = .
 *(.srambss .srambss.*)
 *(.bss .bss.* COMMON .scommon .sbss .sbss.* .sbss2 .sbss2.* .gnu.linkonce.b.*)
 .bss.gSecureCtx
                0x0081e9a0       0x30 lib/libbootloader.a(boot_secure.c.obj)
 .bss.gDefaultHeap
                0x0081e9d0        0x4 lib/libbootloader.a(boot_mem.c.obj)
 .bss.gExtRamHeap
                0x0081e9d4        0xc lib/libbootloader.a(boot_mem.c.obj)
 .bss.gIramHeap
                0x0081e9e0        0xc lib/libbootloader.a(boot_mem.c.obj)
 .bss.gBootVfsRegList
                0x0081e9ec        0x4 lib/libbootloader.a(boot_vfs.c.obj)
 .bss.quec_boot_start_param
                0x0081e9f0        0x4 lib/libbootloader.a(boot_vfs.c.obj)
                0x0081e9f0                quec_boot_start_param
 .bss.quec_header
                0x0081e9f4        0x4 lib/libbootloader.a(boot_vfs.c.obj)
                0x0081e9f4                quec_header
 .bss.quec_spi4_ext4n_nor_mount_flag
                0x0081e9f8        0x1 lib/libbootloader.a(boot_vfs.c.obj)
                0x0081e9f8                quec_spi4_ext4n_nor_mount_flag
 *fill*         0x0081e9f9        0x3 
 .bss.gTimerCb  0x0081e9fc        0x8 lib/libbootloader.a(boot_timer.c.obj)
 .bss.gTraceEnabled
                0x0081ea04        0x1 lib/libbootloader.a(boot_log.c.obj)
                0x0081ea04                gTraceEnabled
 *fill*         0x0081ea05        0x3 
 COMMON         0x0081ea08       0x54 lib/libbootloader.a(boot_log.c.obj)
                0x0081ea08                v_tra_pubModuleControl
                0x0081ea0c                v_tra_categoryControl
                0x0081ea10                gTraceSequence
                0x0081ea14                v_tra_lteModuleControl
                0x0081ea18                sxs_IoCtx
 .bss.package_file_parser_flag
                0x0081ea5c        0x1 lib/libcpio_parser.a(cpio_parser.c.obj)
                0x0081ea5c                package_file_parser_flag
 .bss.ql_spi6_flash_type
                0x0081ea5d        0x1 lib/libhal.a(hal_pmu_8910.c.obj)
                0x0081ea5d                ql_spi6_flash_type
 .bss.quec_ext_flash_gpio_first_time_init
                0x0081ea5e        0x1 lib/libhal.a(hal_pmu_8910.c.obj)
 *fill*         0x0081ea5f        0x1 
 COMMON         0x0081ea60      0x290 lib/libhal.a(hal_chip_armv7a.c.obj)
                0x0081ea60                gBlueScreenCp15
                0x0081eb34                gBlueScreenRegs
 .bss.gSpiFlashProps
                0x0081ecf0        0x4 lib/libhal.a(hal_spi_flash.c.obj)
 .bss.gSpiFlashPropsLen
                0x0081ecf4        0x4 lib/libhal.a(hal_spi_flash.c.obj)
 .bss.gCrc32TableInited
                0x0081ecf8        0x1 lib/libboot_calclib_crc.a(crc32.c.obj)
 .bss.gCrc8Table
                0x0081ecf9      0x100 lib/libboot_calclib_crc.a(crc32.c.obj)
 .bss.gCrc8TableInited
                0x0081edf9        0x1 lib/libboot_calclib_crc.a(crc32.c.obj)
 *fill*         0x0081edfa        0x2 
 .bss.vds_crc32_table
                0x0081edfc      0x400 lib/libboot_calclib_crc.a(crc32.c.obj)
                0x0081edfc                vds_crc32_table
 .bss.gBdevList
                0x0081f1fc        0x4 lib/libfsmount.a(fs_mount.c.obj)
                0x0081f1fc                gBdevList
 .bss.gPartInfo_ptr
                0x0081f200        0x4 lib/libfsmount.a(fs_mount.c.obj)
                0x0081f200                gPartInfo_ptr
 .bss.Calib_Changed_flag
                0x0081f204        0x1 lib/libnvm.a(nvm_8910.c.obj)
                0x0081f204                Calib_Changed_flag
 .bss.Calib_Write
                0x0081f205        0x1 lib/libnvm.a(nvm_8910.c.obj)
                0x0081f205                Calib_Write
 .bss.GSM_Calib_flag
                0x0081f206        0x1 lib/libnvm.a(nvm_8910.c.obj)
                0x0081f206                GSM_Calib_flag
 .bss.LTE_Calib_flag
                0x0081f207        0x1 lib/libnvm.a(nvm_8910.c.obj)
                0x0081f207                LTE_Calib_flag
 .bss.quec_partition_num
                0x0081f208        0x1 lib/libboot_ex_ql.a(quec_boot_fota.c.obj)
                0x0081f208                quec_partition_num
 *fill*         0x0081f209        0x3 
 .bss.bootfs    0x0081f20c       0xb0 lib/libboot_ex_fat_rdonly.a(quec_boot_vfs.c.obj)
                0x0081f20c                bootfs
 .bss.quec_boot_vfs_state
                0x0081f2bc        0x2 lib/libboot_ex_fat_rdonly.a(quec_boot_vfs.c.obj)
                0x0081f2bc                quec_boot_vfs_state
 *fill*         0x0081f2be        0x2 
 COMMON         0x0081f2c0        0x8 lib/libboot_ex_fat_rdonly.a(quec_boot_vfs.c.obj)
                0x0081f2c0                quec_boot_block_dev
 COMMON         0x0081f2c8       0xaa lib/libboot_ex_fat_rdonly.a(pff_basic.c.obj)
                0x0081f2c8                FatFs
                0x0081f2d0                LfnBuf
 *fill*         0x0081f372        0x2 
 .bss.quec_spi6_ext_nor_flash_capacity
                0x0081f374        0x4 lib/libboot_ex_spi6nor.a(quec_spi6_ext_norflash_cfg.c.obj)
                0x0081f374                quec_spi6_ext_nor_flash_capacity
 .bss.quec_spi6_ext_nor_flash_is_exist
                0x0081f378        0x1 lib/libboot_ex_spi6nor.a(quec_spi6_ext_norflash_cfg.c.obj)
                0x0081f378                quec_spi6_ext_nor_flash_is_exist
 .bss.quec_spi6_ext_norflash_mount_status
                0x0081f379        0x1 lib/libboot_ex_spi6nor.a(quec_spi6_ext_norflash_cfg.c.obj)
                0x0081f379                quec_spi6_ext_norflash_mount_status
 .bss.ql_boot_cur_spi6_port
                0x0081f37a        0x1 lib/libboot_ex_ql_pin.a(quec_boot_pin_map.c.obj)
                0x0081f37a                ql_boot_cur_spi6_port
                0x0081f37b                __bss_end = .
                0x0081f380                . = ALIGN (0x20)
 *fill*         0x0081f37b        0x5 

.sys_stack      0x0081f380     0x1800
                0x0081f380                __sys_stack_start = .
                0x00820b80                . = (. + 0x1800)
 *fill*         0x0081f380     0x1800 
                0x00820b80                __sys_stack_end = .
                0x00820b80                . = ALIGN (0x20)

.irq_stack      0x00820b80      0x800
                0x00820b80                __irq_stack_start = .
                0x00821380                . = (. + 0x800)
 *fill*         0x00820b80      0x800 
                0x00821380                __irq_stack_end = .
                0x00821380                . = ALIGN (0x20)

.blue_screen    0x00821380      0x600
                0x00821380                __blue_screen_start = .
                0x00821980                . = (. + 0x600)
 *fill*         0x00821380      0x600 
                0x00821980                __blue_screen_end = .
                0x00821980                . = ALIGN (0x20)

.sram_heap      0x00821980    0x1a280
                0x00821980                __sram_heap_start = .
                0x0083bc00                . = ((ORIGIN (sram) + LENGTH (sram)) - 0x4400)
 *fill*         0x00821980    0x1a280 
                0x0083bc00                __sram_heap_end = .
                0x0083bc00                . = ALIGN (0x20)

.mmu_ttbl2      0x0083bc00      0x400
                0x0083bc00                __mmu_ttbl2_start = .
                0x0083c000                . = (. + 0x400)
 *fill*         0x0083bc00      0x400 
                0x0083c000                __mmu_ttbl2_end = .
                0x0083c000                . = ALIGN (0x20)

.mmu_ttbl1      0x0083c000     0x4000
                0x0083c000                __mmu_ttbl1_start = .
                0x00840000                . = (. + 0x4000)
 *fill*         0x0083c000     0x4000 
                0x00840000                __mmu_ttbl1_end = .
                0x00840000                . = ALIGN (0x20)
                0x00000001                ASSERT (((__mmu_ttbl1_start % 0x4000) == 0x0), TTB L1 is not aligned)
                0x00810040                __flash_start = LOADADDR (.text)
                0x0081e9a0                __flash_end = ADDR (.lastflash)

.comment        0x00000000       0xf7
 *(.comment)
 .comment       0x00000000       0x7e components/bootloader/CMakeFiles/fdl2.dir/fdl2/fdl2_main.c.obj
                                 0x7f (size before relaxing)
 .comment       0x0000007e       0x7f lib/libbootloader.a(boot_platform_8910.c.obj)
 .comment       0x0000007e       0x7f lib/libbootloader.a(boot_secure.c.obj)
 .comment       0x0000007e       0x7f lib/libbootloader.a(boot_sffs_port.c.obj)
 .comment       0x0000007e       0x7f lib/libbootloader.a(boot_delay.c.obj)
 .comment       0x0000007e       0x7f lib/libbootloader.a(boot_mem.c.obj)
 .comment       0x0000007e       0x7f lib/libbootloader.a(boot_spi_flash.c.obj)
 .comment       0x0000007e       0x7f lib/libbootloader.a(boot_debuguart.c.obj)
 .comment       0x0000007e       0x7f lib/libbootloader.a(boot_trace.c.obj)
 .comment       0x0000007e       0x7f lib/libbootloader.a(boot_fdl.c.obj)
 .comment       0x0000007e       0x7f lib/libbootloader.a(boot_fdl_dnld.c.obj)
 .comment       0x0000007e       0x7f lib/libbootloader.a(boot_aes.c.obj)
 .comment       0x0000007e       0x7f lib/libbootloader.a(boot_vfs.c.obj)
 .comment       0x0000007e       0x7f lib/libbootloader.a(boot_irq.c.obj)
 .comment       0x0000007e       0x7f lib/libbootloader.a(boot_timer.c.obj)
 .comment       0x0000007e       0x7f lib/libbootloader.a(boot_uart.c.obj)
 .comment       0x0000007e       0x7f lib/libbootloader.a(boot_mmu.c.obj)
 .comment       0x0000007e       0x7f lib/libbootloader.a(boot_udc.c.obj)
 .comment       0x0000007e       0x7f lib/libbootloader.a(boot_usb_fdl_channel.c.obj)
 .comment       0x0000007e       0x7f lib/libbootloader.a(boot_override.c.obj)
 .comment       0x0000007e       0x7f lib/libbootloader.a(boot_adi_bus.c.obj)
 .comment       0x0000007e       0x7f lib/libbootloader.a(boot_log.c.obj)
 .comment       0x0000007e       0x7f lib/libcpio_parser.a(cpio_parser.c.obj)
 .comment       0x0000007e       0x7f lib/libhal.a(hal_clock_init.c.obj)
 .comment       0x0000007e       0x7f lib/libhal.a(hal_chip_8910.c.obj)
 .comment       0x0000007e       0x7f lib/libhal.a(hal_pmu_8910.c.obj)
 .comment       0x0000007e       0x7f lib/libhal.a(hal_efuse_8910.c.obj)
 .comment       0x0000007e       0x7f lib/libhal.a(hal_delay.c.obj)
 .comment       0x0000007e       0x7f lib/libhal.a(hal_reg_apply.c.obj)
 .comment       0x0000007e       0x7f lib/libhal.a(hal_chip.c.obj)
 .comment       0x0000007e       0x7f lib/libhal.a(hal_chip_armv7a.c.obj)
 .comment       0x0000007e       0x7f lib/libhal.a(hal_hwspinlock.c.obj)
 .comment       0x0000007e       0x7f lib/libhal.a(hal_spi_flash.c.obj)
 .comment       0x0000007e       0x7f lib/libboot_calclib_crc.a(crc32.c.obj)
 .comment       0x0000007e       0x7f lib/libsffs_core.a(sffs.c.obj)
 .comment       0x0000007e       0x7f lib/libfsmount.a(fs_mount.c.obj)
 .comment       0x0000007e       0x7f lib/libbdev.a(block_device.c.obj)
 .comment       0x0000007e       0x7f lib/libbdev.a(partition_block_device.c.obj)
 .comment       0x0000007e       0x7f lib/libbdev_core.a(flash_block_device_v2.c.obj)
 .comment       0x0000007e       0x7f lib/libosi_lib.a(osi_fifo.c.obj)
 .comment       0x0000007e       0x7f lib/libnvm.a(nvm_8910.c.obj)
 .comment       0x0000007e       0x7f lib/libnvm.a(nvm_migration.c.obj)
 .comment       0x0000007e       0x7f lib/libbt_nv.a(bt_nv.c.obj)
 .comment       0x0000007e       0x79 ../../components/newlib/armca5/libc.a(lib_a-impure.o)
                                 0x7a (size before relaxing)
 .comment       0x000000f7       0x7a ../../components/newlib/armca5/libc.a(lib_a-memcmp.o)
 .comment       0x000000f7       0x7a ../../components/newlib/armca5/libc.a(lib_a-memcpy-stub.o)
 .comment       0x000000f7       0x7a ../../components/newlib/armca5/libc.a(lib_a-memset.o)
 .comment       0x000000f7       0x7a ../../components/newlib/armca5/libc.a(lib_a-strcat.o)
 .comment       0x000000f7       0x7a ../../components/newlib/armca5/libc.a(lib_a-strchr.o)
 .comment       0x000000f7       0x7a ../../components/newlib/armca5/libc.a(lib_a-strcpy.o)
 .comment       0x000000f7       0x7a ../../components/newlib/armca5/libc.a(lib_a-strdup.o)
 .comment       0x000000f7       0x7a ../../components/newlib/armca5/libc.a(lib_a-strdup_r.o)
 .comment       0x000000f7       0x7a ../../components/newlib/armca5/libc.a(lib_a-strncmp.o)
 .comment       0x000000f7       0x7a ../../components/newlib/armca5/libc.a(lib_a-strrchr.o)
 .comment       0x000000f7       0x7a ../../components/newlib/armca5/libc.a(lib_a-getreent.o)
 .comment       0x000000f7       0x7f lib/libfupdate_core.a(fupdate_common.c.obj)
 .comment       0x000000f7       0x7f lib/libboot_ex_ql.a(quec_boot_fota.c.obj)
 .comment       0x000000f7       0x7f lib/libboot_ex_fat_rdonly.a(quec_boot_pff_rdonly.c.obj)
 .comment       0x000000f7       0x7f lib/libboot_ex_fat_rdonly.a(quec_boot_vfs.c.obj)
 .comment       0x000000f7       0x7f lib/libboot_ex_fat_rdonly.a(pff_rdonly.c.obj)
 .comment       0x000000f7       0x7f lib/libboot_ex_fat_rdonly.a(quec_boot_block_device.c.obj)
 .comment       0x000000f7       0x7f lib/libboot_ex_fat_rdonly.a(diskio.c.obj)
 .comment       0x000000f7       0x7f lib/libboot_ex_fat_rdonly.a(pff_basic.c.obj)
 .comment       0x000000f7       0x7f lib/libboot_ex_spi6nor.a(quec_spi6_ext_norflash_cfg.c.obj)
 .comment       0x000000f7       0x7f lib/libboot_ex_spi6nor.a(quec_boot_pin_power_domain.c.obj)
 .comment       0x000000f7       0x7f lib/libboot_ex_ql_pin.a(quec_boot_pin_map.c.obj)
 .comment       0x000000f7       0x7f lib/libhal_prop.a(ql_hal_spi_flash_prop.c.obj)
 .comment       0x000000f7       0x7f lib/libfs_partinfo.a(ql_fs_part_info.c.obj)

.ARM.attributes
                0x00000000       0x3d
 *(.ARM.attributes)
 .ARM.attributes
                0x00000000       0x3d components/bootloader/CMakeFiles/fdl2.dir/fdl2/fdl2_main.c.obj
 .ARM.attributes
                0x0000003d       0x2b components/bootloader/CMakeFiles/fdl2.dir/calibparam.bin.S.obj
 .ARM.attributes
                0x00000068       0x3d lib/libbootloader.a(boot_platform_8910.c.obj)
 .ARM.attributes
                0x000000a5       0x3d lib/libbootloader.a(boot_secure.c.obj)
 .ARM.attributes
                0x000000e2       0x2b lib/libbootloader.a(boot_entry_v7a.S.obj)
 .ARM.attributes
                0x0000010d       0x3d lib/libbootloader.a(boot_sffs_port.c.obj)
 .ARM.attributes
                0x0000014a       0x3d lib/libbootloader.a(boot_delay.c.obj)
 .ARM.attributes
                0x00000187       0x3d lib/libbootloader.a(boot_mem.c.obj)
 .ARM.attributes
                0x000001c4       0x3d lib/libbootloader.a(boot_spi_flash.c.obj)
 .ARM.attributes
                0x00000201       0x3d lib/libbootloader.a(boot_debuguart.c.obj)
 .ARM.attributes
                0x0000023e       0x3d lib/libbootloader.a(boot_trace.c.obj)
 .ARM.attributes
                0x0000027b       0x3d lib/libbootloader.a(boot_fdl.c.obj)
 .ARM.attributes
                0x000002b8       0x3d lib/libbootloader.a(boot_fdl_dnld.c.obj)
 .ARM.attributes
                0x000002f5       0x3d lib/libbootloader.a(boot_aes.c.obj)
 .ARM.attributes
                0x00000332       0x3d lib/libbootloader.a(boot_vfs.c.obj)
 .ARM.attributes
                0x0000036f       0x3d lib/libbootloader.a(boot_irq.c.obj)
 .ARM.attributes
                0x000003ac       0x3d lib/libbootloader.a(boot_timer.c.obj)
 .ARM.attributes
                0x000003e9       0x3d lib/libbootloader.a(boot_uart.c.obj)
 .ARM.attributes
                0x00000426       0x3d lib/libbootloader.a(boot_mmu.c.obj)
 .ARM.attributes
                0x00000463       0x3d lib/libbootloader.a(boot_udc.c.obj)
 .ARM.attributes
                0x000004a0       0x3d lib/libbootloader.a(boot_usb_fdl_channel.c.obj)
 .ARM.attributes
                0x000004dd       0x3d lib/libbootloader.a(boot_override.c.obj)
 .ARM.attributes
                0x0000051a       0x3d lib/libbootloader.a(boot_adi_bus.c.obj)
 .ARM.attributes
                0x00000557       0x3d lib/libbootloader.a(boot_log.c.obj)
 .ARM.attributes
                0x00000594       0x3d lib/libcpio_parser.a(cpio_parser.c.obj)
 .ARM.attributes
                0x000005d1       0x3d lib/libhal.a(hal_clock_init.c.obj)
 .ARM.attributes
                0x0000060e       0x3d lib/libhal.a(hal_chip_8910.c.obj)
 .ARM.attributes
                0x0000064b       0x3d lib/libhal.a(hal_pmu_8910.c.obj)
 .ARM.attributes
                0x00000688       0x3d lib/libhal.a(hal_efuse_8910.c.obj)
 .ARM.attributes
                0x000006c5       0x3d lib/libhal.a(hal_delay.c.obj)
 .ARM.attributes
                0x00000702       0x3d lib/libhal.a(hal_reg_apply.c.obj)
 .ARM.attributes
                0x0000073f       0x3d lib/libhal.a(hal_chip.c.obj)
 .ARM.attributes
                0x0000077c       0x3d lib/libhal.a(hal_chip_armv7a.c.obj)
 .ARM.attributes
                0x000007b9       0x3d lib/libhal.a(hal_hwspinlock.c.obj)
 .ARM.attributes
                0x000007f6       0x3d lib/libhal.a(hal_spi_flash.c.obj)
 .ARM.attributes
                0x00000833       0x3d lib/libboot_calclib_crc.a(crc32.c.obj)
 .ARM.attributes
                0x00000870       0x3d lib/libsffs_core.a(sffs.c.obj)
 .ARM.attributes
                0x000008ad       0x3d lib/libfsmount.a(fs_mount.c.obj)
 .ARM.attributes
                0x000008ea       0x3d lib/libbdev.a(block_device.c.obj)
 .ARM.attributes
                0x00000927       0x3d lib/libbdev.a(partition_block_device.c.obj)
 .ARM.attributes
                0x00000964       0x3d lib/libbdev_core.a(flash_block_device_v2.c.obj)
 .ARM.attributes
                0x000009a1       0x3d lib/libosi_lib.a(osi_fifo.c.obj)
 .ARM.attributes
                0x000009de       0x3d lib/libnvm.a(nvm_8910.c.obj)
 .ARM.attributes
                0x00000a1b       0x3d lib/libnvm.a(nvm_migration.c.obj)
 .ARM.attributes
                0x00000a58       0x3d lib/libbt_nv.a(bt_nv.c.obj)
 .ARM.attributes
                0x00000a95       0x3d ../../components/newlib/armca5/libc.a(lib_a-impure.o)
 .ARM.attributes
                0x00000ad2       0x37 ../../components/newlib/armca5/libc.a(lib_a-memcmp.o)
 .ARM.attributes
                0x00000b09       0x37 ../../components/newlib/armca5/libc.a(lib_a-memcpy-stub.o)
 .ARM.attributes
                0x00000b40       0x37 ../../components/newlib/armca5/libc.a(lib_a-memset.o)
 .ARM.attributes
                0x00000b77       0x37 ../../components/newlib/armca5/libc.a(lib_a-strcat.o)
 .ARM.attributes
                0x00000bae       0x37 ../../components/newlib/armca5/libc.a(lib_a-strchr.o)
 .ARM.attributes
                0x00000be5       0x25 ../../components/newlib/armca5/libc.a(lib_a-strcmp.o)
 .ARM.attributes
                0x00000c0a       0x37 ../../components/newlib/armca5/libc.a(lib_a-strcpy.o)
 .ARM.attributes
                0x00000c41       0x37 ../../components/newlib/armca5/libc.a(lib_a-strdup.o)
 .ARM.attributes
                0x00000c78       0x37 ../../components/newlib/armca5/libc.a(lib_a-strdup_r.o)
 .ARM.attributes
                0x00000caf       0x1d ../../components/newlib/armca5/libc.a(lib_a-strlen.o)
 .ARM.attributes
                0x00000ccc       0x37 ../../components/newlib/armca5/libc.a(lib_a-strncmp.o)
 .ARM.attributes
                0x00000d03       0x37 ../../components/newlib/armca5/libc.a(lib_a-strrchr.o)
 .ARM.attributes
                0x00000d3a       0x37 ../../components/newlib/armca5/libc.a(lib_a-getreent.o)
 .ARM.attributes